Archive member included to satisfy reference by file (symbol)

/usr/lib/gcc/arm-none-eabi/12.2.1/thumb/v6-m/nofp/libgcc.a(_dvmd_tls.o)
                              CMakeFiles/pwm_control.dir/home/andrey-shefa/pico/pico-sdk/src/rp2_common/pico_divider/divider.S.obj (__aeabi_idiv0)
/usr/lib/gcc/arm-none-eabi/12.2.1/../../../arm-none-eabi/lib/thumb/v6-m/nofp/libc.a(lib_a-atexit.o)
                              /usr/lib/gcc/arm-none-eabi/12.2.1/../../../arm-none-eabi/lib/thumb/v6-m/nofp/crt0.o (atexit)
/usr/lib/gcc/arm-none-eabi/12.2.1/../../../arm-none-eabi/lib/thumb/v6-m/nofp/libc.a(lib_a-atoi.o)
                              CMakeFiles/pwm_control.dir/home/andrey-shefa/pico/pico-sdk/lib/lwip/src/core/netif.c.obj (atoi)
/usr/lib/gcc/arm-none-eabi/12.2.1/../../../arm-none-eabi/lib/thumb/v6-m/nofp/libc.a(lib_a-calloc.o)
                              CMakeFiles/pwm_control.dir/home/andrey-shefa/pico/pico-sdk/src/rp2_common/pico_malloc/pico_malloc.c.obj (calloc)
/usr/lib/gcc/arm-none-eabi/12.2.1/../../../arm-none-eabi/lib/thumb/v6-m/nofp/libc.a(lib_a-callocr.o)
                              /usr/lib/gcc/arm-none-eabi/12.2.1/../../../arm-none-eabi/lib/thumb/v6-m/nofp/libc.a(lib_a-calloc.o) (_calloc_r)
/usr/lib/gcc/arm-none-eabi/12.2.1/../../../arm-none-eabi/lib/thumb/v6-m/nofp/libc.a(lib_a-ctype_.o)
                              CMakeFiles/pwm_control.dir/home/andrey-shefa/pico/pico-sdk/lib/lwip/src/core/dns.c.obj (_ctype_)
/usr/lib/gcc/arm-none-eabi/12.2.1/../../../arm-none-eabi/lib/thumb/v6-m/nofp/libc.a(lib_a-fini.o)
                              /usr/lib/gcc/arm-none-eabi/12.2.1/../../../arm-none-eabi/lib/thumb/v6-m/nofp/crt0.o (__libc_fini_array)
/usr/lib/gcc/arm-none-eabi/12.2.1/../../../arm-none-eabi/lib/thumb/v6-m/nofp/libc.a(lib_a-impure.o)
                              /usr/lib/gcc/arm-none-eabi/12.2.1/../../../arm-none-eabi/lib/thumb/v6-m/nofp/libc.a(lib_a-calloc.o) (_impure_ptr)
/usr/lib/gcc/arm-none-eabi/12.2.1/../../../arm-none-eabi/lib/thumb/v6-m/nofp/libc.a(lib_a-init.o)
                              /usr/lib/gcc/arm-none-eabi/12.2.1/../../../arm-none-eabi/lib/thumb/v6-m/nofp/crt0.o (__libc_init_array)
/usr/lib/gcc/arm-none-eabi/12.2.1/../../../arm-none-eabi/lib/thumb/v6-m/nofp/libc.a(lib_a-malloc.o)
                              CMakeFiles/pwm_control.dir/home/andrey-shefa/pico/pico-sdk/src/rp2_common/pico_malloc/pico_malloc.c.obj (malloc)
/usr/lib/gcc/arm-none-eabi/12.2.1/../../../arm-none-eabi/lib/thumb/v6-m/nofp/libc.a(lib_a-mallocr.o)
                              /usr/lib/gcc/arm-none-eabi/12.2.1/../../../arm-none-eabi/lib/thumb/v6-m/nofp/libc.a(lib_a-callocr.o) (_malloc_r)
/usr/lib/gcc/arm-none-eabi/12.2.1/../../../arm-none-eabi/lib/thumb/v6-m/nofp/libc.a(lib_a-memcmp.o)
                              CMakeFiles/pwm_control.dir/home/andrey-shefa/pico/pico-sdk/lib/cyw43-driver/src/cyw43_ll.c.obj (memcmp)
/usr/lib/gcc/arm-none-eabi/12.2.1/../../../arm-none-eabi/lib/thumb/v6-m/nofp/libc.a(lib_a-memmove.o)
                              CMakeFiles/pwm_control.dir/home/andrey-shefa/pico/pico-sdk/lib/cyw43-driver/src/cyw43_ll.c.obj (memmove)
/usr/lib/gcc/arm-none-eabi/12.2.1/../../../arm-none-eabi/lib/thumb/v6-m/nofp/libc.a(lib_a-mlock.o)
                              /usr/lib/gcc/arm-none-eabi/12.2.1/../../../arm-none-eabi/lib/thumb/v6-m/nofp/libc.a(lib_a-mallocr.o) (__malloc_lock)
/usr/lib/gcc/arm-none-eabi/12.2.1/../../../arm-none-eabi/lib/thumb/v6-m/nofp/libc.a(lib_a-realloc.o)
                              CMakeFiles/pwm_control.dir/home/andrey-shefa/pico/pico-sdk/src/rp2_common/pico_malloc/pico_malloc.c.obj (realloc)
/usr/lib/gcc/arm-none-eabi/12.2.1/../../../arm-none-eabi/lib/thumb/v6-m/nofp/libc.a(lib_a-reallocr.o)
                              /usr/lib/gcc/arm-none-eabi/12.2.1/../../../arm-none-eabi/lib/thumb/v6-m/nofp/libc.a(lib_a-realloc.o) (_realloc_r)
/usr/lib/gcc/arm-none-eabi/12.2.1/../../../arm-none-eabi/lib/thumb/v6-m/nofp/libc.a(lib_a-sbrkr.o)
                              /usr/lib/gcc/arm-none-eabi/12.2.1/../../../arm-none-eabi/lib/thumb/v6-m/nofp/libc.a(lib_a-mallocr.o) (_sbrk_r)
/usr/lib/gcc/arm-none-eabi/12.2.1/../../../arm-none-eabi/lib/thumb/v6-m/nofp/libc.a(lib_a-strlen-stub.o)
                              CMakeFiles/pwm_control.dir/main.c.obj (strlen)
/usr/lib/gcc/arm-none-eabi/12.2.1/../../../arm-none-eabi/lib/thumb/v6-m/nofp/libc.a(lib_a-strncmp.o)
                              CMakeFiles/pwm_control.dir/home/andrey-shefa/pico/pico-sdk/lib/cyw43-driver/src/cyw43_ll.c.obj (strncmp)
/usr/lib/gcc/arm-none-eabi/12.2.1/../../../arm-none-eabi/lib/thumb/v6-m/nofp/libc.a(lib_a-strtol.o)
                              /usr/lib/gcc/arm-none-eabi/12.2.1/../../../arm-none-eabi/lib/thumb/v6-m/nofp/libc.a(lib_a-atoi.o) (_strtol_r)
/usr/lib/gcc/arm-none-eabi/12.2.1/../../../arm-none-eabi/lib/thumb/v6-m/nofp/libc.a(lib_a-__atexit.o)
                              /usr/lib/gcc/arm-none-eabi/12.2.1/../../../arm-none-eabi/lib/thumb/v6-m/nofp/libc.a(lib_a-atexit.o) (__register_exitproc)
[...]
Memory Configuration

Name             Origin             Length             Attributes
FLASH            0x10000000         0x00200000         xr
RAM              0x20000000         0x00040000         xrw
SCRATCH_X        0x20040000         0x00001000         xrw
SCRATCH_Y        0x20041000         0x00001000         xrw
*default*        0x00000000         0xffffffff

Linker script and memory map

LOAD /usr/lib/gcc/arm-none-eabi/12.2.1/thumb/v6-m/nofp/crti.o
LOAD /usr/lib/gcc/arm-none-eabi/12.2.1/thumb/v6-m/nofp/crtbegin.o
LOAD /usr/lib/gcc/arm-none-eabi/12.2.1/../../../arm-none-eabi/lib/thumb/v6-m/nofp/crt0.o

.flash_begin    0x10000000        0x0
                0x10000000                        __flash_binary_start = .

.boot2          0x10000000      0x100
                0x10000000                        __boot2_start__ = .
 *(.boot2)
 .boot2         0x10000000      0x100 /tmp/cchb1JU6.o
                0x10000100                        __boot2_end__ = .
                0x00000001                        ASSERT (((__boot2_end__ - __boot2_start__) == 0x100), ERROR: Pico second stage bootloader must be 256 bytes in size)

.text           0x10000100    0x171c0
                0x10000100                        __logical_binary_start = .
 *(.vectors)
 .vectors       0x10000100       0xd4 CMakeFiles/pwm_control.dir/home/andrey-shefa/pico/pico-sdk/src/rp2_common/pico_standard_link/crt0.S.obj
                0x10000100                __vectors
                0x10000100                __VECTOR_TABLE
                0x100001c0                isr_invalid
                0x100001c0                __default_isrs_start
                0x100001c2                isr_nmi
                0x100001c4                isr_hardfault
                0x100001c6                isr_svcall
                0x100001c8                isr_pendsv
                0x100001ca                isr_systick
                0x100001cc                isr_irq30
                0x100001cc                __unhandled_user_irq
                0x100001cc                isr_irq13
                0x100001cc                isr_irq27
                0x100001cc                isr_irq31
                0x100001cc                isr_irq5
                0x100001cc                isr_irq11
                0x100001cc                isr_irq23
                0x100001cc                isr_irq18
                0x100001cc                isr_irq28
                0x100001cc                isr_irq19
                0x100001cc                isr_irq0
                0x100001cc                isr_irq6
                0x100001cc                isr_irq22
                0x100001cc                isr_irq17
                0x100001cc                isr_irq14
                0x100001cc                isr_irq2
                0x100001cc                isr_irq10
                0x100001cc                isr_irq8
                0x100001cc                isr_irq24
                0x100001cc                isr_irq1
                0x100001cc                isr_irq7
                0x100001cc                isr_irq21
                0x100001cc                isr_irq20
                0x100001cc                isr_irq15
                0x100001cc                isr_irq25
                0x100001cc                isr_irq4
                0x100001cc                isr_irq16
                0x100001cc                isr_irq29
                0x100001cc                isr_irq26
                0x100001cc                __default_isrs_end
                0x100001cc                isr_irq3
                0x100001cc                isr_irq12
                0x100001cc                isr_irq9
                0x100001d2                unhandled_user_irq_num_in_r0
 *(.binary_info_header)
 .binary_info_header
                0x100001d4       0x14 CMakeFiles/pwm_control.dir/home/andrey-shefa/pico/pico-sdk/src/rp2_common/pico_standard_link/crt0.S.obj
                0x100001e8                        __binary_info_header_end = .
 *(.reset)
 .reset         0x100001e8       0xa0 CMakeFiles/pwm_control.dir/home/andrey-shefa/pico/pico-sdk/src/rp2_common/pico_standard_link/crt0.S.obj
                0x100001e8                _entry_point
 .reset         0x10000288       0x30 CMakeFiles/pwm_control.dir/home/andrey-shefa/pico/pico-sdk/src/rp2_common/pico_standard_link/binary_info.c.obj
 *(.init)
 .init          0x100002b8        0x4 /usr/lib/gcc/arm-none-eabi/12.2.1/thumb/v6-m/nofp/crti.o
                0x100002b8                _init
 *(EXCLUDE_FILE(*libm.a: *libc.a:*lib_a-mem*.o *libgcc.a:) .text*)
 .text          0x100002bc       0x98 /usr/lib/gcc/arm-none-eabi/12.2.1/thumb/v6-m/nofp/crtbegin.o
 .text.encoderCallback
                0x10000354       0x38 CMakeFiles/pwm_control.dir/main.c.obj
                0x10000354                encoderCallback
 .text.process_data
                0x1000038c       0x6c CMakeFiles/pwm_control.dir/main.c.obj
                0x1000038c                process_data
 .text.udp_receive_callback
                0x100003f8       0xa0 CMakeFiles/pwm_control.dir/main.c.obj
                0x100003f8                udp_receive_callback
 .text.driveMotor
                0x10000498      0x114 CMakeFiles/pwm_control.dir/main.c.obj
                0x10000498                driveMotor
 .text.on_pwm_wrap
                0x100005ac      0x300 CMakeFiles/pwm_control.dir/main.c.obj
                0x100005ac                on_pwm_wrap
 .text.initPins
                0x100008ac      0x110 CMakeFiles/pwm_control.dir/main.c.obj
                0x100008ac                initPins
 .text.startup.main
                0x100009bc       0xf0 CMakeFiles/pwm_control.dir/main.c.obj
                0x100009bc                main
 .text.gpio_default_irq_handler
                0x10000aac      0x204 CMakeFiles/pwm_control.dir/home/andrey-shefa/pico/pico-sdk/src/rp2_common/hardware_gpio/gpio.c.obj
 .text.gpio_set_function
                0x10000cb0       0x30 CMakeFiles/pwm_control.dir/home/andrey-shefa/pico/pico-sdk/src/rp2_common/hardware_gpio/gpio.c.obj
                0x10000cb0                gpio_set_function
 .text.gpio_set_pulls
                0x10000ce0       0x24 CMakeFiles/pwm_control.dir/home/andrey-shefa/pico/pico-sdk/src/rp2_common/hardware_gpio/gpio.c.obj
                0x10000ce0                gpio_set_pulls
 .text.gpio_set_input_hysteresis_enabled
                0x10000d04       0x28 CMakeFiles/pwm_control.dir/home/andrey-shefa/pico/pico-sdk/src/rp2_common/hardware_gpio/gpio.c.obj
                0x10000d04                gpio_set_input_hysteresis_enabled
 .text.gpio_set_irq_enabled
                0x10000d2c       0x54 CMakeFiles/pwm_control.dir/home/andrey-shefa/pico/pico-sdk/src/rp2_common/hardware_gpio/gpio.c.obj
                0x10000d2c                gpio_set_irq_enabled
 .text.gpio_set_irq_enabled_with_callback
                0x10000d80       0xc4 CMakeFiles/pwm_control.dir/home/andrey-shefa/pico/pico-sdk/src/rp2_common/hardware_gpio/gpio.c.obj
                0x10000d80                gpio_set_irq_enabled_with_callback
 .text.gpio_add_raw_irq_handler_with_order_priority_masked
                0x10000e44       0x44 CMakeFiles/pwm_control.dir/home/andrey-shefa/pico/pico-sdk/src/rp2_common/hardware_gpio/gpio.c.obj
                0x10000e44                gpio_add_raw_irq_handler_with_order_priority_masked
 .text.gpio_remove_raw_irq_handler_masked
                0x10000e88       0x20 CMakeFiles/pwm_control.dir/home/andrey-shefa/pico/pico-sdk/src/rp2_common/hardware_gpio/gpio.c.obj
                0x10000e88                gpio_remove_raw_irq_handler_masked
 .text.gpio_init
                0x10000ea8       0x3c CMakeFiles/pwm_control.dir/home/andrey-shefa/pico/pico-sdk/src/rp2_common/hardware_gpio/gpio.c.obj
                0x10000ea8                gpio_init
 .text.running_on_fpga
                0x10000ee4       0x10 CMakeFiles/pwm_control.dir/home/andrey-shefa/pico/pico-sdk/src/rp2_common/pico_platform/platform.c.obj
                0x10000ee4                running_on_fpga
 .text.hw_claim_lock
                0x10000ef4       0x18 CMakeFiles/pwm_control.dir/home/andrey-shefa/pico/pico-sdk/src/rp2_common/hardware_claim/claim.c.obj
                0x10000ef4                hw_claim_lock
 .text.hw_claim_unlock
                0x10000f0c       0x14 CMakeFiles/pwm_control.dir/home/andrey-shefa/pico/pico-sdk/src/rp2_common/hardware_claim/claim.c.obj
                0x10000f0c                hw_claim_unlock
 .text.hw_claim_or_assert
                0x10000f20       0x44 CMakeFiles/pwm_control.dir/home/andrey-shefa/pico/pico-sdk/src/rp2_common/hardware_claim/claim.c.obj
                0x10000f20                hw_claim_or_assert
 .text.hw_claim_unused_from_range
                0x10000f64       0x9c CMakeFiles/pwm_control.dir/home/andrey-shefa/pico/pico-sdk/src/rp2_common/hardware_claim/claim.c.obj
                0x10000f64                hw_claim_unused_from_range
 .text.hw_claim_clear
                0x10001000       0x38 CMakeFiles/pwm_control.dir/home/andrey-shefa/pico/pico-sdk/src/rp2_common/hardware_claim/claim.c.obj
                0x10001000                hw_claim_clear
 .text.spin_locks_reset
                0x10001038       0x1c CMakeFiles/pwm_control.dir/home/andrey-shefa/pico/pico-sdk/src/rp2_common/hardware_sync/sync.c.obj
                0x10001038                spin_locks_reset
 .text.next_striped_spin_lock_num
                0x10001054       0x18 CMakeFiles/pwm_control.dir/home/andrey-shefa/pico/pico-sdk/src/rp2_common/hardware_sync/sync.c.obj
                0x10001054                next_striped_spin_lock_num
 .text.spin_lock_claim_unused
                0x1000106c       0x24 CMakeFiles/pwm_control.dir/home/andrey-shefa/pico/pico-sdk/src/rp2_common/hardware_sync/sync.c.obj
                0x1000106c                spin_lock_claim_unused
 .text.irq_set_enabled
                0x10001090       0x24 CMakeFiles/pwm_control.dir/home/andrey-shefa/pico/pico-sdk/src/rp2_common/hardware_irq/irq.c.obj
                0x10001090                irq_set_enabled
 .text.irq_set_pending
                0x100010b4       0x10 CMakeFiles/pwm_control.dir/home/andrey-shefa/pico/pico-sdk/src/rp2_common/hardware_irq/irq.c.obj
                0x100010b4                irq_set_pending
 .text.irq_has_shared_handler
                0x100010c4       0x2c CMakeFiles/pwm_control.dir/home/andrey-shefa/pico/pico-sdk/src/rp2_common/hardware_irq/irq.c.obj
                0x100010c4                irq_has_shared_handler
 .text.irq_get_vtable_handler
                0x100010f0       0x10 CMakeFiles/pwm_control.dir/home/andrey-shefa/pico/pico-sdk/src/rp2_common/hardware_irq/irq.c.obj
                0x100010f0                irq_get_vtable_handler
 .text.irq_set_exclusive_handler
                0x10001100       0x54 CMakeFiles/pwm_control.dir/home/andrey-shefa/pico/pico-sdk/src/rp2_common/hardware_irq/irq.c.obj
                0x10001100                irq_set_exclusive_handler
 .text.irq_add_shared_handler
                0x10001154      0x1f4 CMakeFiles/pwm_control.dir/home/andrey-shefa/pico/pico-sdk/src/rp2_common/hardware_irq/irq.c.obj
                0x10001154                irq_add_shared_handler
 .text.irq_remove_handler
                0x10001348      0x1c4 CMakeFiles/pwm_control.dir/home/andrey-shefa/pico/pico-sdk/src/rp2_common/hardware_irq/irq.c.obj
                0x10001348                irq_remove_handler
 .text.irq_set_priority
                0x1000150c       0x28 CMakeFiles/pwm_control.dir/home/andrey-shefa/pico/pico-sdk/src/rp2_common/hardware_irq/irq.c.obj
                0x1000150c                irq_set_priority
 .text.irq_add_tail_to_free_list
                0x10001534       0xb4 CMakeFiles/pwm_control.dir/home/andrey-shefa/pico/pico-sdk/src/rp2_common/hardware_irq/irq.c.obj
                0x10001534                irq_add_tail_to_free_list
 .text.irq_init_priorities
                0x100015e8       0x24 CMakeFiles/pwm_control.dir/home/andrey-shefa/pico/pico-sdk/src/rp2_common/hardware_irq/irq.c.obj
                0x100015e8                irq_init_priorities
 .text.user_irq_unclaim
                0x1000160c       0x14 CMakeFiles/pwm_control.dir/home/andrey-shefa/pico/pico-sdk/src/rp2_common/hardware_irq/irq.c.obj
                0x1000160c                user_irq_unclaim
 .text.user_irq_claim_unused
                0x10001620       0x2c CMakeFiles/pwm_control.dir/home/andrey-shefa/pico/pico-sdk/src/rp2_common/hardware_irq/irq.c.obj
                0x10001620                user_irq_claim_unused
 .text.sem_init
                0x1000164c       0x20 CMakeFiles/pwm_control.dir/home/andrey-shefa/pico/pico-sdk/src/common/pico_sync/sem.c.obj
                0x1000164c                sem_init
 .text.lock_init
                0x1000166c       0x10 CMakeFiles/pwm_control.dir/home/andrey-shefa/pico/pico-sdk/src/common/pico_sync/lock_core.c.obj
                0x1000166c                lock_init
 .text.mutex_init
                0x1000167c       0x1c CMakeFiles/pwm_control.dir/home/andrey-shefa/pico/pico-sdk/src/common/pico_sync/mutex.c.obj
                0x1000167c                mutex_init
 .text.recursive_mutex_init
                0x10001698       0x1c CMakeFiles/pwm_control.dir/home/andrey-shefa/pico/pico-sdk/src/common/pico_sync/mutex.c.obj
                0x10001698                recursive_mutex_init
 .text.critical_section_init
                0x100016b4       0x1c CMakeFiles/pwm_control.dir/home/andrey-shefa/pico/pico-sdk/src/common/pico_sync/critical_section.c.obj
                0x100016b4                critical_section_init
 .text.critical_section_init_with_lock_num
                0x100016d0       0x14 CMakeFiles/pwm_control.dir/home/andrey-shefa/pico/pico-sdk/src/common/pico_sync/critical_section.c.obj
                0x100016d0                critical_section_init_with_lock_num
 .text.timer_pool_entry_comparator
                0x100016e4       0x34 CMakeFiles/pwm_control.dir/home/andrey-shefa/pico/pico-sdk/src/common/pico_time/time.c.obj
                0x100016e4                timer_pool_entry_comparator
 .text.sleep_until_callback
                0x10001718       0x30 CMakeFiles/pwm_control.dir/home/andrey-shefa/pico/pico-sdk/src/common/pico_time/time.c.obj
 .text.add_alarm_under_lock.isra.0
                0x10001748      0x100 CMakeFiles/pwm_control.dir/home/andrey-shefa/pico/pico-sdk/src/common/pico_time/time.c.obj
 .text.alarm_pool_alarm_callback
                0x10001848      0x1c0 CMakeFiles/pwm_control.dir/home/andrey-shefa/pico/pico-sdk/src/common/pico_time/time.c.obj
 .text.alarm_pool_init_default
                0x10001a08       0x6c CMakeFiles/pwm_control.dir/home/andrey-shefa/pico/pico-sdk/src/common/pico_time/time.c.obj
                0x10001a08                alarm_pool_init_default
 .text.alarm_pool_get_default
                0x10001a74        0x8 CMakeFiles/pwm_control.dir/home/andrey-shefa/pico/pico-sdk/src/common/pico_time/time.c.obj
                0x10001a74                alarm_pool_get_default
 .text.alarm_pool_create_with_unused_hardware_alarm
                0x10001a7c       0x74 CMakeFiles/pwm_control.dir/home/andrey-shefa/pico/pico-sdk/src/common/pico_time/time.c.obj
                0x10001a7c                alarm_pool_create_with_unused_hardware_alarm
 .text.alarm_pool_destroy
                0x10001af0       0x44 CMakeFiles/pwm_control.dir/home/andrey-shefa/pico/pico-sdk/src/common/pico_time/time.c.obj
                0x10001af0                alarm_pool_destroy
 .text.alarm_pool_add_alarm_at
                0x10001b34      0x188 CMakeFiles/pwm_control.dir/home/andrey-shefa/pico/pico-sdk/src/common/pico_time/time.c.obj
                0x10001b34                alarm_pool_add_alarm_at
 .text.alarm_pool_add_alarm_at_force_in_context
                0x10001cbc      0x11c CMakeFiles/pwm_control.dir/home/andrey-shefa/pico/pico-sdk/src/common/pico_time/time.c.obj
                0x10001cbc                alarm_pool_add_alarm_at_force_in_context
 .text.alarm_pool_cancel_alarm
                0x10001dd8       0x74 CMakeFiles/pwm_control.dir/home/andrey-shefa/pico/pico-sdk/src/common/pico_time/time.c.obj
                0x10001dd8                alarm_pool_cancel_alarm
 .text.alarm_pool_core_num
                0x10001e4c        0x4 CMakeFiles/pwm_control.dir/home/andrey-shefa/pico/pico-sdk/src/common/pico_time/time.c.obj
                0x10001e4c                alarm_pool_core_num
 .text.sleep_until
                0x10001e50       0xc4 CMakeFiles/pwm_control.dir/home/andrey-shefa/pico/pico-sdk/src/common/pico_time/time.c.obj
                0x10001e50                sleep_until
 .text.sleep_ms
                0x10001f14       0x38 CMakeFiles/pwm_control.dir/home/andrey-shefa/pico/pico-sdk/src/common/pico_time/time.c.obj
                0x10001f14                sleep_ms
 .text.best_effort_wfe_or_timeout
                0x10001f4c       0xec CMakeFiles/pwm_control.dir/home/andrey-shefa/pico/pico-sdk/src/common/pico_time/time.c.obj
                0x10001f4c                best_effort_wfe_or_timeout
 .text.hardware_alarm_irq_handler
                0x10002038       0xbc CMakeFiles/pwm_control.dir/home/andrey-shefa/pico/pico-sdk/src/rp2_common/hardware_timer/timer.c.obj
 .text.hardware_alarm_claim
                0x100020f4       0x18 CMakeFiles/pwm_control.dir/home/andrey-shefa/pico/pico-sdk/src/rp2_common/hardware_timer/timer.c.obj
                0x100020f4                hardware_alarm_claim
 .text.hardware_alarm_unclaim
                0x1000210c       0x14 CMakeFiles/pwm_control.dir/home/andrey-shefa/pico/pico-sdk/src/rp2_common/hardware_timer/timer.c.obj
                0x1000210c                hardware_alarm_unclaim
 .text.hardware_alarm_claim_unused
                0x10002120       0x24 CMakeFiles/pwm_control.dir/home/andrey-shefa/pico/pico-sdk/src/rp2_common/hardware_timer/timer.c.obj
                0x10002120                hardware_alarm_claim_unused
 .text.time_us_64
                0x10002144       0x14 CMakeFiles/pwm_control.dir/home/andrey-shefa/pico/pico-sdk/src/rp2_common/hardware_timer/timer.c.obj
                0x10002144                time_us_64
 .text.busy_wait_until
                0x10002158       0x20 CMakeFiles/pwm_control.dir/home/andrey-shefa/pico/pico-sdk/src/rp2_common/hardware_timer/timer.c.obj
                0x10002158                busy_wait_until
 .text.hardware_alarm_set_callback
                0x10002178       0x8c CMakeFiles/pwm_control.dir/home/andrey-shefa/pico/pico-sdk/src/rp2_common/hardware_timer/timer.c.obj
                0x10002178                hardware_alarm_set_callback
 .text.hardware_alarm_set_target
                0x10002204       0xd0 CMakeFiles/pwm_control.dir/home/andrey-shefa/pico/pico-sdk/src/rp2_common/hardware_timer/timer.c.obj
                0x10002204                hardware_alarm_set_target
 .text.hardware_alarm_cancel
                0x100022d4       0x3c CMakeFiles/pwm_control.dir/home/andrey-shefa/pico/pico-sdk/src/rp2_common/hardware_timer/timer.c.obj
                0x100022d4                hardware_alarm_cancel
 .text.hardware_alarm_force_irq
                0x10002310       0x3c CMakeFiles/pwm_control.dir/home/andrey-shefa/pico/pico-sdk/src/rp2_common/hardware_timer/timer.c.obj
                0x10002310                hardware_alarm_force_irq
 .text.ph_merge_nodes
                0x1000234c       0x64 CMakeFiles/pwm_control.dir/home/andrey-shefa/pico/pico-sdk/src/common/pico_util/pheap.c.obj
 .text.ph_create
                0x100023b0       0x60 CMakeFiles/pwm_control.dir/home/andrey-shefa/pico/pico-sdk/src/common/pico_util/pheap.c.obj
                0x100023b0                ph_create
 .text.ph_post_alloc_init
                0x10002410       0x3c CMakeFiles/pwm_control.dir/home/andrey-shefa/pico/pico-sdk/src/common/pico_util/pheap.c.obj
                0x10002410                ph_post_alloc_init
 .text.ph_destroy
                0x1000244c       0x14 CMakeFiles/pwm_control.dir/home/andrey-shefa/pico/pico-sdk/src/common/pico_util/pheap.c.obj
                0x1000244c                ph_destroy
 .text.ph_merge_two_pass
                0x10002460       0x98 CMakeFiles/pwm_control.dir/home/andrey-shefa/pico/pico-sdk/src/common/pico_util/pheap.c.obj
                0x10002460                ph_merge_two_pass
 .text.ph_remove_any_head
                0x100024f8      0x100 CMakeFiles/pwm_control.dir/home/andrey-shefa/pico/pico-sdk/src/common/pico_util/pheap.c.obj
 .text.ph_remove_head
                0x100025f8      0x104 CMakeFiles/pwm_control.dir/home/andrey-shefa/pico/pico-sdk/src/common/pico_util/pheap.c.obj
                0x100025f8                ph_remove_head
 .text.ph_remove_and_free_node
                0x100026fc       0x78 CMakeFiles/pwm_control.dir/home/andrey-shefa/pico/pico-sdk/src/common/pico_util/pheap.c.obj
                0x100026fc                ph_remove_and_free_node
 .text.clocks_init
                0x10002774      0x2c8 CMakeFiles/pwm_control.dir/home/andrey-shefa/pico/pico-sdk/src/rp2_common/hardware_clocks/clocks.c.obj
                0x10002774                clocks_init
 .text.clock_get_hz
                0x10002a3c        0xc CMakeFiles/pwm_control.dir/home/andrey-shefa/pico/pico-sdk/src/rp2_common/hardware_clocks/clocks.c.obj
                0x10002a3c                clock_get_hz
 .text.pll_init
                0x10002a48       0xa0 CMakeFiles/pwm_control.dir/home/andrey-shefa/pico/pico-sdk/src/rp2_common/hardware_pll/pll.c.obj
                0x10002a48                pll_init
 .text.watchdog_start_tick
                0x10002ae8       0x10 CMakeFiles/pwm_control.dir/home/andrey-shefa/pico/pico-sdk/src/rp2_common/hardware_watchdog/watchdog.c.obj
                0x10002ae8                watchdog_start_tick
 .text.watchdog_reboot
                0x10002af8       0x9c CMakeFiles/pwm_control.dir/home/andrey-shefa/pico/pico-sdk/src/rp2_common/hardware_watchdog/watchdog.c.obj
                0x10002af8                watchdog_reboot
 .text.xosc_init
                0x10002b94       0x28 CMakeFiles/pwm_control.dir/home/andrey-shefa/pico/pico-sdk/src/rp2_common/hardware_xosc/xosc.c.obj
                0x10002b94                xosc_init
 .text.runtime_init
                0x10002bbc       0xf0 CMakeFiles/pwm_control.dir/home/andrey-shefa/pico/pico-sdk/src/rp2_common/pico_runtime/runtime.c.obj
                0x10002bbc                runtime_init
 .text._exit    0x10002cac        0x4 CMakeFiles/pwm_control.dir/home/andrey-shefa/pico/pico-sdk/src/rp2_common/pico_runtime/runtime.c.obj
                0x10002cac                _exit
 .text._sbrk    0x10002cb0       0x34 CMakeFiles/pwm_control.dir/home/andrey-shefa/pico/pico-sdk/src/rp2_common/pico_runtime/runtime.c.obj
                0x10002cb0                _sbrk
 .text.exit     0x10002ce4        0x8 CMakeFiles/pwm_control.dir/home/andrey-shefa/pico/pico-sdk/src/rp2_common/pico_runtime/runtime.c.obj
                0x10002ce4                exit
 .text.panic    0x10002cec       0x30 CMakeFiles/pwm_control.dir/home/andrey-shefa/pico/pico-sdk/src/rp2_common/pico_runtime/runtime.c.obj
                0x10002cec                panic
 .text.hard_assertion_failure
                0x10002d1c        0xc CMakeFiles/pwm_control.dir/home/andrey-shefa/pico/pico-sdk/src/rp2_common/pico_runtime/runtime.c.obj
                0x10002d1c                hard_assertion_failure
 .text._out_null
                0x10002d28        0x4 CMakeFiles/pwm_control.dir/home/andrey-shefa/pico/pico-sdk/src/rp2_common/pico_printf/printf.c.obj
 .text._out_rev
                0x10002d2c       0x90 CMakeFiles/pwm_control.dir/home/andrey-shefa/pico/pico-sdk/src/rp2_common/pico_printf/printf.c.obj
 .text._ntoa_format
                0x10002dbc      0x1f4 CMakeFiles/pwm_control.dir/home/andrey-shefa/pico/pico-sdk/src/rp2_common/pico_printf/printf.c.obj
 .text._out_char
                0x10002fb0       0x10 CMakeFiles/pwm_control.dir/home/andrey-shefa/pico/pico-sdk/src/rp2_common/pico_printf/printf.c.obj
 .text._out_fct
                0x10002fc0       0x10 CMakeFiles/pwm_control.dir/home/andrey-shefa/pico/pico-sdk/src/rp2_common/pico_printf/printf.c.obj
 .text._etoa    0x10002fd0      0x454 CMakeFiles/pwm_control.dir/home/andrey-shefa/pico/pico-sdk/src/rp2_common/pico_printf/printf.c.obj
 .text._ftoa    0x10003424      0x3c4 CMakeFiles/pwm_control.dir/home/andrey-shefa/pico/pico-sdk/src/rp2_common/pico_printf/printf.c.obj
 .text._vsnprintf
                0x100037e8      0xb24 CMakeFiles/pwm_control.dir/home/andrey-shefa/pico/pico-sdk/src/rp2_common/pico_printf/printf.c.obj
 .text.vfctprintf
                0x1000430c       0x20 CMakeFiles/pwm_control.dir/home/andrey-shefa/pico/pico-sdk/src/rp2_common/pico_printf/printf.c.obj
                0x1000430c                vfctprintf
 .text.weak_raw_vprintf
                0x1000432c       0x30 CMakeFiles/pwm_control.dir/home/andrey-shefa/pico/pico-sdk/src/rp2_common/pico_printf/printf.c.obj
                0x1000432c                weak_raw_vprintf
 .text          0x1000435c       0x10 CMakeFiles/pwm_control.dir/home/andrey-shefa/pico/pico-sdk/src/rp2_common/pico_bit_ops/bit_ops_aeabi.S.obj
 .text.ctzsi    0x1000436c        0xc CMakeFiles/pwm_control.dir/home/andrey-shefa/pico/pico-sdk/src/rp2_common/pico_bit_ops/bit_ops_aeabi.S.obj
                0x1000436c                __wrap___ctzsi2
 .text.rom_func_lookup
                0x10004378       0x10 CMakeFiles/pwm_control.dir/home/andrey-shefa/pico/pico-sdk/src/rp2_common/pico_bootrom/bootrom.c.obj
                0x10004378                rom_func_lookup
 .text.rom_data_lookup
                0x10004388       0x10 CMakeFiles/pwm_control.dir/home/andrey-shefa/pico/pico-sdk/src/rp2_common/pico_bootrom/bootrom.c.obj
                0x10004388                rom_data_lookup
 .text.rom_funcs_lookup
                0x10004398       0x44 CMakeFiles/pwm_control.dir/home/andrey-shefa/pico/pico-sdk/src/rp2_common/pico_bootrom/bootrom.c.obj
                0x10004398                rom_funcs_lookup
 .text.__wrap___aeabi_idiv
                0x100043dc       0x50 CMakeFiles/pwm_control.dir/home/andrey-shefa/pico/pico-sdk/src/rp2_common/pico_divider/divider.S.obj
                0x100043dc                __wrap___aeabi_idivmod
                0x100043dc                divmod_s32s32
                0x100043dc                div_s32s32
                0x100043dc                __wrap___aeabi_idiv
                0x100043e4                divmod_s32s32_unsafe
                0x10004410                divmod_s32s32_savestate
 .text.__wrap___aeabi_uidiv
                0x1000442c       0x4c CMakeFiles/pwm_control.dir/home/andrey-shefa/pico/pico-sdk/src/rp2_common/pico_divider/divider.S.obj
                0x1000442c                __wrap___aeabi_uidiv
                0x1000442c                __wrap___aeabi_uidivmod
                0x1000442c                div_u32u32
                0x1000442c                divmod_u32u32
                0x10004434                divmod_u32u32_unsafe
                0x1000445c                divmod_u32u32_savestate
 .text.__wrap___aeabi_ldiv
                0x10004478      0x424 CMakeFiles/pwm_control.dir/home/andrey-shefa/pico/pico-sdk/src/rp2_common/pico_divider/divider.S.obj
                0x10004478                div_s64s64
                0x10004478                divmod_s64s64
                0x10004478                __wrap___aeabi_ldivmod
                0x100044a8                div_u64u64
                0x100044a8                divmod_u64u64
                0x100044a8                __wrap___aeabi_uldivmod
                0x100044b8                divmod_u64u64_savestate
                0x100044d8                divmod_s64s64_unsafe
                0x10004560                divmod_u64u64_unsafe
 .text.__wrap___aeabi_darithmetic
                0x1000489c       0x60 CMakeFiles/pwm_control.dir/home/andrey-shefa/pico/pico-sdk/src/rp2_common/pico_double/double_aeabi.S.obj
                0x1000489c                __wrap___aeabi_drsub
                0x100048a2                __wrap___aeabi_dsub
                0x100048ac                __wrap___aeabi_dadd
                0x100048b6                __wrap___aeabi_ddiv
                0x100048ea                __wrap___aeabi_dmul
 .text.__wrap___aeabi_cdcmple
                0x100048fc       0x6c CMakeFiles/pwm_control.dir/home/andrey-shefa/pico/pico-sdk/src/rp2_common/pico_double/double_aeabi.S.obj
                0x100048fc                __wrap___aeabi_cdrcmple
                0x1000490c                __wrap___aeabi_cdcmple
                0x1000490c                __wrap___aeabi_cdcmpeq
 .text.__wrap___aeabi_dcmplt
                0x10004968        0xc CMakeFiles/pwm_control.dir/home/andrey-shefa/pico/pico-sdk/src/rp2_common/pico_double/double_aeabi.S.obj
                0x10004968                __wrap___aeabi_dcmplt
 .text.__wrap___aeabi_dcmpge
                0x10004974       0x10 CMakeFiles/pwm_control.dir/home/andrey-shefa/pico/pico-sdk/src/rp2_common/pico_double/double_aeabi.S.obj
                0x10004974                __wrap___aeabi_dcmpge
 .text.__wrap___aeabi_dcmpgt
                0x10004984        0xa CMakeFiles/pwm_control.dir/home/andrey-shefa/pico/pico-sdk/src/rp2_common/pico_double/double_aeabi.S.obj
                0x10004984                __wrap___aeabi_dcmpgt
 .text.__wrap___aeabi_dcmpun
                0x1000498e       0x1c CMakeFiles/pwm_control.dir/home/andrey-shefa/pico/pico-sdk/src/rp2_common/pico_double/double_aeabi.S.obj
                0x1000498e                __wrap___aeabi_dcmpun
 *fill*         0x100049aa        0x2 
 .text.__wrap___aeabi_i2d
                0x100049ac       0x38 CMakeFiles/pwm_control.dir/home/andrey-shefa/pico/pico-sdk/src/rp2_common/pico_double/double_aeabi.S.obj
                0x100049ac                __wrap___aeabi_ui2d
                0x100049b4                __wrap___aeabi_i2d
 .text.__wrap___aeabi_d2iz
                0x100049e4       0x48 CMakeFiles/pwm_control.dir/home/andrey-shefa/pico/pico-sdk/src/rp2_common/pico_double/double_aeabi.S.obj
                0x100049e4                __wrap___aeabi_d2iz
                0x100049e4                double2int_z
 .text.__wrap___aeabi_d2uiz
                0x10004a2c       0x10 CMakeFiles/pwm_control.dir/home/andrey-shefa/pico/pico-sdk/src/rp2_common/pico_double/double_aeabi.S.obj
                0x10004a2c                double2uint
                0x10004a2c                __wrap___aeabi_d2uiz
 .text.missing_double_func_shim
                0x10004a3c        0xc CMakeFiles/pwm_control.dir/home/andrey-shefa/pico/pico-sdk/src/rp2_common/pico_double/double_init_rom.c.obj
 .text.__aeabi_double_init
                0x10004a48       0x94 CMakeFiles/pwm_control.dir/home/andrey-shefa/pico/pico-sdk/src/rp2_common/pico_double/double_init_rom.c.obj
                0x10004a48                __aeabi_double_init
 .text.double_table_shim_on_use_helper
                0x10004adc       0x2c CMakeFiles/pwm_control.dir/home/andrey-shefa/pico/pico-sdk/src/rp2_common/pico_double/double_v1_rom_shim.S.obj
                0x10004adc                double_table_shim_on_use_helper
 .text.__aeabi_lmul
                0x10004b08       0x32 CMakeFiles/pwm_control.dir/home/andrey-shefa/pico/pico-sdk/src/rp2_common/pico_int64_ops/pico_int64_ops_aeabi.S.obj
                0x10004b08                __wrap___aeabi_lmul
 *fill*         0x10004b3a        0x2 
 .text.missing_float_func_shim
                0x10004b3c        0xc CMakeFiles/pwm_control.dir/home/andrey-shefa/pico/pico-sdk/src/rp2_common/pico_float/float_init_rom.c.obj
 .text.__aeabi_float_init
                0x10004b48       0x5c CMakeFiles/pwm_control.dir/home/andrey-shefa/pico/pico-sdk/src/rp2_common/pico_float/float_init_rom.c.obj
                0x10004b48                __aeabi_float_init
 .text.__wrap_malloc
                0x10004ba4       0x3c CMakeFiles/pwm_control.dir/home/andrey-shefa/pico/pico-sdk/src/rp2_common/pico_malloc/pico_malloc.c.obj
                0x10004ba4                __wrap_malloc
 .text.__wrap_calloc
                0x10004be0       0x40 CMakeFiles/pwm_control.dir/home/andrey-shefa/pico/pico-sdk/src/rp2_common/pico_malloc/pico_malloc.c.obj
                0x10004be0                __wrap_calloc
 .text.__wrap_free
                0x10004c20       0x20 CMakeFiles/pwm_control.dir/home/andrey-shefa/pico/pico-sdk/src/rp2_common/pico_malloc/pico_malloc.c.obj
                0x10004c20                __wrap_free
 .text          0x10004c40       0x10 CMakeFiles/pwm_control.dir/home/andrey-shefa/pico/pico-sdk/src/rp2_common/pico_mem_ops/mem_ops_aeabi.S.obj
                0x10004c40                __aeabi_mem_init
 .text.memset   0x10004c50        0xc CMakeFiles/pwm_control.dir/home/andrey-shefa/pico/pico-sdk/src/rp2_common/pico_mem_ops/mem_ops_aeabi.S.obj
                0x10004c50                __wrap_memset
 .text.memcpy   0x10004c5c        0xc CMakeFiles/pwm_control.dir/home/andrey-shefa/pico/pico-sdk/src/rp2_common/pico_mem_ops/mem_ops_aeabi.S.obj
                0x10004c5c                __wrap___aeabi_memcpy
                0x10004c5c                __wrap_memcpy
 .text.stdio_out_chars_crlf
                0x10004c68       0xbc CMakeFiles/pwm_control.dir/home/andrey-shefa/pico/pico-sdk/src/rp2_common/pico_stdio/stdio.c.obj
 .text.stdio_buffered_printer
                0x10004d24       0x64 CMakeFiles/pwm_control.dir/home/andrey-shefa/pico/pico-sdk/src/rp2_common/pico_stdio/stdio.c.obj
 .text.__wrap_putchar
                0x10004d88       0x98 CMakeFiles/pwm_control.dir/home/andrey-shefa/pico/pico-sdk/src/rp2_common/pico_stdio/stdio.c.obj
                0x10004d88                __wrap_putchar
 .text.__wrap_puts
                0x10004e20       0xe0 CMakeFiles/pwm_control.dir/home/andrey-shefa/pico/pico-sdk/src/rp2_common/pico_stdio/stdio.c.obj
                0x10004e20                __wrap_puts
 .text.stdio_set_driver_enabled
                0x10004f00       0x30 CMakeFiles/pwm_control.dir/home/andrey-shefa/pico/pico-sdk/src/rp2_common/pico_stdio/stdio.c.obj
                0x10004f00                stdio_set_driver_enabled
 .text.__wrap_vprintf
                0x10004f30       0xd4 CMakeFiles/pwm_control.dir/home/andrey-shefa/pico/pico-sdk/src/rp2_common/pico_stdio/stdio.c.obj
                0x10004f30                __wrap_vprintf
 .text.__wrap_printf
                0x10005004       0x18 CMakeFiles/pwm_control.dir/home/andrey-shefa/pico/pico-sdk/src/rp2_common/pico_stdio/stdio.c.obj
                0x10005004                __wrap_printf
 .text.stdio_init_all
                0x1000501c        0x8 CMakeFiles/pwm_control.dir/home/andrey-shefa/pico/pico-sdk/src/rp2_common/pico_stdio/stdio.c.obj
                0x1000501c                stdio_init_all
 .text.resetd_init
                0x10005024        0x4 CMakeFiles/pwm_control.dir/home/andrey-shefa/pico/pico-sdk/src/rp2_common/pico_stdio_usb/reset_interface.c.obj
 .text.resetd_reset
                0x10005028        0xc CMakeFiles/pwm_control.dir/home/andrey-shefa/pico/pico-sdk/src/rp2_common/pico_stdio_usb/reset_interface.c.obj
 .text.resetd_open
                0x10005034       0x28 CMakeFiles/pwm_control.dir/home/andrey-shefa/pico/pico-sdk/src/rp2_common/pico_stdio_usb/reset_interface.c.obj
 .text.resetd_xfer_cb
                0x1000505c        0x4 CMakeFiles/pwm_control.dir/home/andrey-shefa/pico/pico-sdk/src/rp2_common/pico_stdio_usb/reset_interface.c.obj
 .text.resetd_control_xfer_cb
                0x10005060       0x60 CMakeFiles/pwm_control.dir/home/andrey-shefa/pico/pico-sdk/src/rp2_common/pico_stdio_usb/reset_interface.c.obj
 .text.usbd_app_driver_get_cb
                0x100050c0        0xc CMakeFiles/pwm_control.dir/home/andrey-shefa/pico/pico-sdk/src/rp2_common/pico_stdio_usb/reset_interface.c.obj
                0x100050c0                usbd_app_driver_get_cb
 .text.tud_cdc_line_coding_cb
                0x100050cc       0x34 CMakeFiles/pwm_control.dir/home/andrey-shefa/pico/pico-sdk/src/rp2_common/pico_stdio_usb/reset_interface.c.obj
                0x100050cc                tud_cdc_line_coding_cb
 .text.stdio_usb_set_chars_available_callback
                0x10005100       0x14 CMakeFiles/pwm_control.dir/home/andrey-shefa/pico/pico-sdk/src/rp2_common/pico_stdio_usb/stdio_usb.c.obj
                0x10005100                stdio_usb_set_chars_available_callback
 .text.usb_irq  0x10005114       0x10 CMakeFiles/pwm_control.dir/home/andrey-shefa/pico/pico-sdk/src/rp2_common/pico_stdio_usb/stdio_usb.c.obj
 .text.timer_task
                0x10005124       0x54 CMakeFiles/pwm_control.dir/home/andrey-shefa/pico/pico-sdk/src/rp2_common/pico_stdio_usb/stdio_usb.c.obj
 .text.stdio_usb_in_chars
                0x10005178       0x90 CMakeFiles/pwm_control.dir/home/andrey-shefa/pico/pico-sdk/src/rp2_common/pico_stdio_usb/stdio_usb.c.obj
                0x10005178                stdio_usb_in_chars
 .text.stdio_usb_out_chars
                0x10005208      0x104 CMakeFiles/pwm_control.dir/home/andrey-shefa/pico/pico-sdk/src/rp2_common/pico_stdio_usb/stdio_usb.c.obj
 .text.low_priority_worker_irq
                0x1000530c       0xa8 CMakeFiles/pwm_control.dir/home/andrey-shefa/pico/pico-sdk/src/rp2_common/pico_stdio_usb/stdio_usb.c.obj
 .text.tud_cdc_rx_cb
                0x100053b4       0x20 CMakeFiles/pwm_control.dir/home/andrey-shefa/pico/pico-sdk/src/rp2_common/pico_stdio_usb/stdio_usb.c.obj
                0x100053b4                tud_cdc_rx_cb
 .text.stdio_usb_init
                0x100053d4       0xe0 CMakeFiles/pwm_control.dir/home/andrey-shefa/pico/pico-sdk/src/rp2_common/pico_stdio_usb/stdio_usb.c.obj
                0x100053d4                stdio_usb_init
 .text.tud_descriptor_device_cb
                0x100054b4        0x8 CMakeFiles/pwm_control.dir/home/andrey-shefa/pico/pico-sdk/src/rp2_common/pico_stdio_usb/stdio_usb_descriptors.c.obj
                0x100054b4                tud_descriptor_device_cb
 .text.tud_descriptor_configuration_cb
                0x100054bc        0x8 CMakeFiles/pwm_control.dir/home/andrey-shefa/pico/pico-sdk/src/rp2_common/pico_stdio_usb/stdio_usb_descriptors.c.obj
                0x100054bc                tud_descriptor_configuration_cb
 .text.tud_descriptor_string_cb
                0x100054c4       0x78 CMakeFiles/pwm_control.dir/home/andrey-shefa/pico/pico-sdk/src/rp2_common/pico_stdio_usb/stdio_usb_descriptors.c.obj
                0x100054c4                tud_descriptor_string_cb
 .text.startup._retrieve_unique_id_on_boot
                0x1000553c       0x10 CMakeFiles/pwm_control.dir/home/andrey-shefa/pico/pico-sdk/src/rp2_common/pico_unique_id/unique_id.c.obj
 .text.pico_get_unique_board_id
                0x1000554c       0x10 CMakeFiles/pwm_control.dir/home/andrey-shefa/pico/pico-sdk/src/rp2_common/pico_unique_id/unique_id.c.obj
                0x1000554c                pico_get_unique_board_id
 .text.pico_get_unique_board_id_string
                0x1000555c      0x1a8 CMakeFiles/pwm_control.dir/home/andrey-shefa/pico/pico-sdk/src/rp2_common/pico_unique_id/unique_id.c.obj
                0x1000555c                pico_get_unique_board_id_string
 .text.flash_get_unique_id
                0x10005704       0x40 CMakeFiles/pwm_control.dir/home/andrey-shefa/pico/pico-sdk/src/rp2_common/hardware_flash/flash.c.obj
                0x10005704                flash_get_unique_id
 .text.dcd_int_enable
                0x10005744        0xc CMakeFiles/pwm_control.dir/home/andrey-shefa/pico/pico-sdk/lib/tinyusb/src/portable/raspberrypi/rp2040/dcd_rp2040.c.obj
                0x10005744                dcd_int_enable
 .text.dcd_set_address
                0x10005750       0x14 CMakeFiles/pwm_control.dir/home/andrey-shefa/pico/pico-sdk/lib/tinyusb/src/portable/raspberrypi/rp2040/dcd_rp2040.c.obj
                0x10005750                dcd_set_address
 .text.dcd_connect
                0x10005764       0x10 CMakeFiles/pwm_control.dir/home/andrey-shefa/pico/pico-sdk/lib/tinyusb/src/portable/raspberrypi/rp2040/dcd_rp2040.c.obj
                0x10005764                dcd_connect
 .text.dcd_init
                0x10005774       0x98 CMakeFiles/pwm_control.dir/home/andrey-shefa/pico/pico-sdk/lib/tinyusb/src/portable/raspberrypi/rp2040/dcd_rp2040.c.obj
                0x10005774                dcd_init
 .text.dcd_edpt0_status_complete
                0x1000580c       0x1c CMakeFiles/pwm_control.dir/home/andrey-shefa/pico/pico-sdk/lib/tinyusb/src/portable/raspberrypi/rp2040/dcd_rp2040.c.obj
                0x1000580c                dcd_edpt0_status_complete
 .text.dcd_edpt_open
                0x10005828      0x108 CMakeFiles/pwm_control.dir/home/andrey-shefa/pico/pico-sdk/lib/tinyusb/src/portable/raspberrypi/rp2040/dcd_rp2040.c.obj
                0x10005828                dcd_edpt_open
 .text.dcd_edpt_close_all
                0x10005930        0x8 CMakeFiles/pwm_control.dir/home/andrey-shefa/pico/pico-sdk/lib/tinyusb/src/portable/raspberrypi/rp2040/dcd_rp2040.c.obj
                0x10005930                dcd_edpt_close_all
 .text.dcd_edpt_xfer
                0x10005938       0x24 CMakeFiles/pwm_control.dir/home/andrey-shefa/pico/pico-sdk/lib/tinyusb/src/portable/raspberrypi/rp2040/dcd_rp2040.c.obj
                0x10005938                dcd_edpt_xfer
 .text.dcd_edpt_stall
                0x1000595c       0x38 CMakeFiles/pwm_control.dir/home/andrey-shefa/pico/pico-sdk/lib/tinyusb/src/portable/raspberrypi/rp2040/dcd_rp2040.c.obj
                0x1000595c                dcd_edpt_stall
 .text.dcd_edpt_clear_stall
                0x10005994       0x30 CMakeFiles/pwm_control.dir/home/andrey-shefa/pico/pico-sdk/lib/tinyusb/src/portable/raspberrypi/rp2040/dcd_rp2040.c.obj
                0x10005994                dcd_edpt_clear_stall
 .text.rp2040_usb_init
                0x100059c4       0x4c CMakeFiles/pwm_control.dir/home/andrey-shefa/pico/pico-sdk/lib/tinyusb/src/portable/raspberrypi/rp2040/rp2040_usb.c.obj
                0x100059c4                rp2040_usb_init
 .text.hw_endpoint_xfer_start
                0x10005a10       0x40 CMakeFiles/pwm_control.dir/home/andrey-shefa/pico/pico-sdk/lib/tinyusb/src/portable/raspberrypi/rp2040/rp2040_usb.c.obj
                0x10005a10                hw_endpoint_xfer_start
 .text.tud_mounted
                0x10005a50       0x10 CMakeFiles/pwm_control.dir/home/andrey-shefa/pico/pico-sdk/lib/tinyusb/src/device/usbd.c.obj
                0x10005a50                tud_mounted
 .text.tud_suspended
                0x10005a60       0x10 CMakeFiles/pwm_control.dir/home/andrey-shefa/pico/pico-sdk/lib/tinyusb/src/device/usbd.c.obj
                0x10005a60                tud_suspended
 .text.tud_inited
                0x10005a70       0x14 CMakeFiles/pwm_control.dir/home/andrey-shefa/pico/pico-sdk/lib/tinyusb/src/device/usbd.c.obj
                0x10005a70                tud_inited
 .text.tud_init
                0x10005a84       0xd8 CMakeFiles/pwm_control.dir/home/andrey-shefa/pico/pico-sdk/lib/tinyusb/src/device/usbd.c.obj
                0x10005a84                tud_init
 .text.tud_task_ext
                0x10005b5c      0x8a8 CMakeFiles/pwm_control.dir/home/andrey-shefa/pico/pico-sdk/lib/tinyusb/src/device/usbd.c.obj
                0x10005b5c                tud_task_ext
 .text.usbd_open_edpt_pair
                0x10006404       0x9c CMakeFiles/pwm_control.dir/home/andrey-shefa/pico/pico-sdk/lib/tinyusb/src/device/usbd.c.obj
                0x10006404                usbd_open_edpt_pair
 .text.usbd_defer_func
                0x100064a0       0x48 CMakeFiles/pwm_control.dir/home/andrey-shefa/pico/pico-sdk/lib/tinyusb/src/device/usbd.c.obj
                0x100064a0                usbd_defer_func
 .text.usbd_edpt_open
                0x100064e8       0x34 CMakeFiles/pwm_control.dir/home/andrey-shefa/pico/pico-sdk/lib/tinyusb/src/device/usbd.c.obj
                0x100064e8                usbd_edpt_open
 .text.usbd_edpt_claim
                0x1000651c       0x28 CMakeFiles/pwm_control.dir/home/andrey-shefa/pico/pico-sdk/lib/tinyusb/src/device/usbd.c.obj
                0x1000651c                usbd_edpt_claim
 .text.usbd_edpt_release
                0x10006544       0x28 CMakeFiles/pwm_control.dir/home/andrey-shefa/pico/pico-sdk/lib/tinyusb/src/device/usbd.c.obj
                0x10006544                usbd_edpt_release
 .text.usbd_edpt_xfer
                0x1000656c       0x4c CMakeFiles/pwm_control.dir/home/andrey-shefa/pico/pico-sdk/lib/tinyusb/src/device/usbd.c.obj
                0x1000656c                usbd_edpt_xfer
 .text.tud_control_status
                0x100065b8       0x2c CMakeFiles/pwm_control.dir/home/andrey-shefa/pico/pico-sdk/lib/tinyusb/src/device/usbd_control.c.obj
                0x100065b8                tud_control_status
 .text.tud_control_xfer
                0x100065e4       0xac CMakeFiles/pwm_control.dir/home/andrey-shefa/pico/pico-sdk/lib/tinyusb/src/device/usbd_control.c.obj
                0x100065e4                tud_control_xfer
 .text.usbd_control_reset
                0x10006690       0x14 CMakeFiles/pwm_control.dir/home/andrey-shefa/pico/pico-sdk/lib/tinyusb/src/device/usbd_control.c.obj
                0x10006690                usbd_control_reset
 .text.usbd_control_set_complete_callback
                0x100066a4        0xc CMakeFiles/pwm_control.dir/home/andrey-shefa/pico/pico-sdk/lib/tinyusb/src/device/usbd_control.c.obj
                0x100066a4                usbd_control_set_complete_callback
 .text.usbd_control_set_request
                0x100066b0       0x1c CMakeFiles/pwm_control.dir/home/andrey-shefa/pico/pico-sdk/lib/tinyusb/src/device/usbd_control.c.obj
                0x100066b0                usbd_control_set_request
 .text.usbd_control_xfer_cb
                0x100066cc       0xf4 CMakeFiles/pwm_control.dir/home/andrey-shefa/pico/pico-sdk/lib/tinyusb/src/device/usbd_control.c.obj
                0x100066cc                usbd_control_xfer_cb
 .text.tud_cdc_n_connected
                0x100067c0       0x30 CMakeFiles/pwm_control.dir/home/andrey-shefa/pico/pico-sdk/lib/tinyusb/src/class/cdc/cdc_device.c.obj
                0x100067c0                tud_cdc_n_connected
 .text.tud_cdc_n_available
                0x100067f0       0x18 CMakeFiles/pwm_control.dir/home/andrey-shefa/pico/pico-sdk/lib/tinyusb/src/class/cdc/cdc_device.c.obj
                0x100067f0                tud_cdc_n_available
 .text.tud_cdc_n_read
                0x10006808       0x70 CMakeFiles/pwm_control.dir/home/andrey-shefa/pico/pico-sdk/lib/tinyusb/src/class/cdc/cdc_device.c.obj
                0x10006808                tud_cdc_n_read
 .text.tud_cdc_n_write_flush
                0x10006878       0x78 CMakeFiles/pwm_control.dir/home/andrey-shefa/pico/pico-sdk/lib/tinyusb/src/class/cdc/cdc_device.c.obj
                0x10006878                tud_cdc_n_write_flush
 .text.tud_cdc_n_write
                0x100068f0       0x34 CMakeFiles/pwm_control.dir/home/andrey-shefa/pico/pico-sdk/lib/tinyusb/src/class/cdc/cdc_device.c.obj
                0x100068f0                tud_cdc_n_write
 .text.tud_cdc_n_write_available
                0x10006924       0x18 CMakeFiles/pwm_control.dir/home/andrey-shefa/pico/pico-sdk/lib/tinyusb/src/class/cdc/cdc_device.c.obj
                0x10006924                tud_cdc_n_write_available
 .text.cdcd_init
                0x1000693c       0x7c CMakeFiles/pwm_control.dir/home/andrey-shefa/pico/pico-sdk/lib/tinyusb/src/class/cdc/cdc_device.c.obj
                0x1000693c                cdcd_init
 .text.cdcd_reset
                0x100069b8       0x2c CMakeFiles/pwm_control.dir/home/andrey-shefa/pico/pico-sdk/lib/tinyusb/src/class/cdc/cdc_device.c.obj
                0x100069b8                cdcd_reset
 .text.cdcd_open
                0x100069e4       0xe4 CMakeFiles/pwm_control.dir/home/andrey-shefa/pico/pico-sdk/lib/tinyusb/src/class/cdc/cdc_device.c.obj
                0x100069e4                cdcd_open
 .text.cdcd_control_xfer_cb
                0x10006ac8       0xe4 CMakeFiles/pwm_control.dir/home/andrey-shefa/pico/pico-sdk/lib/tinyusb/src/class/cdc/cdc_device.c.obj
                0x10006ac8                cdcd_control_xfer_cb
 .text.cdcd_xfer_cb
                0x10006bac      0x13c CMakeFiles/pwm_control.dir/home/andrey-shefa/pico/pico-sdk/lib/tinyusb/src/class/cdc/cdc_device.c.obj
                0x10006bac                cdcd_xfer_cb
 .text.tusb_init
                0x10006ce8        0xc CMakeFiles/pwm_control.dir/home/andrey-shefa/pico/pico-sdk/lib/tinyusb/src/tusb.c.obj
                0x10006ce8                tusb_init
 .text.tusb_inited
                0x10006cf4        0x8 CMakeFiles/pwm_control.dir/home/andrey-shefa/pico/pico-sdk/lib/tinyusb/src/tusb.c.obj
                0x10006cf4                tusb_inited
 .text.tu_edpt_claim
                0x10006cfc       0x50 CMakeFiles/pwm_control.dir/home/andrey-shefa/pico/pico-sdk/lib/tinyusb/src/tusb.c.obj
                0x10006cfc                tu_edpt_claim
 .text.tu_edpt_release
                0x10006d4c       0x38 CMakeFiles/pwm_control.dir/home/andrey-shefa/pico/pico-sdk/lib/tinyusb/src/tusb.c.obj
                0x10006d4c                tu_edpt_release
 .text.tu_edpt_validate
                0x10006d84       0x7c CMakeFiles/pwm_control.dir/home/andrey-shefa/pico/pico-sdk/lib/tinyusb/src/tusb.c.obj
                0x10006d84                tu_edpt_validate
 .text.tu_edpt_bind_driver
                0x10006e00       0x34 CMakeFiles/pwm_control.dir/home/andrey-shefa/pico/pico-sdk/lib/tinyusb/src/tusb.c.obj
                0x10006e00                tu_edpt_bind_driver
 .text.tu_fifo_config
                0x10006e34       0x6c CMakeFiles/pwm_control.dir/home/andrey-shefa/pico/pico-sdk/lib/tinyusb/src/common/tusb_fifo.c.obj
                0x10006e34                tu_fifo_config
 .text.tu_fifo_count
                0x10006ea0       0x2c CMakeFiles/pwm_control.dir/home/andrey-shefa/pico/pico-sdk/lib/tinyusb/src/common/tusb_fifo.c.obj
                0x10006ea0                tu_fifo_count
 .text.tu_fifo_empty
                0x10006ecc       0x10 CMakeFiles/pwm_control.dir/home/andrey-shefa/pico/pico-sdk/lib/tinyusb/src/common/tusb_fifo.c.obj
                0x10006ecc                tu_fifo_empty
 .text.tu_fifo_remaining
                0x10006edc       0x2c CMakeFiles/pwm_control.dir/home/andrey-shefa/pico/pico-sdk/lib/tinyusb/src/common/tusb_fifo.c.obj
                0x10006edc                tu_fifo_remaining
 .text.tu_fifo_read
                0x10006f08       0x9c CMakeFiles/pwm_control.dir/home/andrey-shefa/pico/pico-sdk/lib/tinyusb/src/common/tusb_fifo.c.obj
                0x10006f08                tu_fifo_read
 .text.tu_fifo_read_n
                0x10006fa4       0xe8 CMakeFiles/pwm_control.dir/home/andrey-shefa/pico/pico-sdk/lib/tinyusb/src/common/tusb_fifo.c.obj
                0x10006fa4                tu_fifo_read_n
 .text.tu_fifo_write
                0x1000708c       0x88 CMakeFiles/pwm_control.dir/home/andrey-shefa/pico/pico-sdk/lib/tinyusb/src/common/tusb_fifo.c.obj
                0x1000708c                tu_fifo_write
 .text.tu_fifo_write_n
                0x10007114      0x170 CMakeFiles/pwm_control.dir/home/andrey-shefa/pico/pico-sdk/lib/tinyusb/src/common/tusb_fifo.c.obj
                0x10007114                tu_fifo_write_n
 .text.tu_fifo_clear
                0x10007284       0x40 CMakeFiles/pwm_control.dir/home/andrey-shefa/pico/pico-sdk/lib/tinyusb/src/common/tusb_fifo.c.obj
                0x10007284                tu_fifo_clear
 .text.tu_fifo_set_overwritable
                0x100072c4       0x48 CMakeFiles/pwm_control.dir/home/andrey-shefa/pico/pico-sdk/lib/tinyusb/src/common/tusb_fifo.c.obj
                0x100072c4                tu_fifo_set_overwritable
 .text.pio_sm_unclaim
                0x1000730c       0x20 CMakeFiles/pwm_control.dir/home/andrey-shefa/pico/pico-sdk/src/rp2_common/hardware_pio/pio.c.obj
                0x1000730c                pio_sm_unclaim
 .text.pio_claim_unused_sm
                0x1000732c       0x3c CMakeFiles/pwm_control.dir/home/andrey-shefa/pico/pico-sdk/src/rp2_common/hardware_pio/pio.c.obj
                0x1000732c                pio_claim_unused_sm
 .text.pio_can_add_program
                0x10007368       0x68 CMakeFiles/pwm_control.dir/home/andrey-shefa/pico/pico-sdk/src/rp2_common/hardware_pio/pio.c.obj
                0x10007368                pio_can_add_program
 .text.pio_add_program
                0x100073d0       0xf0 CMakeFiles/pwm_control.dir/home/andrey-shefa/pico/pico-sdk/src/rp2_common/hardware_pio/pio.c.obj
                0x100073d0                pio_add_program
 .text.pio_remove_program
                0x100074c0       0x34 CMakeFiles/pwm_control.dir/home/andrey-shefa/pico/pico-sdk/src/rp2_common/hardware_pio/pio.c.obj
                0x100074c0                pio_remove_program
 .text.pio_sm_set_pindirs_with_mask
                0x100074f4       0xa8 CMakeFiles/pwm_control.dir/home/andrey-shefa/pico/pico-sdk/src/rp2_common/hardware_pio/pio.c.obj
                0x100074f4                pio_sm_set_pindirs_with_mask
 .text.pio_sm_set_consecutive_pindirs
                0x1000759c       0xa8 CMakeFiles/pwm_control.dir/home/andrey-shefa/pico/pico-sdk/src/rp2_common/hardware_pio/pio.c.obj
                0x1000759c                pio_sm_set_consecutive_pindirs
 .text.cyw43_arch_wifi_connect_bssid_until.part.0
                0x10007644       0xd8 CMakeFiles/pwm_control.dir/home/andrey-shefa/pico/pico-sdk/src/rp2_common/pico_cyw43_arch/cyw43_arch.c.obj
 .text.cyw43_arch_set_async_context
                0x1000771c        0xc CMakeFiles/pwm_control.dir/home/andrey-shefa/pico/pico-sdk/src/rp2_common/pico_cyw43_arch/cyw43_arch.c.obj
                0x1000771c                cyw43_arch_set_async_context
 .text.cyw43_arch_enable_sta_mode
                0x10007728       0x1c CMakeFiles/pwm_control.dir/home/andrey-shefa/pico/pico-sdk/src/rp2_common/pico_cyw43_arch/cyw43_arch.c.obj
                0x10007728                cyw43_arch_enable_sta_mode
 .text.cyw43_arch_wifi_connect_timeout_ms
                0x10007744       0xa0 CMakeFiles/pwm_control.dir/home/andrey-shefa/pico/pico-sdk/src/rp2_common/pico_cyw43_arch/cyw43_arch.c.obj
                0x10007744                cyw43_arch_wifi_connect_timeout_ms
 .text.cyw43_arch_gpio_put
                0x100077e4       0x14 CMakeFiles/pwm_control.dir/home/andrey-shefa/pico/pico-sdk/src/rp2_common/pico_cyw43_arch/cyw43_arch.c.obj
                0x100077e4                cyw43_arch_gpio_put
 .text.cyw43_arch_async_context
                0x100077f8        0xc CMakeFiles/pwm_control.dir/home/andrey-shefa/pico/pico-sdk/src/rp2_common/pico_cyw43_arch/cyw43_arch.c.obj
                0x100077f8                cyw43_arch_async_context
 .text.cyw43_arch_init
                0x10007804       0x74 CMakeFiles/pwm_control.dir/home/andrey-shefa/pico/pico-sdk/src/rp2_common/pico_cyw43_arch/cyw43_arch_threadsafe_background.c.obj
                0x10007804                cyw43_arch_init
 .text.ns_delay.constprop.0
                0x10007878       0x20 CMakeFiles/pwm_control.dir/home/andrey-shefa/pico/pico-sdk/src/rp2_common/pico_cyw43_driver/cyw43_bus_pio_spi.c.obj
 .text.cyw43_spi_deinit
                0x10007898       0x7c CMakeFiles/pwm_control.dir/home/andrey-shefa/pico/pico-sdk/src/rp2_common/pico_cyw43_driver/cyw43_bus_pio_spi.c.obj
                0x10007898                cyw43_spi_deinit
 .text.cyw43_spi_init
                0x10007914      0x14c CMakeFiles/pwm_control.dir/home/andrey-shefa/pico/pico-sdk/src/rp2_common/pico_cyw43_driver/cyw43_bus_pio_spi.c.obj
                0x10007914                cyw43_spi_init
 .text.cyw43_spi_transfer
                0x10007a60      0x3fc CMakeFiles/pwm_control.dir/home/andrey-shefa/pico/pico-sdk/src/rp2_common/pico_cyw43_driver/cyw43_bus_pio_spi.c.obj
                0x10007a60                cyw43_spi_transfer
 .text.cyw43_spi_gpio_setup
                0x10007e5c       0x3c CMakeFiles/pwm_control.dir/home/andrey-shefa/pico/pico-sdk/src/rp2_common/pico_cyw43_driver/cyw43_bus_pio_spi.c.obj
                0x10007e5c                cyw43_spi_gpio_setup
 .text.cyw43_spi_reset
                0x10007e98       0x28 CMakeFiles/pwm_control.dir/home/andrey-shefa/pico/pico-sdk/src/rp2_common/pico_cyw43_driver/cyw43_bus_pio_spi.c.obj
                0x10007e98                cyw43_spi_reset
 .text.read_reg_u32_swap
                0x10007ec0       0x3c CMakeFiles/pwm_control.dir/home/andrey-shefa/pico/pico-sdk/src/rp2_common/pico_cyw43_driver/cyw43_bus_pio_spi.c.obj
                0x10007ec0                read_reg_u32_swap
 .text.cyw43_read_reg_u32
                0x10007efc       0x54 CMakeFiles/pwm_control.dir/home/andrey-shefa/pico/pico-sdk/src/rp2_common/pico_cyw43_driver/cyw43_bus_pio_spi.c.obj
                0x10007efc                cyw43_read_reg_u32
 .text.cyw43_read_reg_u16
                0x10007f50       0x54 CMakeFiles/pwm_control.dir/home/andrey-shefa/pico/pico-sdk/src/rp2_common/pico_cyw43_driver/cyw43_bus_pio_spi.c.obj
                0x10007f50                cyw43_read_reg_u16
 .text.cyw43_read_reg_u8
                0x10007fa4       0x54 CMakeFiles/pwm_control.dir/home/andrey-shefa/pico/pico-sdk/src/rp2_common/pico_cyw43_driver/cyw43_bus_pio_spi.c.obj
                0x10007fa4                cyw43_read_reg_u8
 .text.write_reg_u32_swap
                0x10007ff8      0x1e8 CMakeFiles/pwm_control.dir/home/andrey-shefa/pico/pico-sdk/src/rp2_common/pico_cyw43_driver/cyw43_bus_pio_spi.c.obj
                0x10007ff8                write_reg_u32_swap
 .text.cyw43_write_reg_u32
                0x100081e0      0x208 CMakeFiles/pwm_control.dir/home/andrey-shefa/pico/pico-sdk/src/rp2_common/pico_cyw43_driver/cyw43_bus_pio_spi.c.obj
                0x100081e0                cyw43_write_reg_u32
 .text.cyw43_write_reg_u16
                0x100083e8      0x208 CMakeFiles/pwm_control.dir/home/andrey-shefa/pico/pico-sdk/src/rp2_common/pico_cyw43_driver/cyw43_bus_pio_spi.c.obj
                0x100083e8                cyw43_write_reg_u16
 .text.cyw43_write_reg_u8
                0x100085f0      0x208 CMakeFiles/pwm_control.dir/home/andrey-shefa/pico/pico-sdk/src/rp2_common/pico_cyw43_driver/cyw43_bus_pio_spi.c.obj
                0x100085f0                cyw43_write_reg_u8
 .text.cyw43_read_bytes
                0x100087f8       0x78 CMakeFiles/pwm_control.dir/home/andrey-shefa/pico/pico-sdk/src/rp2_common/pico_cyw43_driver/cyw43_bus_pio_spi.c.obj
                0x100087f8                cyw43_read_bytes
 .text.cyw43_write_bytes
                0x10008870       0xdc CMakeFiles/pwm_control.dir/home/andrey-shefa/pico/pico-sdk/src/rp2_common/pico_cyw43_driver/cyw43_bus_pio_spi.c.obj
                0x10008870                cyw43_write_bytes
 .text.cyw43_set_backplane_window
                0x1000894c       0x68 CMakeFiles/pwm_control.dir/home/andrey-shefa/pico/pico-sdk/lib/cyw43-driver/src/cyw43_ll.c.obj
 .text.cyw43_ll_parse_async_event
                0x100089b4      0x134 CMakeFiles/pwm_control.dir/home/andrey-shefa/pico/pico-sdk/lib/cyw43-driver/src/cyw43_ll.c.obj
 .text.cyw43_kso_set
                0x10008ae8       0x80 CMakeFiles/pwm_control.dir/home/andrey-shefa/pico/pico-sdk/lib/cyw43-driver/src/cyw43_ll.c.obj
 .text.cyw43_ll_sdpcm_poll_device
                0x10008b68      0x234 CMakeFiles/pwm_control.dir/home/andrey-shefa/pico/pico-sdk/lib/cyw43-driver/src/cyw43_ll.c.obj
 .text.cyw43_sdpcm_send_common
                0x10008d9c       0xf4 CMakeFiles/pwm_control.dir/home/andrey-shefa/pico/pico-sdk/lib/cyw43-driver/src/cyw43_ll.c.obj
 .text.cyw43_do_ioctl
                0x10008e90      0x110 CMakeFiles/pwm_control.dir/home/andrey-shefa/pico/pico-sdk/lib/cyw43-driver/src/cyw43_ll.c.obj
 .text.cyw43_do_ioctl.constprop.0
                0x10008fa0      0x108 CMakeFiles/pwm_control.dir/home/andrey-shefa/pico/pico-sdk/lib/cyw43-driver/src/cyw43_ll.c.obj
 .text.cyw43_read_backplane.constprop.0
                0x100090a8       0xe4 CMakeFiles/pwm_control.dir/home/andrey-shefa/pico/pico-sdk/lib/cyw43-driver/src/cyw43_ll.c.obj
 .text.reset_device_core.constprop.0
                0x1000918c      0x410 CMakeFiles/pwm_control.dir/home/andrey-shefa/pico/pico-sdk/lib/cyw43-driver/src/cyw43_ll.c.obj
 .text.cyw43_ll_init
                0x1000959c       0x1c CMakeFiles/pwm_control.dir/home/andrey-shefa/pico/pico-sdk/lib/cyw43-driver/src/cyw43_ll.c.obj
                0x1000959c                cyw43_ll_init
 .text.cyw43_ll_deinit
                0x100095b8        0x8 CMakeFiles/pwm_control.dir/home/andrey-shefa/pico/pico-sdk/lib/cyw43-driver/src/cyw43_ll.c.obj
                0x100095b8                cyw43_ll_deinit
 .text.cyw43_ll_send_ethernet
                0x100095c0       0x60 CMakeFiles/pwm_control.dir/home/andrey-shefa/pico/pico-sdk/lib/cyw43-driver/src/cyw43_ll.c.obj
                0x100095c0                cyw43_ll_send_ethernet
 .text.cyw43_ll_process_packets
                0x10009620       0x54 CMakeFiles/pwm_control.dir/home/andrey-shefa/pico/pico-sdk/lib/cyw43-driver/src/cyw43_ll.c.obj
                0x10009620                cyw43_ll_process_packets
 .text.cyw43_ll_ioctl
                0x10009674       0x20 CMakeFiles/pwm_control.dir/home/andrey-shefa/pico/pico-sdk/lib/cyw43-driver/src/cyw43_ll.c.obj
                0x10009674                cyw43_ll_ioctl
 .text.cyw43_ll_bus_sleep
                0x10009694       0x34 CMakeFiles/pwm_control.dir/home/andrey-shefa/pico/pico-sdk/lib/cyw43-driver/src/cyw43_ll.c.obj
                0x10009694                cyw43_ll_bus_sleep
 .text.cyw43_ll_bus_init
                0x100096c8      0xbd0 CMakeFiles/pwm_control.dir/home/andrey-shefa/pico/pico-sdk/lib/cyw43-driver/src/cyw43_ll.c.obj
                0x100096c8                cyw43_ll_bus_init
 .text.cyw43_ll_wifi_on
                0x1000a298      0x238 CMakeFiles/pwm_control.dir/home/andrey-shefa/pico/pico-sdk/lib/cyw43-driver/src/cyw43_ll.c.obj
                0x1000a298                cyw43_ll_wifi_on
 .text.cyw43_ll_wifi_get_mac
                0x1000a4d0       0x40 CMakeFiles/pwm_control.dir/home/andrey-shefa/pico/pico-sdk/lib/cyw43-driver/src/cyw43_ll.c.obj
                0x1000a4d0                cyw43_ll_wifi_get_mac
 .text.cyw43_ll_wifi_pm
                0x1000a510      0x19c CMakeFiles/pwm_control.dir/home/andrey-shefa/pico/pico-sdk/lib/cyw43-driver/src/cyw43_ll.c.obj
                0x1000a510                cyw43_ll_wifi_pm
 .text.cyw43_ll_wifi_join
                0x1000a6ac      0x2ec CMakeFiles/pwm_control.dir/home/andrey-shefa/pico/pico-sdk/lib/cyw43-driver/src/cyw43_ll.c.obj
                0x1000a6ac                cyw43_ll_wifi_join
 .text.cyw43_ll_wifi_set_wpa_auth
                0x1000a998       0x2c CMakeFiles/pwm_control.dir/home/andrey-shefa/pico/pico-sdk/lib/cyw43-driver/src/cyw43_ll.c.obj
                0x1000a998                cyw43_ll_wifi_set_wpa_auth
 .text.cyw43_ll_wifi_rejoin
                0x1000a9c4       0x1c CMakeFiles/pwm_control.dir/home/andrey-shefa/pico/pico-sdk/lib/cyw43-driver/src/cyw43_ll.c.obj
                0x1000a9c4                cyw43_ll_wifi_rejoin
 .text.cyw43_ll_wifi_ap_init
                0x1000a9e0      0x2c0 CMakeFiles/pwm_control.dir/home/andrey-shefa/pico/pico-sdk/lib/cyw43-driver/src/cyw43_ll.c.obj
                0x1000a9e0                cyw43_ll_wifi_ap_init
 .text.cyw43_ll_wifi_ap_set_up
                0x1000aca0       0x54 CMakeFiles/pwm_control.dir/home/andrey-shefa/pico/pico-sdk/lib/cyw43-driver/src/cyw43_ll.c.obj
                0x1000aca0                cyw43_ll_wifi_ap_set_up
 .text.cyw43_ll_gpio_set
                0x1000acf4       0x6c CMakeFiles/pwm_control.dir/home/andrey-shefa/pico/pico-sdk/lib/cyw43-driver/src/cyw43_ll.c.obj
                0x1000acf4                cyw43_ll_gpio_set
 .text.cyw43_ll_has_work
                0x1000ad60       0x14 CMakeFiles/pwm_control.dir/home/andrey-shefa/pico/pico-sdk/lib/cyw43-driver/src/cyw43_ll.c.obj
                0x1000ad60                cyw43_ll_has_work
 .text.cyw43_netif_init
                0x1000ad74       0x3c CMakeFiles/pwm_control.dir/home/andrey-shefa/pico/pico-sdk/lib/cyw43-driver/src/cyw43_lwip.c.obj
 .text.cyw43_netif_output
                0x1000adb0       0x34 CMakeFiles/pwm_control.dir/home/andrey-shefa/pico/pico-sdk/lib/cyw43-driver/src/cyw43_lwip.c.obj
 .text.cyw43_cb_tcpip_init
                0x1000ade4      0x104 CMakeFiles/pwm_control.dir/home/andrey-shefa/pico/pico-sdk/lib/cyw43-driver/src/cyw43_lwip.c.obj
                0x1000ade4                cyw43_cb_tcpip_init
 .text.cyw43_cb_tcpip_deinit
                0x1000aee8       0x4c CMakeFiles/pwm_control.dir/home/andrey-shefa/pico/pico-sdk/lib/cyw43-driver/src/cyw43_lwip.c.obj
                0x1000aee8                cyw43_cb_tcpip_deinit
 .text.cyw43_cb_process_ethernet
                0x1000af34       0x6c CMakeFiles/pwm_control.dir/home/andrey-shefa/pico/pico-sdk/lib/cyw43-driver/src/cyw43_lwip.c.obj
                0x1000af34                cyw43_cb_process_ethernet
 .text.cyw43_cb_tcpip_set_link_up
                0x1000afa0       0x18 CMakeFiles/pwm_control.dir/home/andrey-shefa/pico/pico-sdk/lib/cyw43-driver/src/cyw43_lwip.c.obj
                0x1000afa0                cyw43_cb_tcpip_set_link_up
 .text.cyw43_cb_tcpip_set_link_down
                0x1000afb8       0x18 CMakeFiles/pwm_control.dir/home/andrey-shefa/pico/pico-sdk/lib/cyw43-driver/src/cyw43_lwip.c.obj
                0x1000afb8                cyw43_cb_tcpip_set_link_down
 .text.cyw43_tcpip_link_status
                0x1000afd0       0x34 CMakeFiles/pwm_control.dir/home/andrey-shefa/pico/pico-sdk/lib/cyw43-driver/src/cyw43_lwip.c.obj
                0x1000afd0                cyw43_tcpip_link_status
 .text.cyw43_poll_func
                0x1000b004       0xc0 CMakeFiles/pwm_control.dir/home/andrey-shefa/pico/pico-sdk/lib/cyw43-driver/src/cyw43_ctrl.c.obj
 .text.cyw43_init
                0x1000b0c4       0x6c CMakeFiles/pwm_control.dir/home/andrey-shefa/pico/pico-sdk/lib/cyw43-driver/src/cyw43_ctrl.c.obj
                0x1000b0c4                cyw43_init
 .text.cyw43_deinit
                0x1000b130       0x90 CMakeFiles/pwm_control.dir/home/andrey-shefa/pico/pico-sdk/lib/cyw43-driver/src/cyw43_ctrl.c.obj
                0x1000b130                cyw43_deinit
 .text.cyw43_cb_read_host_interrupt_pin
                0x1000b1c0        0xc CMakeFiles/pwm_control.dir/home/andrey-shefa/pico/pico-sdk/lib/cyw43-driver/src/cyw43_ctrl.c.obj
                0x1000b1c0                cyw43_cb_read_host_interrupt_pin
 .text.cyw43_cb_ensure_awake
                0x1000b1cc        0xc CMakeFiles/pwm_control.dir/home/andrey-shefa/pico/pico-sdk/lib/cyw43-driver/src/cyw43_ctrl.c.obj
                0x1000b1cc                cyw43_cb_ensure_awake
 .text.cyw43_cb_process_async_event
                0x1000b1d8      0x214 CMakeFiles/pwm_control.dir/home/andrey-shefa/pico/pico-sdk/lib/cyw43-driver/src/cyw43_ctrl.c.obj
                0x1000b1d8                cyw43_cb_process_async_event
 .text.cyw43_send_ethernet
                0x1000b3ec       0xc0 CMakeFiles/pwm_control.dir/home/andrey-shefa/pico/pico-sdk/lib/cyw43-driver/src/cyw43_ctrl.c.obj
                0x1000b3ec                cyw43_send_ethernet
 .text.cyw43_wifi_get_mac
                0x1000b4ac       0x10 CMakeFiles/pwm_control.dir/home/andrey-shefa/pico/pico-sdk/lib/cyw43-driver/src/cyw43_ctrl.c.obj
                0x1000b4ac                cyw43_wifi_get_mac
 .text.cyw43_wifi_set_up
                0x1000b4bc      0x308 CMakeFiles/pwm_control.dir/home/andrey-shefa/pico/pico-sdk/lib/cyw43-driver/src/cyw43_ctrl.c.obj
                0x1000b4bc                cyw43_wifi_set_up
 .text.cyw43_wifi_link_status
                0x1000b7c4       0x3c CMakeFiles/pwm_control.dir/home/andrey-shefa/pico/pico-sdk/lib/cyw43-driver/src/cyw43_ctrl.c.obj
                0x1000b7c4                cyw43_wifi_link_status
 .text.cyw43_wifi_join
                0x1000b800       0xf4 CMakeFiles/pwm_control.dir/home/andrey-shefa/pico/pico-sdk/lib/cyw43-driver/src/cyw43_ctrl.c.obj
                0x1000b800                cyw43_wifi_join
 .text.cyw43_gpio_set
                0x1000b8f4       0xa0 CMakeFiles/pwm_control.dir/home/andrey-shefa/pico/pico-sdk/lib/cyw43-driver/src/cyw43_ctrl.c.obj
                0x1000b8f4                cyw43_gpio_set
 .text.dma_channel_unclaim
                0x1000b994       0x14 CMakeFiles/pwm_control.dir/home/andrey-shefa/pico/pico-sdk/src/rp2_common/hardware_dma/dma.c.obj
                0x1000b994                dma_channel_unclaim
 .text.dma_claim_unused_channel
                0x1000b9a8       0x24 CMakeFiles/pwm_control.dir/home/andrey-shefa/pico/pico-sdk/src/rp2_common/hardware_dma/dma.c.obj
                0x1000b9a8                dma_claim_unused_channel
 .text.dma_channel_cleanup
                0x1000b9cc       0x60 CMakeFiles/pwm_control.dir/home/andrey-shefa/pico/pico-sdk/src/rp2_common/hardware_dma/dma.c.obj
                0x1000b9cc                dma_channel_cleanup
 .text.cyw43_sleep_timeout_reached
                0x1000ba2c       0x10 CMakeFiles/pwm_control.dir/home/andrey-shefa/pico/pico-sdk/src/rp2_common/pico_cyw43_driver/cyw43_driver.c.obj
 .text.cyw43_irq_init
                0x1000ba3c       0x28 CMakeFiles/pwm_control.dir/home/andrey-shefa/pico/pico-sdk/src/rp2_common/pico_cyw43_driver/cyw43_driver.c.obj
                0x1000ba3c                cyw43_irq_init
 .text.cyw43_irq_deinit
                0x1000ba64       0x20 CMakeFiles/pwm_control.dir/home/andrey-shefa/pico/pico-sdk/src/rp2_common/pico_cyw43_driver/cyw43_driver.c.obj
                0x1000ba64                cyw43_irq_deinit
 .text.cyw43_gpio_irq_handler
                0x1000ba84       0x44 CMakeFiles/pwm_control.dir/home/andrey-shefa/pico/pico-sdk/src/rp2_common/pico_cyw43_driver/cyw43_driver.c.obj
 .text.cyw43_do_poll
                0x1000bac8       0x70 CMakeFiles/pwm_control.dir/home/andrey-shefa/pico/pico-sdk/src/rp2_common/pico_cyw43_driver/cyw43_driver.c.obj
 .text.cyw43_post_poll_hook
                0x1000bb38       0x10 CMakeFiles/pwm_control.dir/home/andrey-shefa/pico/pico-sdk/src/rp2_common/pico_cyw43_driver/cyw43_driver.c.obj
                0x1000bb38                cyw43_post_poll_hook
 .text.cyw43_schedule_internal_poll_dispatch
                0x1000bb48       0x18 CMakeFiles/pwm_control.dir/home/andrey-shefa/pico/pico-sdk/src/rp2_common/pico_cyw43_driver/cyw43_driver.c.obj
                0x1000bb48                cyw43_schedule_internal_poll_dispatch
 .text.cyw43_driver_init
                0x1000bb60       0x38 CMakeFiles/pwm_control.dir/home/andrey-shefa/pico/pico-sdk/src/rp2_common/pico_cyw43_driver/cyw43_driver.c.obj
                0x1000bb60                cyw43_driver_init
 .text.cyw43_driver_deinit
                0x1000bb98       0x44 CMakeFiles/pwm_control.dir/home/andrey-shefa/pico/pico-sdk/src/rp2_common/pico_cyw43_driver/cyw43_driver.c.obj
                0x1000bb98                cyw43_driver_deinit
 .text.cyw43_hal_generate_laa_mac
                0x1000bbdc       0x28 CMakeFiles/pwm_control.dir/home/andrey-shefa/pico/pico-sdk/src/rp2_common/pico_cyw43_driver/cyw43_driver.c.obj
                0x1000bbdc                cyw43_hal_generate_laa_mac
 .text.cyw43_hal_get_mac
                0x1000bc04       0x14 CMakeFiles/pwm_control.dir/home/andrey-shefa/pico/pico-sdk/src/rp2_common/pico_cyw43_driver/cyw43_driver.c.obj
                0x1000bc04                cyw43_hal_get_mac
 .text.cyw43_thread_enter
                0x1000bc18       0x14 CMakeFiles/pwm_control.dir/home/andrey-shefa/pico/pico-sdk/src/rp2_common/pico_cyw43_driver/cyw43_driver.c.obj
                0x1000bc18                cyw43_thread_enter
 .text.cyw43_thread_exit
                0x1000bc2c       0x14 CMakeFiles/pwm_control.dir/home/andrey-shefa/pico/pico-sdk/src/rp2_common/pico_cyw43_driver/cyw43_driver.c.obj
                0x1000bc2c                cyw43_thread_exit
 .text.cyw43_await_background_or_timeout_us
                0x1000bc40       0x34 CMakeFiles/pwm_control.dir/home/andrey-shefa/pico/pico-sdk/src/rp2_common/pico_cyw43_driver/cyw43_driver.c.obj
                0x1000bc40                cyw43_await_background_or_timeout_us
 .text.cyw43_delay_ms
                0x1000bc74       0x48 CMakeFiles/pwm_control.dir/home/andrey-shefa/pico/pico-sdk/src/rp2_common/pico_cyw43_driver/cyw43_driver.c.obj
                0x1000bc74                cyw43_delay_ms
 .text.cyw43_delay_us
                0x1000bcbc       0x34 CMakeFiles/pwm_control.dir/home/andrey-shefa/pico/pico-sdk/src/rp2_common/pico_cyw43_driver/cyw43_driver.c.obj
                0x1000bcbc                cyw43_delay_us
 .text.handle_sync_func_call
                0x1000bcf0       0x24 CMakeFiles/pwm_control.dir/home/andrey-shefa/pico/pico-sdk/src/rp2_common/pico_async_context/async_context_threadsafe_background.c.obj
 .text.async_context_threadsafe_background_acquire_lock_blocking
                0x1000bd14        0xc CMakeFiles/pwm_control.dir/home/andrey-shefa/pico/pico-sdk/src/rp2_common/pico_async_context/async_context_threadsafe_background.c.obj
 .text.process_under_lock
                0x1000bd20       0xcc CMakeFiles/pwm_control.dir/home/andrey-shefa/pico/pico-sdk/src/rp2_common/pico_async_context/async_context_threadsafe_background.c.obj
 .text.async_context_threadsafe_background_deinit
                0x1000bdec       0x64 CMakeFiles/pwm_control.dir/home/andrey-shefa/pico/pico-sdk/src/rp2_common/pico_async_context/async_context_threadsafe_background.c.obj
 .text.low_priority_irq_handler
                0x1000be50       0x3c CMakeFiles/pwm_control.dir/home/andrey-shefa/pico/pico-sdk/src/rp2_common/pico_async_context/async_context_threadsafe_background.c.obj
 .text.async_context_threadsafe_background_wait_for_work_until
                0x1000be8c        0xc CMakeFiles/pwm_control.dir/home/andrey-shefa/pico/pico-sdk/src/rp2_common/pico_async_context/async_context_threadsafe_background.c.obj
 .text.async_context_threadsafe_background_wait_until
                0x1000be98       0x1c CMakeFiles/pwm_control.dir/home/andrey-shefa/pico/pico-sdk/src/rp2_common/pico_async_context/async_context_threadsafe_background.c.obj
 .text.async_context_threadsafe_background_execute_sync
                0x1000beb4       0xe4 CMakeFiles/pwm_control.dir/home/andrey-shefa/pico/pico-sdk/src/rp2_common/pico_async_context/async_context_threadsafe_background.c.obj
                0x1000beb4                async_context_threadsafe_background_execute_sync
 .text.async_context_threadsafe_background_lock_check
                0x1000bf98       0x28 CMakeFiles/pwm_control.dir/home/andrey-shefa/pico/pico-sdk/src/rp2_common/pico_async_context/async_context_threadsafe_background.c.obj
 .text.async_context_threadsafe_background_set_work_pending
                0x1000bfc0       0x50 CMakeFiles/pwm_control.dir/home/andrey-shefa/pico/pico-sdk/src/rp2_common/pico_async_context/async_context_threadsafe_background.c.obj
 .text.alarm_handler
                0x1000c010       0x58 CMakeFiles/pwm_control.dir/home/andrey-shefa/pico/pico-sdk/src/rp2_common/pico_async_context/async_context_threadsafe_background.c.obj
 .text.async_context_threadsafe_background_release_lock
                0x1000c068       0x7c CMakeFiles/pwm_control.dir/home/andrey-shefa/pico/pico-sdk/src/rp2_common/pico_async_context/async_context_threadsafe_background.c.obj
 .text.async_context_threadsafe_background_when_pending_worker
                0x1000c0e4       0x90 CMakeFiles/pwm_control.dir/home/andrey-shefa/pico/pico-sdk/src/rp2_common/pico_async_context/async_context_threadsafe_background.c.obj
 .text.async_context_threadsafe_background_add_at_time_worker
                0x1000c174       0x90 CMakeFiles/pwm_control.dir/home/andrey-shefa/pico/pico-sdk/src/rp2_common/pico_async_context/async_context_threadsafe_background.c.obj
 .text.async_context_threadsafe_background_remove_at_time_worker
                0x1000c204       0x90 CMakeFiles/pwm_control.dir/home/andrey-shefa/pico/pico-sdk/src/rp2_common/pico_async_context/async_context_threadsafe_background.c.obj
 .text.async_context_threadsafe_background_add_when_pending_worker
                0x1000c294       0x90 CMakeFiles/pwm_control.dir/home/andrey-shefa/pico/pico-sdk/src/rp2_common/pico_async_context/async_context_threadsafe_background.c.obj
 .text.async_context_threadsafe_background_default_config
                0x1000c324        0xc CMakeFiles/pwm_control.dir/home/andrey-shefa/pico/pico-sdk/src/rp2_common/pico_async_context/async_context_threadsafe_background.c.obj
                0x1000c324                async_context_threadsafe_background_default_config
 .text.async_context_threadsafe_background_init
                0x1000c330       0xa4 CMakeFiles/pwm_control.dir/home/andrey-shefa/pico/pico-sdk/src/rp2_common/pico_async_context/async_context_threadsafe_background.c.obj
                0x1000c330                async_context_threadsafe_background_init
 .text.async_context_base_add_at_time_worker
                0x1000c3d4       0x24 CMakeFiles/pwm_control.dir/home/andrey-shefa/pico/pico-sdk/src/rp2_common/pico_async_context/async_context_base.c.obj
                0x1000c3d4                async_context_base_add_at_time_worker
 .text.async_context_base_remove_at_time_worker
                0x1000c3f8       0x28 CMakeFiles/pwm_control.dir/home/andrey-shefa/pico/pico-sdk/src/rp2_common/pico_async_context/async_context_base.c.obj
                0x1000c3f8                async_context_base_remove_at_time_worker
 .text.async_context_base_add_when_pending_worker
                0x1000c420       0x24 CMakeFiles/pwm_control.dir/home/andrey-shefa/pico/pico-sdk/src/rp2_common/pico_async_context/async_context_base.c.obj
                0x1000c420                async_context_base_add_when_pending_worker
 .text.async_context_base_remove_when_pending_worker
                0x1000c444       0x28 CMakeFiles/pwm_control.dir/home/andrey-shefa/pico/pico-sdk/src/rp2_common/pico_async_context/async_context_base.c.obj
                0x1000c444                async_context_base_remove_when_pending_worker
 .text.async_context_base_execute_once
                0x1000c46c       0xfc CMakeFiles/pwm_control.dir/home/andrey-shefa/pico/pico-sdk/src/rp2_common/pico_async_context/async_context_base.c.obj
                0x1000c46c                async_context_base_execute_once
 .text.async_context_base_needs_servicing
                0x1000c568       0x54 CMakeFiles/pwm_control.dir/home/andrey-shefa/pico/pico-sdk/src/rp2_common/pico_async_context/async_context_base.c.obj
                0x1000c568                async_context_base_needs_servicing
 .text.lwip_timeout_reached
                0x1000c5bc        0x8 CMakeFiles/pwm_control.dir/home/andrey-shefa/pico/pico-sdk/src/rp2_common/pico_lwip/lwip_nosys.c.obj
 .text.update_next_timeout
                0x1000c5c4       0x60 CMakeFiles/pwm_control.dir/home/andrey-shefa/pico/pico-sdk/src/rp2_common/pico_lwip/lwip_nosys.c.obj
 .text.lwip_nosys_init
                0x1000c624       0x30 CMakeFiles/pwm_control.dir/home/andrey-shefa/pico/pico-sdk/src/rp2_common/pico_lwip/lwip_nosys.c.obj
                0x1000c624                lwip_nosys_init
 .text.lwip_nosys_deinit
                0x1000c654       0x20 CMakeFiles/pwm_control.dir/home/andrey-shefa/pico/pico-sdk/src/rp2_common/pico_lwip/lwip_nosys.c.obj
                0x1000c654                lwip_nosys_deinit
 .text.sys_arch_protect
                0x1000c674        0x4 CMakeFiles/pwm_control.dir/home/andrey-shefa/pico/pico-sdk/src/rp2_common/pico_lwip/lwip_nosys.c.obj
                0x1000c674                sys_arch_protect
 .text.sys_arch_unprotect
                0x1000c678        0x4 CMakeFiles/pwm_control.dir/home/andrey-shefa/pico/pico-sdk/src/rp2_common/pico_lwip/lwip_nosys.c.obj
                0x1000c678                sys_arch_unprotect
 .text.sys_now  0x1000c67c       0x20 CMakeFiles/pwm_control.dir/home/andrey-shefa/pico/pico-sdk/src/rp2_common/pico_lwip/lwip_nosys.c.obj
                0x1000c67c                sys_now
 .text.splitmix64
                0x1000c69c       0x58 CMakeFiles/pwm_control.dir/home/andrey-shefa/pico/pico-sdk/src/rp2_common/pico_rand/rand.c.obj
 .text.xoroshiro128ss
                0x1000c6f4       0x90 CMakeFiles/pwm_control.dir/home/andrey-shefa/pico/pico-sdk/src/rp2_common/pico_rand/rand.c.obj
 .text.get_rand_64
                0x1000c784      0x4a4 CMakeFiles/pwm_control.dir/home/andrey-shefa/pico/pico-sdk/src/rp2_common/pico_rand/rand.c.obj
                0x1000c784                get_rand_64
 .text.get_rand_32
                0x1000cc28        0x8 CMakeFiles/pwm_control.dir/home/andrey-shefa/pico/pico-sdk/src/rp2_common/pico_rand/rand.c.obj
                0x1000cc28                get_rand_32
 .text.lwip_init
                0x1000cc30       0x24 CMakeFiles/pwm_control.dir/home/andrey-shefa/pico/pico-sdk/lib/lwip/src/core/init.c.obj
                0x1000cc30                lwip_init
 .text.lwip_htons
                0x1000cc54        0x8 CMakeFiles/pwm_control.dir/home/andrey-shefa/pico/pico-sdk/lib/lwip/src/core/def.c.obj
                0x1000cc54                lwip_htons
 .text.lwip_htonl
                0x1000cc5c        0x4 CMakeFiles/pwm_control.dir/home/andrey-shefa/pico/pico-sdk/lib/lwip/src/core/def.c.obj
                0x1000cc5c                lwip_htonl
 .text.dns_call_found
                0x1000cc60      0x184 CMakeFiles/pwm_control.dir/home/andrey-shefa/pico/pico-sdk/lib/lwip/src/core/dns.c.obj
 .text.dns_send.isra.0
                0x1000cde4      0x174 CMakeFiles/pwm_control.dir/home/andrey-shefa/pico/pico-sdk/lib/lwip/src/core/dns.c.obj
 .text.dns_init
                0x1000cf58        0x4 CMakeFiles/pwm_control.dir/home/andrey-shefa/pico/pico-sdk/lib/lwip/src/core/dns.c.obj
                0x1000cf58                dns_init
 .text.dns_setserver
                0x1000cf5c       0x24 CMakeFiles/pwm_control.dir/home/andrey-shefa/pico/pico-sdk/lib/lwip/src/core/dns.c.obj
                0x1000cf5c                dns_setserver
 .text.dns_tmr  0x1000cf80      0x140 CMakeFiles/pwm_control.dir/home/andrey-shefa/pico/pico-sdk/lib/lwip/src/core/dns.c.obj
                0x1000cf80                dns_tmr
 .text.lwip_standard_chksum
                0x1000d0c0       0xdc CMakeFiles/pwm_control.dir/home/andrey-shefa/pico/pico-sdk/lib/lwip/src/core/inet_chksum.c.obj
                0x1000d0c0                lwip_standard_chksum
 .text.inet_chksum_pseudo
                0x1000d19c       0xbc CMakeFiles/pwm_control.dir/home/andrey-shefa/pico/pico-sdk/lib/lwip/src/core/inet_chksum.c.obj
                0x1000d19c                inet_chksum_pseudo
 .text.ip_chksum_pseudo
                0x1000d258       0x10 CMakeFiles/pwm_control.dir/home/andrey-shefa/pico/pico-sdk/lib/lwip/src/core/inet_chksum.c.obj
                0x1000d258                ip_chksum_pseudo
 .text.inet_chksum_pseudo_partial
                0x1000d268       0xfc CMakeFiles/pwm_control.dir/home/andrey-shefa/pico/pico-sdk/lib/lwip/src/core/inet_chksum.c.obj
                0x1000d268                inet_chksum_pseudo_partial
 .text.ip_chksum_pseudo_partial
                0x1000d364       0x14 CMakeFiles/pwm_control.dir/home/andrey-shefa/pico/pico-sdk/lib/lwip/src/core/inet_chksum.c.obj
                0x1000d364                ip_chksum_pseudo_partial
 .text.inet_chksum
                0x1000d378        0xc CMakeFiles/pwm_control.dir/home/andrey-shefa/pico/pico-sdk/lib/lwip/src/core/inet_chksum.c.obj
                0x1000d378                inet_chksum
 .text.inet_chksum_pbuf
                0x1000d384       0x78 CMakeFiles/pwm_control.dir/home/andrey-shefa/pico/pico-sdk/lib/lwip/src/core/inet_chksum.c.obj
                0x1000d384                inet_chksum_pbuf
 .text.mem_init
                0x1000d3fc       0x3c CMakeFiles/pwm_control.dir/home/andrey-shefa/pico/pico-sdk/lib/lwip/src/core/mem.c.obj
                0x1000d3fc                mem_init
 .text.mem_free
                0x1000d438      0x130 CMakeFiles/pwm_control.dir/home/andrey-shefa/pico/pico-sdk/lib/lwip/src/core/mem.c.obj
                0x1000d438                mem_free
 .text.mem_trim
                0x1000d568       0xfc CMakeFiles/pwm_control.dir/home/andrey-shefa/pico/pico-sdk/lib/lwip/src/core/mem.c.obj
                0x1000d568                mem_trim
 .text.mem_malloc
                0x1000d664      0x114 CMakeFiles/pwm_control.dir/home/andrey-shefa/pico/pico-sdk/lib/lwip/src/core/mem.c.obj
                0x1000d664                mem_malloc
 .text.memp_init
                0x1000d778       0x6c CMakeFiles/pwm_control.dir/home/andrey-shefa/pico/pico-sdk/lib/lwip/src/core/memp.c.obj
                0x1000d778                memp_init
 .text.memp_malloc
                0x1000d7e4       0x40 CMakeFiles/pwm_control.dir/home/andrey-shefa/pico/pico-sdk/lib/lwip/src/core/memp.c.obj
                0x1000d7e4                memp_malloc
 .text.memp_free
                0x1000d824       0x38 CMakeFiles/pwm_control.dir/home/andrey-shefa/pico/pico-sdk/lib/lwip/src/core/memp.c.obj
                0x1000d824                memp_free
 .text.netif_null_output_ip4
                0x1000d85c        0x8 CMakeFiles/pwm_control.dir/home/andrey-shefa/pico/pico-sdk/lib/lwip/src/core/netif.c.obj
 .text.netif_do_set_ipaddr.isra.0
                0x1000d864       0x60 CMakeFiles/pwm_control.dir/home/andrey-shefa/pico/pico-sdk/lib/lwip/src/core/netif.c.obj
 .text.netif_init
                0x1000d8c4        0x4 CMakeFiles/pwm_control.dir/home/andrey-shefa/pico/pico-sdk/lib/lwip/src/core/netif.c.obj
                0x1000d8c4                netif_init
 .text.netif_add
                0x1000d8c8      0x16c CMakeFiles/pwm_control.dir/home/andrey-shefa/pico/pico-sdk/lib/lwip/src/core/netif.c.obj
                0x1000d8c8                netif_add
 .text.netif_set_addr
                0x1000da34       0xb4 CMakeFiles/pwm_control.dir/home/andrey-shefa/pico/pico-sdk/lib/lwip/src/core/netif.c.obj
                0x1000da34                netif_set_addr
 .text.netif_remove
                0x1000dae8       0x94 CMakeFiles/pwm_control.dir/home/andrey-shefa/pico/pico-sdk/lib/lwip/src/core/netif.c.obj
                0x1000dae8                netif_remove
 .text.netif_set_default
                0x1000db7c        0xc CMakeFiles/pwm_control.dir/home/andrey-shefa/pico/pico-sdk/lib/lwip/src/core/netif.c.obj
                0x1000db7c                netif_set_default
 .text.netif_set_up
                0x1000db88       0x40 CMakeFiles/pwm_control.dir/home/andrey-shefa/pico/pico-sdk/lib/lwip/src/core/netif.c.obj
                0x1000db88                netif_set_up
 .text.netif_set_link_up
                0x1000dbc8       0x44 CMakeFiles/pwm_control.dir/home/andrey-shefa/pico/pico-sdk/lib/lwip/src/core/netif.c.obj
                0x1000dbc8                netif_set_link_up
 .text.netif_set_link_down
                0x1000dc0c       0x20 CMakeFiles/pwm_control.dir/home/andrey-shefa/pico/pico-sdk/lib/lwip/src/core/netif.c.obj
                0x1000dc0c                netif_set_link_down
 .text.netif_get_by_index
                0x1000dc2c       0x2c CMakeFiles/pwm_control.dir/home/andrey-shefa/pico/pico-sdk/lib/lwip/src/core/netif.c.obj
                0x1000dc2c                netif_get_by_index
 .text.pbuf_free.part.0
                0x1000dc58       0x7c CMakeFiles/pwm_control.dir/home/andrey-shefa/pico/pico-sdk/lib/lwip/src/core/pbuf.c.obj
 .text.pbuf_free_ooseq
                0x1000dcd4       0x34 CMakeFiles/pwm_control.dir/home/andrey-shefa/pico/pico-sdk/lib/lwip/src/core/pbuf.c.obj
                0x1000dcd4                pbuf_free_ooseq
 .text.pbuf_alloc
                0x1000dd08      0x13c CMakeFiles/pwm_control.dir/home/andrey-shefa/pico/pico-sdk/lib/lwip/src/core/pbuf.c.obj
                0x1000dd08                pbuf_alloc
 .text.pbuf_realloc
                0x1000de44       0x84 CMakeFiles/pwm_control.dir/home/andrey-shefa/pico/pico-sdk/lib/lwip/src/core/pbuf.c.obj
                0x1000de44                pbuf_realloc
 .text.pbuf_add_header
                0x1000dec8       0x50 CMakeFiles/pwm_control.dir/home/andrey-shefa/pico/pico-sdk/lib/lwip/src/core/pbuf.c.obj
                0x1000dec8                pbuf_add_header
 .text.pbuf_remove_header
                0x1000df18       0x3c CMakeFiles/pwm_control.dir/home/andrey-shefa/pico/pico-sdk/lib/lwip/src/core/pbuf.c.obj
                0x1000df18                pbuf_remove_header
 .text.pbuf_header_force
                0x1000df54       0x6c CMakeFiles/pwm_control.dir/home/andrey-shefa/pico/pico-sdk/lib/lwip/src/core/pbuf.c.obj
                0x1000df54                pbuf_header_force
 .text.pbuf_free
                0x1000dfc0       0x18 CMakeFiles/pwm_control.dir/home/andrey-shefa/pico/pico-sdk/lib/lwip/src/core/pbuf.c.obj
                0x1000dfc0                pbuf_free
 .text.pbuf_clen
                0x1000dfd8       0x14 CMakeFiles/pwm_control.dir/home/andrey-shefa/pico/pico-sdk/lib/lwip/src/core/pbuf.c.obj
                0x1000dfd8                pbuf_clen
 .text.pbuf_ref
                0x1000dfec       0x28 CMakeFiles/pwm_control.dir/home/andrey-shefa/pico/pico-sdk/lib/lwip/src/core/pbuf.c.obj
                0x1000dfec                pbuf_ref
 .text.pbuf_cat
                0x1000e014       0x44 CMakeFiles/pwm_control.dir/home/andrey-shefa/pico/pico-sdk/lib/lwip/src/core/pbuf.c.obj
                0x1000e014                pbuf_cat
 .text.pbuf_chain
                0x1000e058       0x64 CMakeFiles/pwm_control.dir/home/andrey-shefa/pico/pico-sdk/lib/lwip/src/core/pbuf.c.obj
                0x1000e058                pbuf_chain
 .text.pbuf_copy_partial_pbuf
                0x1000e0bc      0x130 CMakeFiles/pwm_control.dir/home/andrey-shefa/pico/pico-sdk/lib/lwip/src/core/pbuf.c.obj
                0x1000e0bc                pbuf_copy_partial_pbuf
 .text.pbuf_copy
                0x1000e1ec       0x18 CMakeFiles/pwm_control.dir/home/andrey-shefa/pico/pico-sdk/lib/lwip/src/core/pbuf.c.obj
                0x1000e1ec                pbuf_copy
 .text.pbuf_copy_partial
                0x1000e204       0x68 CMakeFiles/pwm_control.dir/home/andrey-shefa/pico/pico-sdk/lib/lwip/src/core/pbuf.c.obj
                0x1000e204                pbuf_copy_partial
 .text.pbuf_take
                0x1000e26c       0x78 CMakeFiles/pwm_control.dir/home/andrey-shefa/pico/pico-sdk/lib/lwip/src/core/pbuf.c.obj
                0x1000e26c                pbuf_take
 .text.pbuf_take_at
                0x1000e2e4       0xcc CMakeFiles/pwm_control.dir/home/andrey-shefa/pico/pico-sdk/lib/lwip/src/core/pbuf.c.obj
                0x1000e2e4                pbuf_take_at
 .text.pbuf_clone
                0x1000e3b0       0x30 CMakeFiles/pwm_control.dir/home/andrey-shefa/pico/pico-sdk/lib/lwip/src/core/pbuf.c.obj
                0x1000e3b0                pbuf_clone
 .text.pbuf_put_at
                0x1000e3e0       0x1c CMakeFiles/pwm_control.dir/home/andrey-shefa/pico/pico-sdk/lib/lwip/src/core/pbuf.c.obj
                0x1000e3e0                pbuf_put_at
 .text.raw_input
                0x1000e3fc       0xfc CMakeFiles/pwm_control.dir/home/andrey-shefa/pico/pico-sdk/lib/lwip/src/core/raw.c.obj
                0x1000e3fc                raw_input
 .text.raw_netif_ip_addr_changed
                0x1000e4f8       0x40 CMakeFiles/pwm_control.dir/home/andrey-shefa/pico/pico-sdk/lib/lwip/src/core/raw.c.obj
                0x1000e4f8                raw_netif_ip_addr_changed
 .text.stats_init
                0x1000e538        0x4 CMakeFiles/pwm_control.dir/home/andrey-shefa/pico/pico-sdk/lib/lwip/src/core/stats.c.obj
                0x1000e538                stats_init
 .text.tcp_close_shutdown_fin
                0x1000e53c       0x58 CMakeFiles/pwm_control.dir/home/andrey-shefa/pico/pico-sdk/lib/lwip/src/core/tcp.c.obj
 .text.tcp_pcb_purge.part.0
                0x1000e594       0xc4 CMakeFiles/pwm_control.dir/home/andrey-shefa/pico/pico-sdk/lib/lwip/src/core/tcp.c.obj
 .text.tcp_init
                0x1000e658       0x20 CMakeFiles/pwm_control.dir/home/andrey-shefa/pico/pico-sdk/lib/lwip/src/core/tcp.c.obj
                0x1000e658                tcp_init
 .text.tcp_free
                0x1000e678       0x1c CMakeFiles/pwm_control.dir/home/andrey-shefa/pico/pico-sdk/lib/lwip/src/core/tcp.c.obj
                0x1000e678                tcp_free
 .text.tcp_update_rcv_ann_wnd
                0x1000e694       0x58 CMakeFiles/pwm_control.dir/home/andrey-shefa/pico/pico-sdk/lib/lwip/src/core/tcp.c.obj
                0x1000e694                tcp_update_rcv_ann_wnd
 .text.tcp_recved
                0x1000e6ec       0x98 CMakeFiles/pwm_control.dir/home/andrey-shefa/pico/pico-sdk/lib/lwip/src/core/tcp.c.obj
                0x1000e6ec                tcp_recved
 .text.tcp_slowtmr
                0x1000e784      0x534 CMakeFiles/pwm_control.dir/home/andrey-shefa/pico/pico-sdk/lib/lwip/src/core/tcp.c.obj
                0x1000e784                tcp_slowtmr
 .text.tcp_segs_free
                0x1000ecb8       0x38 CMakeFiles/pwm_control.dir/home/andrey-shefa/pico/pico-sdk/lib/lwip/src/core/tcp.c.obj
                0x1000ecb8                tcp_segs_free
 .text.tcp_seg_free
                0x1000ecf0       0x1c CMakeFiles/pwm_control.dir/home/andrey-shefa/pico/pico-sdk/lib/lwip/src/core/tcp.c.obj
                0x1000ecf0                tcp_seg_free
 .text.tcp_seg_copy
                0x1000ed0c       0x2c CMakeFiles/pwm_control.dir/home/andrey-shefa/pico/pico-sdk/lib/lwip/src/core/tcp.c.obj
                0x1000ed0c                tcp_seg_copy
 .text.tcp_pcb_purge
                0x1000ed38       0x18 CMakeFiles/pwm_control.dir/home/andrey-shefa/pico/pico-sdk/lib/lwip/src/core/tcp.c.obj
                0x1000ed38                tcp_pcb_purge
 .text.tcp_pcb_remove
                0x1000ed50       0xc8 CMakeFiles/pwm_control.dir/home/andrey-shefa/pico/pico-sdk/lib/lwip/src/core/tcp.c.obj
                0x1000ed50                tcp_pcb_remove
 .text.tcp_abandon
                0x1000ee18      0x1a4 CMakeFiles/pwm_control.dir/home/andrey-shefa/pico/pico-sdk/lib/lwip/src/core/tcp.c.obj
                0x1000ee18                tcp_abandon
 .text.tcp_abort
                0x1000efbc        0xc CMakeFiles/pwm_control.dir/home/andrey-shefa/pico/pico-sdk/lib/lwip/src/core/tcp.c.obj
                0x1000efbc                tcp_abort
 .text.tcp_alloc
                0x1000efc8      0x1d4 CMakeFiles/pwm_control.dir/home/andrey-shefa/pico/pico-sdk/lib/lwip/src/core/tcp.c.obj
                0x1000efc8                tcp_alloc
 .text.tcp_close_shutdown