Archive member included to satisfy reference by file (symbol)

/usr/lib/gcc/arm-none-eabi/12.2.1/thumb/v6-m/nofp/libgcc.a(_dvmd_tls.o)
                              CMakeFiles/pwm_control.dir/home/andrey-shefa/pico/pico-sdk/src/rp2_common/pico_divider/divider.S.obj (__aeabi_idiv0)
/usr/lib/gcc/arm-none-eabi/12.2.1/../../../arm-none-eabi/lib/thumb/v6-m/nofp/libc.a(lib_a-atexit.o)
                              /usr/lib/gcc/arm-none-eabi/12.2.1/../../../arm-none-eabi/lib/thumb/v6-m/nofp/crt0.o (atexit)
/usr/lib/gcc/arm-none-eabi/12.2.1/../../../arm-none-eabi/lib/thumb/v6-m/nofp/libc.a(lib_a-atoi.o)
                              CMakeFiles/pwm_control.dir/home/andrey-shefa/pico/pico-sdk/lib/lwip/src/core/netif.c.obj (atoi)
/usr/lib/gcc/arm-none-eabi/12.2.1/../../../arm-none-eabi/lib/thumb/v6-m/nofp/libc.a(lib_a-calloc.o)
                              CMakeFiles/pwm_control.dir/home/andrey-shefa/pico/pico-sdk/src/rp2_common/pico_malloc/pico_malloc.c.obj (calloc)
/usr/lib/gcc/arm-none-eabi/12.2.1/../../../arm-none-eabi/lib/thumb/v6-m/nofp/libc.a(lib_a-callocr.o)
                              /usr/lib/gcc/arm-none-eabi/12.2.1/../../../arm-none-eabi/lib/thumb/v6-m/nofp/libc.a(lib_a-calloc.o) (_calloc_r)
/usr/lib/gcc/arm-none-eabi/12.2.1/../../../arm-none-eabi/lib/thumb/v6-m/nofp/libc.a(lib_a-ctype_.o)
                              CMakeFiles/pwm_control.dir/home/andrey-shefa/pico/pico-sdk/lib/lwip/src/core/dns.c.obj (_ctype_)
/usr/lib/gcc/arm-none-eabi/12.2.1/../../../arm-none-eabi/lib/thumb/v6-m/nofp/libc.a(lib_a-fini.o)
                              /usr/lib/gcc/arm-none-eabi/12.2.1/../../../arm-none-eabi/lib/thumb/v6-m/nofp/crt0.o (__libc_fini_array)
/usr/lib/gcc/arm-none-eabi/12.2.1/../../../arm-none-eabi/lib/thumb/v6-m/nofp/libc.a(lib_a-impure.o)
                              /usr/lib/gcc/arm-none-eabi/12.2.1/../../../arm-none-eabi/lib/thumb/v6-m/nofp/libc.a(lib_a-calloc.o) (_impure_ptr)
/usr/lib/gcc/arm-none-eabi/12.2.1/../../../arm-none-eabi/lib/thumb/v6-m/nofp/libc.a(lib_a-init.o)
                              /usr/lib/gcc/arm-none-eabi/12.2.1/../../../arm-none-eabi/lib/thumb/v6-m/nofp/crt0.o (__libc_init_array)
/usr/lib/gcc/arm-none-eabi/12.2.1/../../../arm-none-eabi/lib/thumb/v6-m/nofp/libc.a(lib_a-malloc.o)
                              CMakeFiles/pwm_control.dir/home/andrey-shefa/pico/pico-sdk/src/rp2_common/pico_malloc/pico_malloc.c.obj (malloc)
/usr/lib/gcc/arm-none-eabi/12.2.1/../../../arm-none-eabi/lib/thumb/v6-m/nofp/libc.a(lib_a-mallocr.o)
                              /usr/lib/gcc/arm-none-eabi/12.2.1/../../../arm-none-eabi/lib/thumb/v6-m/nofp/libc.a(lib_a-callocr.o) (_malloc_r)
/usr/lib/gcc/arm-none-eabi/12.2.1/../../../arm-none-eabi/lib/thumb/v6-m/nofp/libc.a(lib_a-memcmp.o)
                              CMakeFiles/pwm_control.dir/home/andrey-shefa/pico/pico-sdk/lib/lwip/src/netif/ethernet.c.obj (memcmp)
/usr/lib/gcc/arm-none-eabi/12.2.1/../../../arm-none-eabi/lib/thumb/v6-m/nofp/libc.a(lib_a-memmove.o)
                              CMakeFiles/pwm_control.dir/home/andrey-shefa/pico/pico-sdk/lib/lwip/src/core/def.c.obj (memmove)
/usr/lib/gcc/arm-none-eabi/12.2.1/../../../arm-none-eabi/lib/thumb/v6-m/nofp/libc.a(lib_a-mlock.o)
                              /usr/lib/gcc/arm-none-eabi/12.2.1/../../../arm-none-eabi/lib/thumb/v6-m/nofp/libc.a(lib_a-mallocr.o) (__malloc_lock)
/usr/lib/gcc/arm-none-eabi/12.2.1/../../../arm-none-eabi/lib/thumb/v6-m/nofp/libc.a(lib_a-realloc.o)
                              CMakeFiles/pwm_control.dir/home/andrey-shefa/pico/pico-sdk/src/rp2_common/pico_malloc/pico_malloc.c.obj (realloc)
/usr/lib/gcc/arm-none-eabi/12.2.1/../../../arm-none-eabi/lib/thumb/v6-m/nofp/libc.a(lib_a-reallocr.o)
                              /usr/lib/gcc/arm-none-eabi/12.2.1/../../../arm-none-eabi/lib/thumb/v6-m/nofp/libc.a(lib_a-realloc.o) (_realloc_r)
/usr/lib/gcc/arm-none-eabi/12.2.1/../../../arm-none-eabi/lib/thumb/v6-m/nofp/libc.a(lib_a-sbrkr.o)
                              /usr/lib/gcc/arm-none-eabi/12.2.1/../../../arm-none-eabi/lib/thumb/v6-m/nofp/libc.a(lib_a-mallocr.o) (_sbrk_r)
/usr/lib/gcc/arm-none-eabi/12.2.1/../../../arm-none-eabi/lib/thumb/v6-m/nofp/libc.a(lib_a-strlen-stub.o)
                              CMakeFiles/pwm_control.dir/main.c.obj (strlen)
/usr/lib/gcc/arm-none-eabi/12.2.1/../../../arm-none-eabi/lib/thumb/v6-m/nofp/libc.a(lib_a-strncmp.o)
                              CMakeFiles/pwm_control.dir/home/andrey-shefa/pico/pico-sdk/lib/lwip/src/core/def.c.obj (strncmp)
/usr/lib/gcc/arm-none-eabi/12.2.1/../../../arm-none-eabi/lib/thumb/v6-m/nofp/libc.a(lib_a-strtol.o)
                              /usr/lib/gcc/arm-none-eabi/12.2.1/../../../arm-none-eabi/lib/thumb/v6-m/nofp/libc.a(lib_a-atoi.o) (_strtol_r)
/usr/lib/gcc/arm-none-eabi/12.2.1/../../../arm-none-eabi/lib/thumb/v6-m/nofp/libc.a(lib_a-__atexit.o)
                              /usr/lib/gcc/arm-none-eabi/12.2.1/../../../arm-none-eabi/lib/thumb/v6-m/nofp/libc.a(lib_a-atexit.o) (__register_exitproc)
[...]
Memory Configuration

Name             Origin             Length             Attributes
FLASH            0x10000000         0x00200000         xr
RAM              0x20000000         0x00040000         xrw
SCRATCH_X        0x20040000         0x00001000         xrw
SCRATCH_Y        0x20041000         0x00001000         xrw
*default*        0x00000000         0xffffffff

Linker script and memory map

LOAD /usr/lib/gcc/arm-none-eabi/12.2.1/thumb/v6-m/nofp/crti.o
LOAD /usr/lib/gcc/arm-none-eabi/12.2.1/thumb/v6-m/nofp/crtbegin.o
LOAD /usr/lib/gcc/arm-none-eabi/12.2.1/../../../arm-none-eabi/lib/thumb/v6-m/nofp/crt0.o

.flash_begin    0x10000000        0x0
                0x10000000                        __flash_binary_start = .

.boot2          0x10000000      0x100
                0x10000000                        __boot2_start__ = .
 *(.boot2)
 .boot2         0x10000000      0x100 /tmp/ccpWpk53.o
                0x10000100                        __boot2_end__ = .
                0x00000001                        ASSERT (((__boot2_end__ - __boot2_start__) == 0x100), ERROR: Pico second stage bootloader must be 256 bytes in size)

.text           0x10000100    0x160d8
                0x10000100                        __logical_binary_start = .
 *(.vectors)
 .vectors       0x10000100       0xd4 CMakeFiles/pwm_control.dir/home/andrey-shefa/pico/pico-sdk/src/rp2_common/pico_standard_link/crt0.S.obj
                0x10000100                __vectors
                0x10000100                __VECTOR_TABLE
                0x100001c0                isr_invalid
                0x100001c0                __default_isrs_start
                0x100001c2                isr_nmi
                0x100001c4                isr_hardfault
                0x100001c6                isr_svcall
                0x100001c8                isr_pendsv
                0x100001ca                isr_systick
                0x100001cc                isr_irq30
                0x100001cc                __unhandled_user_irq
                0x100001cc                isr_irq13
                0x100001cc                isr_irq27
                0x100001cc                isr_irq31
                0x100001cc                isr_irq5
                0x100001cc                isr_irq11
                0x100001cc                isr_irq23
                0x100001cc                isr_irq18
                0x100001cc                isr_irq28
                0x100001cc                isr_irq19
                0x100001cc                isr_irq0
                0x100001cc                isr_irq6
                0x100001cc                isr_irq22
                0x100001cc                isr_irq17
                0x100001cc                isr_irq14
                0x100001cc                isr_irq2
                0x100001cc                isr_irq10
                0x100001cc                isr_irq8
                0x100001cc                isr_irq24
                0x100001cc                isr_irq1
                0x100001cc                isr_irq7
                0x100001cc                isr_irq21
                0x100001cc                isr_irq20
                0x100001cc                isr_irq15
                0x100001cc                isr_irq25
                0x100001cc                isr_irq4
                0x100001cc                isr_irq16
                0x100001cc                isr_irq29
                0x100001cc                isr_irq26
                0x100001cc                __default_isrs_end
                0x100001cc                isr_irq3
                0x100001cc                isr_irq12
                0x100001cc                isr_irq9
                0x100001d2                unhandled_user_irq_num_in_r0
 *(.binary_info_header)
 .binary_info_header
                0x100001d4       0x14 CMakeFiles/pwm_control.dir/home/andrey-shefa/pico/pico-sdk/src/rp2_common/pico_standard_link/crt0.S.obj
                0x100001e8                        __binary_info_header_end = .
 *(.reset)
 .reset         0x100001e8       0xa0 CMakeFiles/pwm_control.dir/home/andrey-shefa/pico/pico-sdk/src/rp2_common/pico_standard_link/crt0.S.obj
                0x100001e8                _entry_point
 .reset         0x10000288       0x30 CMakeFiles/pwm_control.dir/home/andrey-shefa/pico/pico-sdk/src/rp2_common/pico_standard_link/binary_info.c.obj
 *(.init)
 .init          0x100002b8        0x4 /usr/lib/gcc/arm-none-eabi/12.2.1/thumb/v6-m/nofp/crti.o
                0x100002b8                _init
 *(EXCLUDE_FILE(*libm.a: *libc.a:*lib_a-mem*.o *libgcc.a:) .text*)
 .text          0x100002bc       0x98 /usr/lib/gcc/arm-none-eabi/12.2.1/thumb/v6-m/nofp/crtbegin.o
 .text.driveMotor
                0x10000354      0x114 CMakeFiles/pwm_control.dir/main.c.obj
                0x10000354                driveMotor
 .text.on_pwm_wrap
                0x10000468      0x300 CMakeFiles/pwm_control.dir/main.c.obj
                0x10000468                on_pwm_wrap
 .text.process_data
                0x10000768       0xac CMakeFiles/pwm_control.dir/main.c.obj
                0x10000768                process_data
 .text.udp_receive_callback
                0x10000814       0xbc CMakeFiles/pwm_control.dir/main.c.obj
                0x10000814                udp_receive_callback
 .text.initPins
                0x100008d0       0xf4 CMakeFiles/pwm_control.dir/main.c.obj
                0x100008d0                initPins
 .text.init_wireless
                0x100009c4       0xc8 CMakeFiles/pwm_control.dir/main.c.obj
                0x100009c4                init_wireless
 .text.startup.main
                0x10000a8c       0x14 CMakeFiles/pwm_control.dir/main.c.obj
                0x10000a8c                main
 .text.gpio_set_function
                0x10000aa0       0x30 CMakeFiles/pwm_control.dir/home/andrey-shefa/pico/pico-sdk/src/rp2_common/hardware_gpio/gpio.c.obj
                0x10000aa0                gpio_set_function
 .text.gpio_set_pulls
                0x10000ad0       0x24 CMakeFiles/pwm_control.dir/home/andrey-shefa/pico/pico-sdk/src/rp2_common/hardware_gpio/gpio.c.obj
                0x10000ad0                gpio_set_pulls
 .text.gpio_set_input_hysteresis_enabled
                0x10000af4       0x28 CMakeFiles/pwm_control.dir/home/andrey-shefa/pico/pico-sdk/src/rp2_common/hardware_gpio/gpio.c.obj
                0x10000af4                gpio_set_input_hysteresis_enabled
 .text.gpio_set_irq_enabled
                0x10000b1c       0x54 CMakeFiles/pwm_control.dir/home/andrey-shefa/pico/pico-sdk/src/rp2_common/hardware_gpio/gpio.c.obj
                0x10000b1c                gpio_set_irq_enabled
 .text.gpio_add_raw_irq_handler_with_order_priority_masked
                0x10000b70       0x44 CMakeFiles/pwm_control.dir/home/andrey-shefa/pico/pico-sdk/src/rp2_common/hardware_gpio/gpio.c.obj
                0x10000b70                gpio_add_raw_irq_handler_with_order_priority_masked
 .text.gpio_remove_raw_irq_handler_masked
                0x10000bb4       0x20 CMakeFiles/pwm_control.dir/home/andrey-shefa/pico/pico-sdk/src/rp2_common/hardware_gpio/gpio.c.obj
                0x10000bb4                gpio_remove_raw_irq_handler_masked
 .text.gpio_init
                0x10000bd4       0x3c CMakeFiles/pwm_control.dir/home/andrey-shefa/pico/pico-sdk/src/rp2_common/hardware_gpio/gpio.c.obj
                0x10000bd4                gpio_init
 .text.running_on_fpga
                0x10000c10       0x10 CMakeFiles/pwm_control.dir/home/andrey-shefa/pico/pico-sdk/src/rp2_common/pico_platform/platform.c.obj
                0x10000c10                running_on_fpga
 .text.hw_claim_lock
                0x10000c20       0x18 CMakeFiles/pwm_control.dir/home/andrey-shefa/pico/pico-sdk/src/rp2_common/hardware_claim/claim.c.obj
                0x10000c20                hw_claim_lock
 .text.hw_claim_unlock
                0x10000c38       0x14 CMakeFiles/pwm_control.dir/home/andrey-shefa/pico/pico-sdk/src/rp2_common/hardware_claim/claim.c.obj
                0x10000c38                hw_claim_unlock
 .text.hw_claim_or_assert
                0x10000c4c       0x44 CMakeFiles/pwm_control.dir/home/andrey-shefa/pico/pico-sdk/src/rp2_common/hardware_claim/claim.c.obj
                0x10000c4c                hw_claim_or_assert
 .text.hw_claim_unused_from_range
                0x10000c90       0x9c CMakeFiles/pwm_control.dir/home/andrey-shefa/pico/pico-sdk/src/rp2_common/hardware_claim/claim.c.obj
                0x10000c90                hw_claim_unused_from_range
 .text.hw_claim_clear
                0x10000d2c       0x38 CMakeFiles/pwm_control.dir/home/andrey-shefa/pico/pico-sdk/src/rp2_common/hardware_claim/claim.c.obj
                0x10000d2c                hw_claim_clear
 .text.spin_locks_reset
                0x10000d64       0x1c CMakeFiles/pwm_control.dir/home/andrey-shefa/pico/pico-sdk/src/rp2_common/hardware_sync/sync.c.obj
                0x10000d64                spin_locks_reset
 .text.next_striped_spin_lock_num
                0x10000d80       0x18 CMakeFiles/pwm_control.dir/home/andrey-shefa/pico/pico-sdk/src/rp2_common/hardware_sync/sync.c.obj
                0x10000d80                next_striped_spin_lock_num
 .text.spin_lock_claim_unused
                0x10000d98       0x24 CMakeFiles/pwm_control.dir/home/andrey-shefa/pico/pico-sdk/src/rp2_common/hardware_sync/sync.c.obj
                0x10000d98                spin_lock_claim_unused
 .text.irq_set_enabled
                0x10000dbc       0x24 CMakeFiles/pwm_control.dir/home/andrey-shefa/pico/pico-sdk/src/rp2_common/hardware_irq/irq.c.obj
                0x10000dbc                irq_set_enabled
 .text.irq_set_pending
                0x10000de0       0x10 CMakeFiles/pwm_control.dir/home/andrey-shefa/pico/pico-sdk/src/rp2_common/hardware_irq/irq.c.obj
                0x10000de0                irq_set_pending
 .text.irq_has_shared_handler
                0x10000df0       0x2c CMakeFiles/pwm_control.dir/home/andrey-shefa/pico/pico-sdk/src/rp2_common/hardware_irq/irq.c.obj
                0x10000df0                irq_has_shared_handler
 .text.irq_get_vtable_handler
                0x10000e1c       0x10 CMakeFiles/pwm_control.dir/home/andrey-shefa/pico/pico-sdk/src/rp2_common/hardware_irq/irq.c.obj
                0x10000e1c                irq_get_vtable_handler
 .text.irq_set_exclusive_handler
                0x10000e2c       0x54 CMakeFiles/pwm_control.dir/home/andrey-shefa/pico/pico-sdk/src/rp2_common/hardware_irq/irq.c.obj
                0x10000e2c                irq_set_exclusive_handler
 .text.irq_add_shared_handler
                0x10000e80      0x1f4 CMakeFiles/pwm_control.dir/home/andrey-shefa/pico/pico-sdk/src/rp2_common/hardware_irq/irq.c.obj
                0x10000e80                irq_add_shared_handler
 .text.irq_remove_handler
                0x10001074      0x1c4 CMakeFiles/pwm_control.dir/home/andrey-shefa/pico/pico-sdk/src/rp2_common/hardware_irq/irq.c.obj
                0x10001074                irq_remove_handler
 .text.irq_add_tail_to_free_list
                0x10001238       0xb4 CMakeFiles/pwm_control.dir/home/andrey-shefa/pico/pico-sdk/src/rp2_common/hardware_irq/irq.c.obj
                0x10001238                irq_add_tail_to_free_list
 .text.irq_init_priorities
                0x100012ec       0x24 CMakeFiles/pwm_control.dir/home/andrey-shefa/pico/pico-sdk/src/rp2_common/hardware_irq/irq.c.obj
                0x100012ec                irq_init_priorities
 .text.user_irq_claim_unused
                0x10001310       0x2c CMakeFiles/pwm_control.dir/home/andrey-shefa/pico/pico-sdk/src/rp2_common/hardware_irq/irq.c.obj
                0x10001310                user_irq_claim_unused
 .text.sem_init
                0x1000133c       0x20 CMakeFiles/pwm_control.dir/home/andrey-shefa/pico/pico-sdk/src/common/pico_sync/sem.c.obj
                0x1000133c                sem_init
 .text.lock_init
                0x1000135c       0x10 CMakeFiles/pwm_control.dir/home/andrey-shefa/pico/pico-sdk/src/common/pico_sync/lock_core.c.obj
                0x1000135c                lock_init
 .text.mutex_init
                0x1000136c       0x1c CMakeFiles/pwm_control.dir/home/andrey-shefa/pico/pico-sdk/src/common/pico_sync/mutex.c.obj
                0x1000136c                mutex_init
 .text.recursive_mutex_init
                0x10001388       0x1c CMakeFiles/pwm_control.dir/home/andrey-shefa/pico/pico-sdk/src/common/pico_sync/mutex.c.obj
                0x10001388                recursive_mutex_init
 .text.critical_section_init
                0x100013a4       0x1c CMakeFiles/pwm_control.dir/home/andrey-shefa/pico/pico-sdk/src/common/pico_sync/critical_section.c.obj
                0x100013a4                critical_section_init
 .text.critical_section_init_with_lock_num
                0x100013c0       0x14 CMakeFiles/pwm_control.dir/home/andrey-shefa/pico/pico-sdk/src/common/pico_sync/critical_section.c.obj
                0x100013c0                critical_section_init_with_lock_num
 .text.timer_pool_entry_comparator
                0x100013d4       0x34 CMakeFiles/pwm_control.dir/home/andrey-shefa/pico/pico-sdk/src/common/pico_time/time.c.obj
                0x100013d4                timer_pool_entry_comparator
 .text.sleep_until_callback
                0x10001408       0x30 CMakeFiles/pwm_control.dir/home/andrey-shefa/pico/pico-sdk/src/common/pico_time/time.c.obj
 .text.add_alarm_under_lock.isra.0
                0x10001438      0x100 CMakeFiles/pwm_control.dir/home/andrey-shefa/pico/pico-sdk/src/common/pico_time/time.c.obj
 .text.alarm_pool_alarm_callback
                0x10001538      0x1c0 CMakeFiles/pwm_control.dir/home/andrey-shefa/pico/pico-sdk/src/common/pico_time/time.c.obj
 .text.alarm_pool_init_default
                0x100016f8       0x6c CMakeFiles/pwm_control.dir/home/andrey-shefa/pico/pico-sdk/src/common/pico_time/time.c.obj
                0x100016f8                alarm_pool_init_default
 .text.alarm_pool_get_default
                0x10001764        0x8 CMakeFiles/pwm_control.dir/home/andrey-shefa/pico/pico-sdk/src/common/pico_time/time.c.obj
                0x10001764                alarm_pool_get_default
 .text.alarm_pool_add_alarm_at
                0x1000176c      0x188 CMakeFiles/pwm_control.dir/home/andrey-shefa/pico/pico-sdk/src/common/pico_time/time.c.obj
                0x1000176c                alarm_pool_add_alarm_at
 .text.alarm_pool_core_num
                0x100018f4        0x4 CMakeFiles/pwm_control.dir/home/andrey-shefa/pico/pico-sdk/src/common/pico_time/time.c.obj
                0x100018f4                alarm_pool_core_num
 .text.sleep_until
                0x100018f8       0xc4 CMakeFiles/pwm_control.dir/home/andrey-shefa/pico/pico-sdk/src/common/pico_time/time.c.obj
                0x100018f8                sleep_until
 .text.sleep_ms
                0x100019bc       0x38 CMakeFiles/pwm_control.dir/home/andrey-shefa/pico/pico-sdk/src/common/pico_time/time.c.obj
                0x100019bc                sleep_ms
 .text.best_effort_wfe_or_timeout
                0x100019f4       0xec CMakeFiles/pwm_control.dir/home/andrey-shefa/pico/pico-sdk/src/common/pico_time/time.c.obj
                0x100019f4                best_effort_wfe_or_timeout
 .text.hardware_alarm_irq_handler
                0x10001ae0       0xbc CMakeFiles/pwm_control.dir/home/andrey-shefa/pico/pico-sdk/src/rp2_common/hardware_timer/timer.c.obj
 .text.hardware_alarm_claim
                0x10001b9c       0x18 CMakeFiles/pwm_control.dir/home/andrey-shefa/pico/pico-sdk/src/rp2_common/hardware_timer/timer.c.obj
                0x10001b9c                hardware_alarm_claim
 .text.time_us_64
                0x10001bb4       0x14 CMakeFiles/pwm_control.dir/home/andrey-shefa/pico/pico-sdk/src/rp2_common/hardware_timer/timer.c.obj
                0x10001bb4                time_us_64
 .text.busy_wait_until
                0x10001bc8       0x20 CMakeFiles/pwm_control.dir/home/andrey-shefa/pico/pico-sdk/src/rp2_common/hardware_timer/timer.c.obj
                0x10001bc8                busy_wait_until
 .text.hardware_alarm_set_callback
                0x10001be8       0x8c CMakeFiles/pwm_control.dir/home/andrey-shefa/pico/pico-sdk/src/rp2_common/hardware_timer/timer.c.obj
                0x10001be8                hardware_alarm_set_callback
 .text.hardware_alarm_set_target
                0x10001c74       0xd0 CMakeFiles/pwm_control.dir/home/andrey-shefa/pico/pico-sdk/src/rp2_common/hardware_timer/timer.c.obj
                0x10001c74                hardware_alarm_set_target
 .text.hardware_alarm_cancel
                0x10001d44       0x3c CMakeFiles/pwm_control.dir/home/andrey-shefa/pico/pico-sdk/src/rp2_common/hardware_timer/timer.c.obj
                0x10001d44                hardware_alarm_cancel
 .text.ph_merge_nodes
                0x10001d80       0x64 CMakeFiles/pwm_control.dir/home/andrey-shefa/pico/pico-sdk/src/common/pico_util/pheap.c.obj
 .text.ph_post_alloc_init
                0x10001de4       0x3c CMakeFiles/pwm_control.dir/home/andrey-shefa/pico/pico-sdk/src/common/pico_util/pheap.c.obj
                0x10001de4                ph_post_alloc_init
 .text.ph_merge_two_pass
                0x10001e20       0x98 CMakeFiles/pwm_control.dir/home/andrey-shefa/pico/pico-sdk/src/common/pico_util/pheap.c.obj
                0x10001e20                ph_merge_two_pass
 .text.ph_remove_any_head
                0x10001eb8      0x100 CMakeFiles/pwm_control.dir/home/andrey-shefa/pico/pico-sdk/src/common/pico_util/pheap.c.obj
 .text.ph_remove_head
                0x10001fb8      0x104 CMakeFiles/pwm_control.dir/home/andrey-shefa/pico/pico-sdk/src/common/pico_util/pheap.c.obj
                0x10001fb8                ph_remove_head
 .text.ph_remove_and_free_node
                0x100020bc       0x78 CMakeFiles/pwm_control.dir/home/andrey-shefa/pico/pico-sdk/src/common/pico_util/pheap.c.obj
                0x100020bc                ph_remove_and_free_node
 .text.clocks_init
                0x10002134      0x2c8 CMakeFiles/pwm_control.dir/home/andrey-shefa/pico/pico-sdk/src/rp2_common/hardware_clocks/clocks.c.obj
                0x10002134                clocks_init
 .text.clock_get_hz
                0x100023fc        0xc CMakeFiles/pwm_control.dir/home/andrey-shefa/pico/pico-sdk/src/rp2_common/hardware_clocks/clocks.c.obj
                0x100023fc                clock_get_hz
 .text.pll_init
                0x10002408       0xa0 CMakeFiles/pwm_control.dir/home/andrey-shefa/pico/pico-sdk/src/rp2_common/hardware_pll/pll.c.obj
                0x10002408                pll_init
 .text.watchdog_start_tick
                0x100024a8       0x10 CMakeFiles/pwm_control.dir/home/andrey-shefa/pico/pico-sdk/src/rp2_common/hardware_watchdog/watchdog.c.obj
                0x100024a8                watchdog_start_tick
 .text.watchdog_reboot
                0x100024b8       0x9c CMakeFiles/pwm_control.dir/home/andrey-shefa/pico/pico-sdk/src/rp2_common/hardware_watchdog/watchdog.c.obj
                0x100024b8                watchdog_reboot
 .text.xosc_init
                0x10002554       0x28 CMakeFiles/pwm_control.dir/home/andrey-shefa/pico/pico-sdk/src/rp2_common/hardware_xosc/xosc.c.obj
                0x10002554                xosc_init
 .text.runtime_init
                0x1000257c       0xf0 CMakeFiles/pwm_control.dir/home/andrey-shefa/pico/pico-sdk/src/rp2_common/pico_runtime/runtime.c.obj
                0x1000257c                runtime_init
 .text._exit    0x1000266c        0x4 CMakeFiles/pwm_control.dir/home/andrey-shefa/pico/pico-sdk/src/rp2_common/pico_runtime/runtime.c.obj
                0x1000266c                _exit
 .text._sbrk    0x10002670       0x34 CMakeFiles/pwm_control.dir/home/andrey-shefa/pico/pico-sdk/src/rp2_common/pico_runtime/runtime.c.obj
                0x10002670                _sbrk
 .text.exit     0x100026a4        0x8 CMakeFiles/pwm_control.dir/home/andrey-shefa/pico/pico-sdk/src/rp2_common/pico_runtime/runtime.c.obj
                0x100026a4                exit
 .text.panic    0x100026ac       0x30 CMakeFiles/pwm_control.dir/home/andrey-shefa/pico/pico-sdk/src/rp2_common/pico_runtime/runtime.c.obj
                0x100026ac                panic
 .text.hard_assertion_failure
                0x100026dc        0xc CMakeFiles/pwm_control.dir/home/andrey-shefa/pico/pico-sdk/src/rp2_common/pico_runtime/runtime.c.obj
                0x100026dc                hard_assertion_failure
 .text._out_null
                0x100026e8        0x4 CMakeFiles/pwm_control.dir/home/andrey-shefa/pico/pico-sdk/src/rp2_common/pico_printf/printf.c.obj
 .text._out_rev
                0x100026ec       0x90 CMakeFiles/pwm_control.dir/home/andrey-shefa/pico/pico-sdk/src/rp2_common/pico_printf/printf.c.obj
 .text._ntoa_format
                0x1000277c      0x1f4 CMakeFiles/pwm_control.dir/home/andrey-shefa/pico/pico-sdk/src/rp2_common/pico_printf/printf.c.obj
 .text._out_char
                0x10002970       0x10 CMakeFiles/pwm_control.dir/home/andrey-shefa/pico/pico-sdk/src/rp2_common/pico_printf/printf.c.obj
 .text._out_fct
                0x10002980       0x10 CMakeFiles/pwm_control.dir/home/andrey-shefa/pico/pico-sdk/src/rp2_common/pico_printf/printf.c.obj
 .text._etoa    0x10002990      0x454 CMakeFiles/pwm_control.dir/home/andrey-shefa/pico/pico-sdk/src/rp2_common/pico_printf/printf.c.obj
 .text._ftoa    0x10002de4      0x3c4 CMakeFiles/pwm_control.dir/home/andrey-shefa/pico/pico-sdk/src/rp2_common/pico_printf/printf.c.obj
 .text._vsnprintf
                0x100031a8      0xb24 CMakeFiles/pwm_control.dir/home/andrey-shefa/pico/pico-sdk/src/rp2_common/pico_printf/printf.c.obj
 .text.vfctprintf
                0x10003ccc       0x20 CMakeFiles/pwm_control.dir/home/andrey-shefa/pico/pico-sdk/src/rp2_common/pico_printf/printf.c.obj
                0x10003ccc                vfctprintf
 .text.weak_raw_vprintf
                0x10003cec       0x30 CMakeFiles/pwm_control.dir/home/andrey-shefa/pico/pico-sdk/src/rp2_common/pico_printf/printf.c.obj
                0x10003cec                weak_raw_vprintf
 .text          0x10003d1c       0x10 CMakeFiles/pwm_control.dir/home/andrey-shefa/pico/pico-sdk/src/rp2_common/pico_bit_ops/bit_ops_aeabi.S.obj
 .text.ctzsi    0x10003d2c        0xc CMakeFiles/pwm_control.dir/home/andrey-shefa/pico/pico-sdk/src/rp2_common/pico_bit_ops/bit_ops_aeabi.S.obj
                0x10003d2c                __wrap___ctzsi2
 .text.rom_func_lookup
                0x10003d38       0x10 CMakeFiles/pwm_control.dir/home/andrey-shefa/pico/pico-sdk/src/rp2_common/pico_bootrom/bootrom.c.obj
                0x10003d38                rom_func_lookup
 .text.rom_data_lookup
                0x10003d48       0x10 CMakeFiles/pwm_control.dir/home/andrey-shefa/pico/pico-sdk/src/rp2_common/pico_bootrom/bootrom.c.obj
                0x10003d48                rom_data_lookup
 .text.rom_funcs_lookup
                0x10003d58       0x44 CMakeFiles/pwm_control.dir/home/andrey-shefa/pico/pico-sdk/src/rp2_common/pico_bootrom/bootrom.c.obj
                0x10003d58                rom_funcs_lookup
 .text.__wrap___aeabi_idiv
                0x10003d9c       0x50 CMakeFiles/pwm_control.dir/home/andrey-shefa/pico/pico-sdk/src/rp2_common/pico_divider/divider.S.obj
                0x10003d9c                __wrap___aeabi_idivmod
                0x10003d9c                divmod_s32s32
                0x10003d9c                div_s32s32
                0x10003d9c                __wrap___aeabi_idiv
                0x10003da4                divmod_s32s32_unsafe
                0x10003dd0                divmod_s32s32_savestate
 .text.__wrap___aeabi_uidiv
                0x10003dec       0x4c CMakeFiles/pwm_control.dir/home/andrey-shefa/pico/pico-sdk/src/rp2_common/pico_divider/divider.S.obj
                0x10003dec                __wrap___aeabi_uidiv
                0x10003dec                __wrap___aeabi_uidivmod
                0x10003dec                div_u32u32
                0x10003dec                divmod_u32u32
                0x10003df4                divmod_u32u32_unsafe
                0x10003e1c                divmod_u32u32_savestate
 .text.__wrap___aeabi_ldiv
                0x10003e38      0x424 CMakeFiles/pwm_control.dir/home/andrey-shefa/pico/pico-sdk/src/rp2_common/pico_divider/divider.S.obj
                0x10003e38                div_s64s64
                0x10003e38                divmod_s64s64
                0x10003e38                __wrap___aeabi_ldivmod
                0x10003e68                div_u64u64
                0x10003e68                divmod_u64u64
                0x10003e68                __wrap___aeabi_uldivmod
                0x10003e78                divmod_u64u64_savestate
                0x10003e98                divmod_s64s64_unsafe
                0x10003f20                divmod_u64u64_unsafe
 .text.__wrap___aeabi_darithmetic
                0x1000425c       0x60 CMakeFiles/pwm_control.dir/home/andrey-shefa/pico/pico-sdk/src/rp2_common/pico_double/double_aeabi.S.obj
                0x1000425c                __wrap___aeabi_drsub
                0x10004262                __wrap___aeabi_dsub
                0x1000426c                __wrap___aeabi_dadd
                0x10004276                __wrap___aeabi_ddiv
                0x100042aa                __wrap___aeabi_dmul
 .text.__wrap___aeabi_cdcmple
                0x100042bc       0x6c CMakeFiles/pwm_control.dir/home/andrey-shefa/pico/pico-sdk/src/rp2_common/pico_double/double_aeabi.S.obj
                0x100042bc                __wrap___aeabi_cdrcmple
                0x100042cc                __wrap___aeabi_cdcmple
                0x100042cc                __wrap___aeabi_cdcmpeq
 .text.__wrap___aeabi_dcmplt
                0x10004328        0xc CMakeFiles/pwm_control.dir/home/andrey-shefa/pico/pico-sdk/src/rp2_common/pico_double/double_aeabi.S.obj
                0x10004328                __wrap___aeabi_dcmplt
 .text.__wrap___aeabi_dcmpge
                0x10004334       0x10 CMakeFiles/pwm_control.dir/home/andrey-shefa/pico/pico-sdk/src/rp2_common/pico_double/double_aeabi.S.obj
                0x10004334                __wrap___aeabi_dcmpge
 .text.__wrap___aeabi_dcmpgt
                0x10004344        0xa CMakeFiles/pwm_control.dir/home/andrey-shefa/pico/pico-sdk/src/rp2_common/pico_double/double_aeabi.S.obj
                0x10004344                __wrap___aeabi_dcmpgt
 .text.__wrap___aeabi_dcmpun
                0x1000434e       0x1c CMakeFiles/pwm_control.dir/home/andrey-shefa/pico/pico-sdk/src/rp2_common/pico_double/double_aeabi.S.obj
                0x1000434e                __wrap___aeabi_dcmpun
 *fill*         0x1000436a        0x2 
 .text.__wrap___aeabi_i2d
                0x1000436c       0x38 CMakeFiles/pwm_control.dir/home/andrey-shefa/pico/pico-sdk/src/rp2_common/pico_double/double_aeabi.S.obj
                0x1000436c                __wrap___aeabi_ui2d
                0x10004374                __wrap___aeabi_i2d
 .text.__wrap___aeabi_d2iz
                0x100043a4       0x48 CMakeFiles/pwm_control.dir/home/andrey-shefa/pico/pico-sdk/src/rp2_common/pico_double/double_aeabi.S.obj
                0x100043a4                __wrap___aeabi_d2iz
                0x100043a4                double2int_z
 .text.__wrap___aeabi_d2uiz
                0x100043ec       0x10 CMakeFiles/pwm_control.dir/home/andrey-shefa/pico/pico-sdk/src/rp2_common/pico_double/double_aeabi.S.obj
                0x100043ec                double2uint
                0x100043ec                __wrap___aeabi_d2uiz
 .text.missing_double_func_shim
                0x100043fc        0xc CMakeFiles/pwm_control.dir/home/andrey-shefa/pico/pico-sdk/src/rp2_common/pico_double/double_init_rom.c.obj
 .text.__aeabi_double_init
                0x10004408       0x94 CMakeFiles/pwm_control.dir/home/andrey-shefa/pico/pico-sdk/src/rp2_common/pico_double/double_init_rom.c.obj
                0x10004408                __aeabi_double_init
 .text.double_table_shim_on_use_helper
                0x1000449c       0x2c CMakeFiles/pwm_control.dir/home/andrey-shefa/pico/pico-sdk/src/rp2_common/pico_double/double_v1_rom_shim.S.obj
                0x1000449c                double_table_shim_on_use_helper
 .text.__aeabi_lmul
                0x100044c8       0x32 CMakeFiles/pwm_control.dir/home/andrey-shefa/pico/pico-sdk/src/rp2_common/pico_int64_ops/pico_int64_ops_aeabi.S.obj
                0x100044c8                __wrap___aeabi_lmul
 *fill*         0x100044fa        0x2 
 .text.missing_float_func_shim
                0x100044fc        0xc CMakeFiles/pwm_control.dir/home/andrey-shefa/pico/pico-sdk/src/rp2_common/pico_float/float_init_rom.c.obj
 .text.__aeabi_float_init
                0x10004508       0x5c CMakeFiles/pwm_control.dir/home/andrey-shefa/pico/pico-sdk/src/rp2_common/pico_float/float_init_rom.c.obj
                0x10004508                __aeabi_float_init
 .text.__wrap_malloc
                0x10004564       0x3c CMakeFiles/pwm_control.dir/home/andrey-shefa/pico/pico-sdk/src/rp2_common/pico_malloc/pico_malloc.c.obj
                0x10004564                __wrap_malloc
 .text.__wrap_free
                0x100045a0       0x20 CMakeFiles/pwm_control.dir/home/andrey-shefa/pico/pico-sdk/src/rp2_common/pico_malloc/pico_malloc.c.obj
                0x100045a0                __wrap_free
 .text          0x100045c0       0x10 CMakeFiles/pwm_control.dir/home/andrey-shefa/pico/pico-sdk/src/rp2_common/pico_mem_ops/mem_ops_aeabi.S.obj
                0x100045c0                __aeabi_mem_init
 .text.memset   0x100045d0        0xc CMakeFiles/pwm_control.dir/home/andrey-shefa/pico/pico-sdk/src/rp2_common/pico_mem_ops/mem_ops_aeabi.S.obj
                0x100045d0                __wrap_memset
 .text.memcpy   0x100045dc        0xc CMakeFiles/pwm_control.dir/home/andrey-shefa/pico/pico-sdk/src/rp2_common/pico_mem_ops/mem_ops_aeabi.S.obj
                0x100045dc                __wrap___aeabi_memcpy
                0x100045dc                __wrap_memcpy
 .text.stdio_out_chars_crlf
                0x100045e8       0xbc CMakeFiles/pwm_control.dir/home/andrey-shefa/pico/pico-sdk/src/rp2_common/pico_stdio/stdio.c.obj
 .text.stdio_buffered_printer
                0x100046a4       0x64 CMakeFiles/pwm_control.dir/home/andrey-shefa/pico/pico-sdk/src/rp2_common/pico_stdio/stdio.c.obj
 .text.__wrap_putchar
                0x10004708       0x98 CMakeFiles/pwm_control.dir/home/andrey-shefa/pico/pico-sdk/src/rp2_common/pico_stdio/stdio.c.obj
                0x10004708                __wrap_putchar
 .text.__wrap_puts
                0x100047a0       0xe0 CMakeFiles/pwm_control.dir/home/andrey-shefa/pico/pico-sdk/src/rp2_common/pico_stdio/stdio.c.obj
                0x100047a0                __wrap_puts
 .text.stdio_set_driver_enabled
                0x10004880       0x30 CMakeFiles/pwm_control.dir/home/andrey-shefa/pico/pico-sdk/src/rp2_common/pico_stdio/stdio.c.obj
                0x10004880                stdio_set_driver_enabled
 .text.__wrap_vprintf
                0x100048b0       0xd4 CMakeFiles/pwm_control.dir/home/andrey-shefa/pico/pico-sdk/src/rp2_common/pico_stdio/stdio.c.obj
                0x100048b0                __wrap_vprintf
 .text.__wrap_printf
                0x10004984       0x18 CMakeFiles/pwm_control.dir/home/andrey-shefa/pico/pico-sdk/src/rp2_common/pico_stdio/stdio.c.obj
                0x10004984                __wrap_printf
 .text.stdio_init_all
                0x1000499c        0x8 CMakeFiles/pwm_control.dir/home/andrey-shefa/pico/pico-sdk/src/rp2_common/pico_stdio/stdio.c.obj
                0x1000499c                stdio_init_all
 .text.resetd_init
                0x100049a4        0x4 CMakeFiles/pwm_control.dir/home/andrey-shefa/pico/pico-sdk/src/rp2_common/pico_stdio_usb/reset_interface.c.obj
 .text.resetd_reset
                0x100049a8        0xc CMakeFiles/pwm_control.dir/home/andrey-shefa/pico/pico-sdk/src/rp2_common/pico_stdio_usb/reset_interface.c.obj
 .text.resetd_open
                0x100049b4       0x28 CMakeFiles/pwm_control.dir/home/andrey-shefa/pico/pico-sdk/src/rp2_common/pico_stdio_usb/reset_interface.c.obj
 .text.resetd_xfer_cb
                0x100049dc        0x4 CMakeFiles/pwm_control.dir/home/andrey-shefa/pico/pico-sdk/src/rp2_common/pico_stdio_usb/reset_interface.c.obj
 .text.resetd_control_xfer_cb
                0x100049e0       0x60 CMakeFiles/pwm_control.dir/home/andrey-shefa/pico/pico-sdk/src/rp2_common/pico_stdio_usb/reset_interface.c.obj
 .text.usbd_app_driver_get_cb
                0x10004a40        0xc CMakeFiles/pwm_control.dir/home/andrey-shefa/pico/pico-sdk/src/rp2_common/pico_stdio_usb/reset_interface.c.obj
                0x10004a40                usbd_app_driver_get_cb
 .text.tud_cdc_line_coding_cb
                0x10004a4c       0x34 CMakeFiles/pwm_control.dir/home/andrey-shefa/pico/pico-sdk/src/rp2_common/pico_stdio_usb/reset_interface.c.obj
                0x10004a4c                tud_cdc_line_coding_cb
 .text.stdio_usb_set_chars_available_callback
                0x10004a80       0x14 CMakeFiles/pwm_control.dir/home/andrey-shefa/pico/pico-sdk/src/rp2_common/pico_stdio_usb/stdio_usb.c.obj
                0x10004a80                stdio_usb_set_chars_available_callback
 .text.usb_irq  0x10004a94       0x10 CMakeFiles/pwm_control.dir/home/andrey-shefa/pico/pico-sdk/src/rp2_common/pico_stdio_usb/stdio_usb.c.obj
 .text.timer_task
                0x10004aa4       0x54 CMakeFiles/pwm_control.dir/home/andrey-shefa/pico/pico-sdk/src/rp2_common/pico_stdio_usb/stdio_usb.c.obj
 .text.stdio_usb_in_chars
                0x10004af8       0x90 CMakeFiles/pwm_control.dir/home/andrey-shefa/pico/pico-sdk/src/rp2_common/pico_stdio_usb/stdio_usb.c.obj
                0x10004af8                stdio_usb_in_chars
 .text.stdio_usb_out_chars
                0x10004b88      0x104 CMakeFiles/pwm_control.dir/home/andrey-shefa/pico/pico-sdk/src/rp2_common/pico_stdio_usb/stdio_usb.c.obj
 .text.low_priority_worker_irq
                0x10004c8c       0xa8 CMakeFiles/pwm_control.dir/home/andrey-shefa/pico/pico-sdk/src/rp2_common/pico_stdio_usb/stdio_usb.c.obj
 .text.tud_cdc_rx_cb
                0x10004d34       0x20 CMakeFiles/pwm_control.dir/home/andrey-shefa/pico/pico-sdk/src/rp2_common/pico_stdio_usb/stdio_usb.c.obj
                0x10004d34                tud_cdc_rx_cb
 .text.stdio_usb_init
                0x10004d54       0xe0 CMakeFiles/pwm_control.dir/home/andrey-shefa/pico/pico-sdk/src/rp2_common/pico_stdio_usb/stdio_usb.c.obj
                0x10004d54                stdio_usb_init
 .text.tud_descriptor_device_cb
                0x10004e34        0x8 CMakeFiles/pwm_control.dir/home/andrey-shefa/pico/pico-sdk/src/rp2_common/pico_stdio_usb/stdio_usb_descriptors.c.obj
                0x10004e34                tud_descriptor_device_cb
 .text.tud_descriptor_configuration_cb
                0x10004e3c        0x8 CMakeFiles/pwm_control.dir/home/andrey-shefa/pico/pico-sdk/src/rp2_common/pico_stdio_usb/stdio_usb_descriptors.c.obj
                0x10004e3c                tud_descriptor_configuration_cb
 .text.tud_descriptor_string_cb
                0x10004e44       0x78 CMakeFiles/pwm_control.dir/home/andrey-shefa/pico/pico-sdk/src/rp2_common/pico_stdio_usb/stdio_usb_descriptors.c.obj
                0x10004e44                tud_descriptor_string_cb
 .text.startup._retrieve_unique_id_on_boot
                0x10004ebc       0x10 CMakeFiles/pwm_control.dir/home/andrey-shefa/pico/pico-sdk/src/rp2_common/pico_unique_id/unique_id.c.obj
 .text.pico_get_unique_board_id
                0x10004ecc       0x10 CMakeFiles/pwm_control.dir/home/andrey-shefa/pico/pico-sdk/src/rp2_common/pico_unique_id/unique_id.c.obj
                0x10004ecc                pico_get_unique_board_id
 .text.pico_get_unique_board_id_string
                0x10004edc      0x1a8 CMakeFiles/pwm_control.dir/home/andrey-shefa/pico/pico-sdk/src/rp2_common/pico_unique_id/unique_id.c.obj
                0x10004edc                pico_get_unique_board_id_string
 .text.flash_get_unique_id
                0x10005084       0x40 CMakeFiles/pwm_control.dir/home/andrey-shefa/pico/pico-sdk/src/rp2_common/hardware_flash/flash.c.obj
                0x10005084                flash_get_unique_id
 .text.dcd_int_enable
                0x100050c4        0xc CMakeFiles/pwm_control.dir/home/andrey-shefa/pico/pico-sdk/lib/tinyusb/src/portable/raspberrypi/rp2040/dcd_rp2040.c.obj
                0x100050c4                dcd_int_enable
 .text.dcd_set_address
                0x100050d0       0x14 CMakeFiles/pwm_control.dir/home/andrey-shefa/pico/pico-sdk/lib/tinyusb/src/portable/raspberrypi/rp2040/dcd_rp2040.c.obj
                0x100050d0                dcd_set_address
 .text.dcd_connect
                0x100050e4       0x10 CMakeFiles/pwm_control.dir/home/andrey-shefa/pico/pico-sdk/lib/tinyusb/src/portable/raspberrypi/rp2040/dcd_rp2040.c.obj
                0x100050e4                dcd_connect
 .text.dcd_init
                0x100050f4       0x98 CMakeFiles/pwm_control.dir/home/andrey-shefa/pico/pico-sdk/lib/tinyusb/src/portable/raspberrypi/rp2040/dcd_rp2040.c.obj
                0x100050f4                dcd_init
 .text.dcd_edpt0_status_complete
                0x1000518c       0x1c CMakeFiles/pwm_control.dir/home/andrey-shefa/pico/pico-sdk/lib/tinyusb/src/portable/raspberrypi/rp2040/dcd_rp2040.c.obj
                0x1000518c                dcd_edpt0_status_complete
 .text.dcd_edpt_open
                0x100051a8      0x108 CMakeFiles/pwm_control.dir/home/andrey-shefa/pico/pico-sdk/lib/tinyusb/src/portable/raspberrypi/rp2040/dcd_rp2040.c.obj
                0x100051a8                dcd_edpt_open
 .text.dcd_edpt_close_all
                0x100052b0        0x8 CMakeFiles/pwm_control.dir/home/andrey-shefa/pico/pico-sdk/lib/tinyusb/src/portable/raspberrypi/rp2040/dcd_rp2040.c.obj
                0x100052b0                dcd_edpt_close_all
 .text.dcd_edpt_xfer
                0x100052b8       0x24 CMakeFiles/pwm_control.dir/home/andrey-shefa/pico/pico-sdk/lib/tinyusb/src/portable/raspberrypi/rp2040/dcd_rp2040.c.obj
                0x100052b8                dcd_edpt_xfer
 .text.dcd_edpt_stall
                0x100052dc       0x38 CMakeFiles/pwm_control.dir/home/andrey-shefa/pico/pico-sdk/lib/tinyusb/src/portable/raspberrypi/rp2040/dcd_rp2040.c.obj
                0x100052dc                dcd_edpt_stall
 .text.dcd_edpt_clear_stall
                0x10005314       0x30 CMakeFiles/pwm_control.dir/home/andrey-shefa/pico/pico-sdk/lib/tinyusb/src/portable/raspberrypi/rp2040/dcd_rp2040.c.obj
                0x10005314                dcd_edpt_clear_stall
 .text.rp2040_usb_init
                0x10005344       0x4c CMakeFiles/pwm_control.dir/home/andrey-shefa/pico/pico-sdk/lib/tinyusb/src/portable/raspberrypi/rp2040/rp2040_usb.c.obj
                0x10005344                rp2040_usb_init
 .text.hw_endpoint_xfer_start
                0x10005390       0x40 CMakeFiles/pwm_control.dir/home/andrey-shefa/pico/pico-sdk/lib/tinyusb/src/portable/raspberrypi/rp2040/rp2040_usb.c.obj
                0x10005390                hw_endpoint_xfer_start
 .text.tud_mounted
                0x100053d0       0x10 CMakeFiles/pwm_control.dir/home/andrey-shefa/pico/pico-sdk/lib/tinyusb/src/device/usbd.c.obj
                0x100053d0                tud_mounted
 .text.tud_suspended
                0x100053e0       0x10 CMakeFiles/pwm_control.dir/home/andrey-shefa/pico/pico-sdk/lib/tinyusb/src/device/usbd.c.obj
                0x100053e0                tud_suspended
 .text.tud_inited
                0x100053f0       0x14 CMakeFiles/pwm_control.dir/home/andrey-shefa/pico/pico-sdk/lib/tinyusb/src/device/usbd.c.obj
                0x100053f0                tud_inited
 .text.tud_init
                0x10005404       0xd8 CMakeFiles/pwm_control.dir/home/andrey-shefa/pico/pico-sdk/lib/tinyusb/src/device/usbd.c.obj
                0x10005404                tud_init
 .text.tud_task_ext
                0x100054dc      0x8a8 CMakeFiles/pwm_control.dir/home/andrey-shefa/pico/pico-sdk/lib/tinyusb/src/device/usbd.c.obj
                0x100054dc                tud_task_ext
 .text.usbd_open_edpt_pair
                0x10005d84       0x9c CMakeFiles/pwm_control.dir/home/andrey-shefa/pico/pico-sdk/lib/tinyusb/src/device/usbd.c.obj
                0x10005d84                usbd_open_edpt_pair
 .text.usbd_defer_func
                0x10005e20       0x48 CMakeFiles/pwm_control.dir/home/andrey-shefa/pico/pico-sdk/lib/tinyusb/src/device/usbd.c.obj
                0x10005e20                usbd_defer_func
 .text.usbd_edpt_open
                0x10005e68       0x34 CMakeFiles/pwm_control.dir/home/andrey-shefa/pico/pico-sdk/lib/tinyusb/src/device/usbd.c.obj
                0x10005e68                usbd_edpt_open
 .text.usbd_edpt_claim
                0x10005e9c       0x28 CMakeFiles/pwm_control.dir/home/andrey-shefa/pico/pico-sdk/lib/tinyusb/src/device/usbd.c.obj
                0x10005e9c                usbd_edpt_claim
 .text.usbd_edpt_release
                0x10005ec4       0x28 CMakeFiles/pwm_control.dir/home/andrey-shefa/pico/pico-sdk/lib/tinyusb/src/device/usbd.c.obj
                0x10005ec4                usbd_edpt_release
 .text.usbd_edpt_xfer
                0x10005eec       0x4c CMakeFiles/pwm_control.dir/home/andrey-shefa/pico/pico-sdk/lib/tinyusb/src/device/usbd.c.obj
                0x10005eec                usbd_edpt_xfer
 .text.tud_control_status
                0x10005f38       0x2c CMakeFiles/pwm_control.dir/home/andrey-shefa/pico/pico-sdk/lib/tinyusb/src/device/usbd_control.c.obj
                0x10005f38                tud_control_status
 .text.tud_control_xfer
                0x10005f64       0xac CMakeFiles/pwm_control.dir/home/andrey-shefa/pico/pico-sdk/lib/tinyusb/src/device/usbd_control.c.obj
                0x10005f64                tud_control_xfer
 .text.usbd_control_reset
                0x10006010       0x14 CMakeFiles/pwm_control.dir/home/andrey-shefa/pico/pico-sdk/lib/tinyusb/src/device/usbd_control.c.obj
                0x10006010                usbd_control_reset
 .text.usbd_control_set_complete_callback
                0x10006024        0xc CMakeFiles/pwm_control.dir/home/andrey-shefa/pico/pico-sdk/lib/tinyusb/src/device/usbd_control.c.obj
                0x10006024                usbd_control_set_complete_callback
 .text.usbd_control_set_request
                0x10006030       0x1c CMakeFiles/pwm_control.dir/home/andrey-shefa/pico/pico-sdk/lib/tinyusb/src/device/usbd_control.c.obj
                0x10006030                usbd_control_set_request
 .text.usbd_control_xfer_cb
                0x1000604c       0xf4 CMakeFiles/pwm_control.dir/home/andrey-shefa/pico/pico-sdk/lib/tinyusb/src/device/usbd_control.c.obj
                0x1000604c                usbd_control_xfer_cb
 .text.tud_cdc_n_connected
                0x10006140       0x30 CMakeFiles/pwm_control.dir/home/andrey-shefa/pico/pico-sdk/lib/tinyusb/src/class/cdc/cdc_device.c.obj
                0x10006140                tud_cdc_n_connected
 .text.tud_cdc_n_available
                0x10006170       0x18 CMakeFiles/pwm_control.dir/home/andrey-shefa/pico/pico-sdk/lib/tinyusb/src/class/cdc/cdc_device.c.obj
                0x10006170                tud_cdc_n_available
 .text.tud_cdc_n_read
                0x10006188       0x70 CMakeFiles/pwm_control.dir/home/andrey-shefa/pico/pico-sdk/lib/tinyusb/src/class/cdc/cdc_device.c.obj
                0x10006188                tud_cdc_n_read
 .text.tud_cdc_n_write_flush
                0x100061f8       0x78 CMakeFiles/pwm_control.dir/home/andrey-shefa/pico/pico-sdk/lib/tinyusb/src/class/cdc/cdc_device.c.obj
                0x100061f8                tud_cdc_n_write_flush
 .text.tud_cdc_n_write
                0x10006270       0x34 CMakeFiles/pwm_control.dir/home/andrey-shefa/pico/pico-sdk/lib/tinyusb/src/class/cdc/cdc_device.c.obj
                0x10006270                tud_cdc_n_write
 .text.tud_cdc_n_write_available
                0x100062a4       0x18 CMakeFiles/pwm_control.dir/home/andrey-shefa/pico/pico-sdk/lib/tinyusb/src/class/cdc/cdc_device.c.obj
                0x100062a4                tud_cdc_n_write_available
 .text.cdcd_init
                0x100062bc       0x7c CMakeFiles/pwm_control.dir/home/andrey-shefa/pico/pico-sdk/lib/tinyusb/src/class/cdc/cdc_device.c.obj
                0x100062bc                cdcd_init
 .text.cdcd_reset
                0x10006338       0x2c CMakeFiles/pwm_control.dir/home/andrey-shefa/pico/pico-sdk/lib/tinyusb/src/class/cdc/cdc_device.c.obj
                0x10006338                cdcd_reset
 .text.cdcd_open
                0x10006364       0xe4 CMakeFiles/pwm_control.dir/home/andrey-shefa/pico/pico-sdk/lib/tinyusb/src/class/cdc/cdc_device.c.obj
                0x10006364                cdcd_open
 .text.cdcd_control_xfer_cb
                0x10006448       0xe4 CMakeFiles/pwm_control.dir/home/andrey-shefa/pico/pico-sdk/lib/tinyusb/src/class/cdc/cdc_device.c.obj
                0x10006448                cdcd_control_xfer_cb
 .text.cdcd_xfer_cb
                0x1000652c      0x13c CMakeFiles/pwm_control.dir/home/andrey-shefa/pico/pico-sdk/lib/tinyusb/src/class/cdc/cdc_device.c.obj
                0x1000652c                cdcd_xfer_cb
 .text.tusb_init
                0x10006668        0xc CMakeFiles/pwm_control.dir/home/andrey-shefa/pico/pico-sdk/lib/tinyusb/src/tusb.c.obj
                0x10006668                tusb_init
 .text.tusb_inited
                0x10006674        0x8 CMakeFiles/pwm_control.dir/home/andrey-shefa/pico/pico-sdk/lib/tinyusb/src/tusb.c.obj
                0x10006674                tusb_inited
 .text.tu_edpt_claim
                0x1000667c       0x50 CMakeFiles/pwm_control.dir/home/andrey-shefa/pico/pico-sdk/lib/tinyusb/src/tusb.c.obj
                0x1000667c                tu_edpt_claim
 .text.tu_edpt_release
                0x100066cc       0x38 CMakeFiles/pwm_control.dir/home/andrey-shefa/pico/pico-sdk/lib/tinyusb/src/tusb.c.obj
                0x100066cc                tu_edpt_release
 .text.tu_edpt_validate
                0x10006704       0x7c CMakeFiles/pwm_control.dir/home/andrey-shefa/pico/pico-sdk/lib/tinyusb/src/tusb.c.obj
                0x10006704                tu_edpt_validate
 .text.tu_edpt_bind_driver
                0x10006780       0x34 CMakeFiles/pwm_control.dir/home/andrey-shefa/pico/pico-sdk/lib/tinyusb/src/tusb.c.obj
                0x10006780                tu_edpt_bind_driver
 .text.tu_fifo_config
                0x100067b4       0x6c CMakeFiles/pwm_control.dir/home/andrey-shefa/pico/pico-sdk/lib/tinyusb/src/common/tusb_fifo.c.obj
                0x100067b4                tu_fifo_config
 .text.tu_fifo_count
                0x10006820       0x2c CMakeFiles/pwm_control.dir/home/andrey-shefa/pico/pico-sdk/lib/tinyusb/src/common/tusb_fifo.c.obj
                0x10006820                tu_fifo_count
 .text.tu_fifo_empty
                0x1000684c       0x10 CMakeFiles/pwm_control.dir/home/andrey-shefa/pico/pico-sdk/lib/tinyusb/src/common/tusb_fifo.c.obj
                0x1000684c                tu_fifo_empty
 .text.tu_fifo_remaining
                0x1000685c       0x2c CMakeFiles/pwm_control.dir/home/andrey-shefa/pico/pico-sdk/lib/tinyusb/src/common/tusb_fifo.c.obj
                0x1000685c                tu_fifo_remaining
 .text.tu_fifo_read
                0x10006888       0x9c CMakeFiles/pwm_control.dir/home/andrey-shefa/pico/pico-sdk/lib/tinyusb/src/common/tusb_fifo.c.obj
                0x10006888                tu_fifo_read
 .text.tu_fifo_read_n
                0x10006924       0xe8 CMakeFiles/pwm_control.dir/home/andrey-shefa/pico/pico-sdk/lib/tinyusb/src/common/tusb_fifo.c.obj
                0x10006924                tu_fifo_read_n
 .text.tu_fifo_write
                0x10006a0c       0x88 CMakeFiles/pwm_control.dir/home/andrey-shefa/pico/pico-sdk/lib/tinyusb/src/common/tusb_fifo.c.obj
                0x10006a0c                tu_fifo_write
 .text.tu_fifo_write_n
                0x10006a94      0x170 CMakeFiles/pwm_control.dir/home/andrey-shefa/pico/pico-sdk/lib/tinyusb/src/common/tusb_fifo.c.obj
                0x10006a94                tu_fifo_write_n
 .text.tu_fifo_clear
                0x10006c04       0x40 CMakeFiles/pwm_control.dir/home/andrey-shefa/pico/pico-sdk/lib/tinyusb/src/common/tusb_fifo.c.obj
                0x10006c04                tu_fifo_clear
 .text.tu_fifo_set_overwritable
                0x10006c44       0x48 CMakeFiles/pwm_control.dir/home/andrey-shefa/pico/pico-sdk/lib/tinyusb/src/common/tusb_fifo.c.obj
                0x10006c44                tu_fifo_set_overwritable
 .text.pio_sm_unclaim
                0x10006c8c       0x20 CMakeFiles/pwm_control.dir/home/andrey-shefa/pico/pico-sdk/src/rp2_common/hardware_pio/pio.c.obj
                0x10006c8c                pio_sm_unclaim
 .text.pio_claim_unused_sm
                0x10006cac       0x3c CMakeFiles/pwm_control.dir/home/andrey-shefa/pico/pico-sdk/src/rp2_common/hardware_pio/pio.c.obj
                0x10006cac                pio_claim_unused_sm
 .text.pio_can_add_program
                0x10006ce8       0x68 CMakeFiles/pwm_control.dir/home/andrey-shefa/pico/pico-sdk/src/rp2_common/hardware_pio/pio.c.obj
                0x10006ce8                pio_can_add_program
 .text.pio_add_program
                0x10006d50       0xf0 CMakeFiles/pwm_control.dir/home/andrey-shefa/pico/pico-sdk/src/rp2_common/hardware_pio/pio.c.obj
                0x10006d50                pio_add_program
 .text.pio_remove_program
                0x10006e40       0x34 CMakeFiles/pwm_control.dir/home/andrey-shefa/pico/pico-sdk/src/rp2_common/hardware_pio/pio.c.obj
                0x10006e40                pio_remove_program
 .text.pio_sm_set_pindirs_with_mask
                0x10006e74       0xa8 CMakeFiles/pwm_control.dir/home/andrey-shefa/pico/pico-sdk/src/rp2_common/hardware_pio/pio.c.obj
                0x10006e74                pio_sm_set_pindirs_with_mask
 .text.pio_sm_set_consecutive_pindirs
                0x10006f1c       0xa8 CMakeFiles/pwm_control.dir/home/andrey-shefa/pico/pico-sdk/src/rp2_common/hardware_pio/pio.c.obj
                0x10006f1c                pio_sm_set_consecutive_pindirs
 .text.lwip_timeout_reached
                0x10006fc4        0x8 CMakeFiles/pwm_control.dir/home/andrey-shefa/pico/pico-sdk/src/rp2_common/pico_lwip/lwip_nosys.c.obj
 .text.update_next_timeout
                0x10006fcc       0x60 CMakeFiles/pwm_control.dir/home/andrey-shefa/pico/pico-sdk/src/rp2_common/pico_lwip/lwip_nosys.c.obj
 .text.lwip_nosys_init
                0x1000702c       0x30 CMakeFiles/pwm_control.dir/home/andrey-shefa/pico/pico-sdk/src/rp2_common/pico_lwip/lwip_nosys.c.obj
                0x1000702c                lwip_nosys_init
 .text.lwip_nosys_deinit
                0x1000705c       0x20 CMakeFiles/pwm_control.dir/home/andrey-shefa/pico/pico-sdk/src/rp2_common/pico_lwip/lwip_nosys.c.obj
                0x1000705c                lwip_nosys_deinit
 .text.sys_arch_protect
                0x1000707c        0x4 CMakeFiles/pwm_control.dir/home/andrey-shefa/pico/pico-sdk/src/rp2_common/pico_lwip/lwip_nosys.c.obj
                0x1000707c                sys_arch_protect
 .text.sys_arch_unprotect
                0x10007080        0x4 CMakeFiles/pwm_control.dir/home/andrey-shefa/pico/pico-sdk/src/rp2_common/pico_lwip/lwip_nosys.c.obj
                0x10007080                sys_arch_unprotect
 .text.sys_now  0x10007084       0x20 CMakeFiles/pwm_control.dir/home/andrey-shefa/pico/pico-sdk/src/rp2_common/pico_lwip/lwip_nosys.c.obj
                0x10007084                sys_now
 .text.async_context_base_add_at_time_worker
                0x100070a4       0x24 CMakeFiles/pwm_control.dir/home/andrey-shefa/pico/pico-sdk/src/rp2_common/pico_async_context/async_context_base.c.obj
                0x100070a4                async_context_base_add_at_time_worker
 .text.async_context_base_remove_at_time_worker
                0x100070c8       0x28 CMakeFiles/pwm_control.dir/home/andrey-shefa/pico/pico-sdk/src/rp2_common/pico_async_context/async_context_base.c.obj
                0x100070c8                async_context_base_remove_at_time_worker
 .text.async_context_base_add_when_pending_worker
                0x100070f0       0x24 CMakeFiles/pwm_control.dir/home/andrey-shefa/pico/pico-sdk/src/rp2_common/pico_async_context/async_context_base.c.obj
                0x100070f0                async_context_base_add_when_pending_worker
 .text.async_context_base_remove_when_pending_worker
                0x10007114       0x28 CMakeFiles/pwm_control.dir/home/andrey-shefa/pico/pico-sdk/src/rp2_common/pico_async_context/async_context_base.c.obj
                0x10007114                async_context_base_remove_when_pending_worker
 .text.async_context_base_execute_once
                0x1000713c       0xfc CMakeFiles/pwm_control.dir/home/andrey-shefa/pico/pico-sdk/src/rp2_common/pico_async_context/async_context_base.c.obj
                0x1000713c                async_context_base_execute_once
 .text.splitmix64
                0x10007238       0x58 CMakeFiles/pwm_control.dir/home/andrey-shefa/pico/pico-sdk/src/rp2_common/pico_rand/rand.c.obj
 .text.xoroshiro128ss
                0x10007290       0x90 CMakeFiles/pwm_control.dir/home/andrey-shefa/pico/pico-sdk/src/rp2_common/pico_rand/rand.c.obj
 .text.get_rand_64
                0x10007320      0x4a4 CMakeFiles/pwm_control.dir/home/andrey-shefa/pico/pico-sdk/src/rp2_common/pico_rand/rand.c.obj
                0x10007320                get_rand_64
 .text.get_rand_32
                0x100077c4        0x8 CMakeFiles/pwm_control.dir/home/andrey-shefa/pico/pico-sdk/src/rp2_common/pico_rand/rand.c.obj
                0x100077c4                get_rand_32
 .text.lwip_init
                0x100077cc       0x24 CMakeFiles/pwm_control.dir/home/andrey-shefa/pico/pico-sdk/lib/lwip/src/core/init.c.obj
                0x100077cc                lwip_init
 .text.lwip_htons
                0x100077f0        0x8 CMakeFiles/pwm_control.dir/home/andrey-shefa/pico/pico-sdk/lib/lwip/src/core/def.c.obj
                0x100077f0                lwip_htons
 .text.lwip_htonl
                0x100077f8        0x4 CMakeFiles/pwm_control.dir/home/andrey-shefa/pico/pico-sdk/lib/lwip/src/core/def.c.obj
                0x100077f8                lwip_htonl
 .text.dns_call_found
                0x100077fc      0x184 CMakeFiles/pwm_control.dir/home/andrey-shefa/pico/pico-sdk/lib/lwip/src/core/dns.c.obj
 .text.dns_send.isra.0
                0x10007980      0x174 CMakeFiles/pwm_control.dir/home/andrey-shefa/pico/pico-sdk/lib/lwip/src/core/dns.c.obj
 .text.dns_init
                0x10007af4        0x4 CMakeFiles/pwm_control.dir/home/andrey-shefa/pico/pico-sdk/lib/lwip/src/core/dns.c.obj
                0x10007af4                dns_init
 .text.dns_setserver
                0x10007af8       0x24 CMakeFiles/pwm_control.dir/home/andrey-shefa/pico/pico-sdk/lib/lwip/src/core/dns.c.obj
                0x10007af8                dns_setserver
 .text.dns_tmr  0x10007b1c      0x140 CMakeFiles/pwm_control.dir/home/andrey-shefa/pico/pico-sdk/lib/lwip/src/core/dns.c.obj
                0x10007b1c                dns_tmr
 .text.lwip_standard_chksum
                0x10007c5c       0xdc CMakeFiles/pwm_control.dir/home/andrey-shefa/pico/pico-sdk/lib/lwip/src/core/inet_chksum.c.obj
                0x10007c5c                lwip_standard_chksum
 .text.inet_chksum_pseudo
                0x10007d38       0xbc CMakeFiles/pwm_control.dir/home/andrey-shefa/pico/pico-sdk/lib/lwip/src/core/inet_chksum.c.obj
                0x10007d38                inet_chksum_pseudo
 .text.ip_chksum_pseudo
                0x10007df4       0x10 CMakeFiles/pwm_control.dir/home/andrey-shefa/pico/pico-sdk/lib/lwip/src/core/inet_chksum.c.obj
                0x10007df4                ip_chksum_pseudo
 .text.inet_chksum_pseudo_partial
                0x10007e04       0xfc CMakeFiles/pwm_control.dir/home/andrey-shefa/pico/pico-sdk/lib/lwip/src/core/inet_chksum.c.obj
                0x10007e04                inet_chksum_pseudo_partial
 .text.ip_chksum_pseudo_partial
                0x10007f00       0x14 CMakeFiles/pwm_control.dir/home/andrey-shefa/pico/pico-sdk/lib/lwip/src/core/inet_chksum.c.obj
                0x10007f00                ip_chksum_pseudo_partial
 .text.inet_chksum
                0x10007f14        0xc CMakeFiles/pwm_control.dir/home/andrey-shefa/pico/pico-sdk/lib/lwip/src/core/inet_chksum.c.obj
                0x10007f14                inet_chksum
 .text.inet_chksum_pbuf
                0x10007f20       0x78 CMakeFiles/pwm_control.dir/home/andrey-shefa/pico/pico-sdk/lib/lwip/src/core/inet_chksum.c.obj
                0x10007f20                inet_chksum_pbuf
 .text.mem_init
                0x10007f98        0x4 CMakeFiles/pwm_control.dir/home/andrey-shefa/pico/pico-sdk/lib/lwip/src/core/mem.c.obj
                0x10007f98                mem_init
 .text.mem_trim
                0x10007f9c        0x4 CMakeFiles/pwm_control.dir/home/andrey-shefa/pico/pico-sdk/lib/lwip/src/core/mem.c.obj
                0x10007f9c                mem_trim
 .text.mem_malloc
                0x10007fa0       0x2c CMakeFiles/pwm_control.dir/home/andrey-shefa/pico/pico-sdk/lib/lwip/src/core/mem.c.obj
                0x10007fa0                mem_malloc
 .text.mem_free
                0x10007fcc       0x2c CMakeFiles/pwm_control.dir/home/andrey-shefa/pico/pico-sdk/lib/lwip/src/core/mem.c.obj
                0x10007fcc                mem_free
 .text.memp_init
                0x10007ff8       0x6c CMakeFiles/pwm_control.dir/home/andrey-shefa/pico/pico-sdk/lib/lwip/src/core/memp.c.obj
                0x10007ff8                memp_init
 .text.memp_malloc
                0x10008064       0x40 CMakeFiles/pwm_control.dir/home/andrey-shefa/pico/pico-sdk/lib/lwip/src/core/memp.c.obj
                0x10008064                memp_malloc
 .text.memp_free
                0x100080a4       0x38 CMakeFiles/pwm_control.dir/home/andrey-shefa/pico/pico-sdk/lib/lwip/src/core/memp.c.obj
                0x100080a4                memp_free
 .text.netif_null_output_ip4
                0x100080dc        0x8 CMakeFiles/pwm_control.dir/home/andrey-shefa/pico/pico-sdk/lib/lwip/src/core/netif.c.obj
 .text.netif_do_set_ipaddr.isra.0
                0x100080e4       0x60 CMakeFiles/pwm_control.dir/home/andrey-shefa/pico/pico-sdk/lib/lwip/src/core/netif.c.obj
 .text.netif_init
                0x10008144        0x4 CMakeFiles/pwm_control.dir/home/andrey-shefa/pico/pico-sdk/lib/lwip/src/core/netif.c.obj
                0x10008144                netif_init
 .text.netif_add
                0x10008148      0x16c CMakeFiles/pwm_control.dir/home/andrey-shefa/pico/pico-sdk/lib/lwip/src/core/netif.c.obj
                0x10008148                netif_add
 .text.netif_set_addr
                0x100082b4       0xb4 CMakeFiles/pwm_control.dir/home/andrey-shefa/pico/pico-sdk/lib/lwip/src/core/netif.c.obj
                0x100082b4                netif_set_addr
 .text.netif_remove
                0x10008368       0x94 CMakeFiles/pwm_control.dir/home/andrey-shefa/pico/pico-sdk/lib/lwip/src/core/netif.c.obj
                0x10008368                netif_remove
 .text.netif_set_default
                0x100083fc        0xc CMakeFiles/pwm_control.dir/home/andrey-shefa/pico/pico-sdk/lib/lwip/src/core/netif.c.obj
                0x100083fc                netif_set_default
 .text.netif_set_up
                0x10008408       0x40 CMakeFiles/pwm_control.dir/home/andrey-shefa/pico/pico-sdk/lib/lwip/src/core/netif.c.obj
                0x10008408                netif_set_up
 .text.netif_set_link_up
                0x10008448       0x44 CMakeFiles/pwm_control.dir/home/andrey-shefa/pico/pico-sdk/lib/lwip/src/core/netif.c.obj
                0x10008448                netif_set_link_up
 .text.netif_set_link_down
                0x1000848c       0x20 CMakeFiles/pwm_control.dir/home/andrey-shefa/pico/pico-sdk/lib/lwip/src/core/netif.c.obj
                0x1000848c                netif_set_link_down
 .text.netif_get_by_index
                0x100084ac       0x2c CMakeFiles/pwm_control.dir/home/andrey-shefa/pico/pico-sdk/lib/lwip/src/core/netif.c.obj
                0x100084ac                netif_get_by_index
 .text.pbuf_free.part.0
                0x100084d8       0x7c CMakeFiles/pwm_control.dir/home/andrey-shefa/pico/pico-sdk/lib/lwip/src/core/pbuf.c.obj
 .text.pbuf_free_ooseq
                0x10008554       0x34 CMakeFiles/pwm_control.dir/home/andrey-shefa/pico/pico-sdk/lib/lwip/src/core/pbuf.c.obj
                0x10008554                pbuf_free_ooseq
 .text.pbuf_alloc
                0x10008588      0x128 CMakeFiles/pwm_control.dir/home/andrey-shefa/pico/pico-sdk/lib/lwip/src/core/pbuf.c.obj
                0x10008588                pbuf_alloc
 .text.pbuf_realloc
                0x100086b0       0x84 CMakeFiles/pwm_control.dir/home/andrey-shefa/pico/pico-sdk/lib/lwip/src/core/pbuf.c.obj
                0x100086b0                pbuf_realloc
 .text.pbuf_add_header
                0x10008734       0x50 CMakeFiles/pwm_control.dir/home/andrey-shefa/pico/pico-sdk/lib/lwip/src/core/pbuf.c.obj
                0x10008734                pbuf_add_header
 .text.pbuf_remove_header
                0x10008784       0x3c CMakeFiles/pwm_control.dir/home/andrey-shefa/pico/pico-sdk/lib/lwip/src/core/pbuf.c.obj
                0x10008784                pbuf_remove_header
 .text.pbuf_header_force
                0x100087c0       0x6c CMakeFiles/pwm_control.dir/home/andrey-shefa/pico/pico-sdk/lib/lwip/src/core/pbuf.c.obj
                0x100087c0                pbuf_header_force
 .text.pbuf_free
                0x1000882c       0x18 CMakeFiles/pwm_control.dir/home/andrey-shefa/pico/pico-sdk/lib/lwip/src/core/pbuf.c.obj
                0x1000882c                pbuf_free
 .text.pbuf_clen
                0x10008844       0x14 CMakeFiles/pwm_control.dir/home/andrey-shefa/pico/pico-sdk/lib/lwip/src/core/pbuf.c.obj
                0x10008844                pbuf_clen
 .text.pbuf_ref
                0x10008858       0x28 CMakeFiles/pwm_control.dir/home/andrey-shefa/pico/pico-sdk/lib/lwip/src/core/pbuf.c.obj
                0x10008858                pbuf_ref
 .text.pbuf_cat
                0x10008880       0x44 CMakeFiles/pwm_control.dir/home/andrey-shefa/pico/pico-sdk/lib/lwip/src/core/pbuf.c.obj
                0x10008880                pbuf_cat
 .text.pbuf_chain
                0x100088c4       0x64 CMakeFiles/pwm_control.dir/home/andrey-shefa/pico/pico-sdk/lib/lwip/src/core/pbuf.c.obj
                0x100088c4                pbuf_chain
 .text.pbuf_copy_partial_pbuf
                0x10008928      0x130 CMakeFiles/pwm_control.dir/home/andrey-shefa/pico/pico-sdk/lib/lwip/src/core/pbuf.c.obj
                0x10008928                pbuf_copy_partial_pbuf
 .text.pbuf_copy
                0x10008a58       0x18 CMakeFiles/pwm_control.dir/home/andrey-shefa/pico/pico-sdk/lib/lwip/src/core/pbuf.c.obj
                0x10008a58                pbuf_copy
 .text.pbuf_copy_partial
                0x10008a70       0x68 CMakeFiles/pwm_control.dir/home/andrey-shefa/pico/pico-sdk/lib/lwip/src/core/pbuf.c.obj
                0x10008a70                pbuf_copy_partial
 .text.pbuf_take
                0x10008ad8       0x78 CMakeFiles/pwm_control.dir/home/andrey-shefa/pico/pico-sdk/lib/lwip/src/core/pbuf.c.obj
                0x10008ad8                pbuf_take
 .text.pbuf_take_at
                0x10008b50       0xcc CMakeFiles/pwm_control.dir/home/andrey-shefa/pico/pico-sdk/lib/lwip/src/core/pbuf.c.obj
                0x10008b50                pbuf_take_at
 .text.pbuf_clone
                0x10008c1c       0x30 CMakeFiles/pwm_control.dir/home/andrey-shefa/pico/pico-sdk/lib/lwip/src/core/pbuf.c.obj
                0x10008c1c                pbuf_clone
 .text.pbuf_put_at
                0x10008c4c       0x1c CMakeFiles/pwm_control.dir/home/andrey-shefa/pico/pico-sdk/lib/lwip/src/core/pbuf.c.obj
                0x10008c4c                pbuf_put_at
 .text.raw_input
                0x10008c68       0xfc CMakeFiles/pwm_control.dir/home/andrey-shefa/pico/pico-sdk/lib/lwip/src/core/raw.c.obj
                0x10008c68                raw_input
 .text.raw_netif_ip_addr_changed
                0x10008d64       0x40 CMakeFiles/pwm_control.dir/home/andrey-shefa/pico/pico-sdk/lib/lwip/src/core/raw.c.obj
                0x10008d64                raw_netif_ip_addr_changed
 .text.stats_init
                0x10008da4        0x4 CMakeFiles/pwm_control.dir/home/andrey-shefa/pico/pico-sdk/lib/lwip/src/core/stats.c.obj
                0x10008da4                stats_init
 .text.tcp_close_shutdown_fin
                0x10008da8       0x58 CMakeFiles/pwm_control.dir/home/andrey-shefa/pico/pico-sdk/lib/lwip/src/core/tcp.c.obj
 .text.tcp_pcb_purge.part.0
                0x10008e00       0xc4 CMakeFiles/pwm_control.dir/home/andrey-shefa/pico/pico-sdk/lib/lwip/src/core/tcp.c.obj
 .text.tcp_init
                0x10008ec4       0x20 CMakeFiles/pwm_control.dir/home/andrey-shefa/pico/pico-sdk/lib/lwip/src/core/tcp.c.obj
                0x10008ec4                tcp_init
 .text.tcp_free
                0x10008ee4       0x1c CMakeFiles/pwm_control.dir/home/andrey-shefa/pico/pico-sdk/lib/lwip/src/core/tcp.c.obj
                0x10008ee4                tcp_free
 .text.tcp_update_rcv_ann_wnd
                0x10008f00       0x58 CMakeFiles/pwm_control.dir/home/andrey-shefa/pico/pico-sdk/lib/lwip/src/core/tcp.c.obj
                0x10008f00                tcp_update_rcv_ann_wnd
 .text.tcp_recved
                0x10008f58       0x98 CMakeFiles/pwm_control.dir/home/andrey-shefa/pico/pico-sdk/lib/lwip/src/core/tcp.c.obj
                0x10008f58                tcp_recved
 .text.tcp_slowtmr
                0x10008ff0      0x534 CMakeFiles/pwm_control.dir/home/andrey-shefa/pico/pico-sdk/lib/lwip/src/core/tcp.c.obj
                0x10008ff0                tcp_slowtmr
 .text.tcp_segs_free
                0x10009524       0x38 CMakeFiles/pwm_control.dir/home/andrey-shefa/pico/pico-sdk/lib/lwip/src/core/tcp.c.obj
                0x10009524                tcp_segs_free
 .text.tcp_seg_free
                0x1000955c       0x1c CMakeFiles/pwm_control.dir/home/andrey-shefa/pico/pico-sdk/lib/lwip/src/core/tcp.c.obj
                0x1000955c                tcp_seg_free
 .text.tcp_seg_copy
                0x10009578       0x2c CMakeFiles/pwm_control.dir/home/andrey-shefa/pico/pico-sdk/lib/lwip/src/core/tcp.c.obj
                0x10009578                tcp_seg_copy
 .text.tcp_pcb_purge
                0x100095a4       0x18 CMakeFiles/pwm_control.dir/home/andrey-shefa/pico/pico-sdk/lib/lwip/src/core/tcp.c.obj
                0x100095a4                tcp_pcb_purge
 .text.tcp_pcb_remove
                0x100095bc       0xc8 CMakeFiles/pwm_control.dir/home/andrey-shefa/pico/pico-sdk/lib/lwip/src/core/tcp.c.obj
                0x100095bc                tcp_pcb_remove
 .text.tcp_abandon
                0x10009684      0x1a4 CMakeFiles/pwm_control.dir/home/andrey-shefa/pico/pico-sdk/lib/lwip/src/core/tcp.c.obj
                0x10009684                tcp_abandon
 .text.tcp_abort
                0x10009828        0xc CMakeFiles/pwm_control.dir/home/andrey-shefa/pico/pico-sdk/lib/lwip/src/core/tcp.c.obj
                0x10009828                tcp_abort
 .text.tcp_alloc
                0x10009834      0x1d4 CMakeFiles/pwm_control.dir/home/andrey-shefa/pico/pico-sdk/lib/lwip/src/core/tcp.c.obj
                0x10009834                tcp_alloc
 .text.tcp_close_shutdown
                0x10009a08      0x18c CMakeFiles/pwm_control.dir/home/andrey-shefa/pico/pico-sdk/lib/lwip/src/core/tcp.c.obj
 .text.tcp_recv_null
                0x10009b94       0xcc CMakeFiles/pwm_control.dir/home/andrey-shefa/pico/pico-sdk/lib/lwip/src/core/tcp.c.obj
                0x10009b94                tcp_recv_null
 .text.tcp_process_refused_data
                0x10009c60       0x78 CMakeFiles/pwm_control.dir/home/andrey-shefa/pico/pico-sdk/lib/lwip/src/core/tcp.c.obj
                0x10009c60                tcp_process_refused_data
 .text.tcp_fasttmr
                0x10009cd8       0x98 CMakeFiles/pwm_control.dir/home/andrey-shefa/pico/pico-sdk/lib/lwip/src/core/tcp.c.obj
                0x10009cd8                tcp_fasttmr
 .text.tcp_tmr  0x10009d70       0x20 CMakeFiles/pwm_control.dir/home/andrey-shefa/pico/pico-sdk/lib/lwip/src/core/tcp.c.obj
                0x10009d70                tcp_tmr
 .text.tcp_next_iss
                0x10009d90       0x28 CMakeFiles/pwm_control.dir/home/andrey-shefa/pico/pico-sdk/lib/lwip/src/core/tcp.c.obj
                0x10009d90                tcp_next_iss
 .text.tcp_eff_send_mss_netif
                0x10009db8       0x34 CMakeFiles/pwm_control.dir/home/andrey-shefa/pico/pico-sdk/lib/lwip/src/core/tcp.c.obj
                0x10009db8                tcp_eff_send_mss_netif
 .text.tcp_netif_ip_addr_changed
                0x10009dec       0x9c CMakeFiles/pwm_control.dir/home/andrey-shefa/pico/pico-sdk/lib/lwip/src/core/tcp.c.obj
                0x10009dec                tcp_netif_ip_addr_changed
 .text.tcp_free_ooseq
                0x10009e88       0x40 CMakeFiles/pwm_control.dir/home/andrey-shefa/pico/pico-sdk/lib/lwip/src/core/tcp.c.obj
                0x10009e88                tcp_free_ooseq
 .text.tcp_parseopt
                0x10009ec8      0x1c4 CMakeFiles/pwm_control.dir/home/andrey-shefa/pico/pico-sdk/lib/lwip/src/core/tcp_in.c.obj
 .text.tcp_oos_insert_segment
                0x1000a08c       0xdc CMakeFiles/pwm_control.dir/home/andrey-shefa/pico/pico-sdk/lib/lwip/src/core/tcp_in.c.obj
 .text.tcp_free_acked_segments.constprop.0
                0x1000a168       0xdc CMakeFiles/pwm_control.dir/home/andrey-shefa/pico/pico-sdk/lib/lwip/src/core/tcp_in.c.obj
 .text.tcp_receive
                0x1000a244      0xa10 CMakeFiles/pwm_control.dir/home/andrey-shefa/pico/pico-sdk/lib/lwip/src/core/tcp_in.c.obj
 .text.tcp_input
                0x1000ac54      0xe8c CMakeFiles/pwm_control.dir/home/andrey-shefa/pico/pico-sdk/lib/lwip/src/core/tcp_in.c.obj
                0x1000ac54                tcp_input
 .text.tcp_trigger_input_pcb_close
                0x1000bae0       0x10 CMakeFiles/pwm_control.dir/home/andrey-shefa/pico/pico-sdk/lib/lwip/src/core/tcp_in.c.obj
                0x1000bae0                tcp_trigger_input_pcb_close
 .text.tcp_create_segment
                0x1000baf0       0xfc CMakeFiles/pwm_control.dir/home/andrey-shefa/pico/pico-sdk/lib/lwip/src/core/tcp_out.c.obj
 .text.tcp_output_control_segment
                0x1000bbec       0xc0 CMakeFiles/pwm_control.dir/home/andrey-shefa/pico/pico-sdk/lib/lwip/src/core/tcp_out.c.obj
 .text.tcp_output_alloc_header.constprop.0
                0x1000bcac       0xc8 CMakeFiles/pwm_control.dir/home/andrey-shefa/pico/pico-sdk/lib/lwip/src/core/tcp_out.c.obj
 .text.tcp_split_unsent_seg
                0x1000bd74      0x268 CMakeFiles/pwm_control.dir/home/andrey-shefa/pico/pico-sdk/lib/lwip/src/core/tcp_out.c.obj
                0x1000bd74                tcp_split_unsent_seg
 .text.tcp_send_fin
                0x1000bfdc      0x118 CMakeFiles/pwm_control.dir/home/andrey-shefa/pico/pico-sdk/lib/lwip/src/core/tcp_out.c.obj
                0x1000bfdc                tcp_send_fin
 .text.tcp_enqueue_flags
                0x1000c0f4      0x108 CMakeFiles/pwm_control.dir/home/andrey-shefa/pico/pico-sdk/lib/lwip/src/core/tcp_out.c.obj
                0x1000c0f4                tcp_enqueue_flags
 .text.tcp_rexmit_rto_prepare
                0x1000c1fc       0x9c CMakeFiles/pwm_control.dir/home/andrey-shefa/pico/pico-sdk/lib/lwip/src/core/tcp_out.c.obj
                0x1000c1fc                tcp_rexmit_rto_prepare
 .text.tcp_rexmit
                0x1000c298       0x9c CMakeFiles/pwm_control.dir/home/andrey-shefa/pico/pico-sdk/lib/lwip/src/core/tcp_out.c.obj
                0x1000c298                tcp_rexmit
 .text.tcp_rexmit_fast
                0x1000c334       0x64 CMakeFiles/pwm_control.dir/home/andrey-shefa/pico/pico-sdk/lib/lwip/src/core/tcp_out.c.obj
                0x1000c334                tcp_rexmit_fast
 .text.tcp_rst  0x1000c398       0xe8 CMakeFiles/pwm_control.dir/home/andrey-shefa/pico/pico-sdk/lib/lwip/src/core/tcp_out.c.obj
                0x1000c398                tcp_rst
 .text.tcp_rst_netif
                0x1000c480      0x130 CMakeFiles/pwm_control.dir/home/andrey-shefa/pico/pico-sdk/lib/lwip/src/core/tcp_out.c.obj
                0x1000c480                tcp_rst_netif
 .text.tcp_send_empty_ack
                0x1000c5b0       0x4c CMakeFiles/pwm_control.dir/home/andrey-shefa/pico/pico-sdk/lib/lwip/src/core/tcp_out.c.obj
                0x1000c5b0                tcp_send_empty_ack
 .text.tcp_output
                0x1000c5fc      0x4d0 CMakeFiles/pwm_control.dir/home/andrey-shefa/pico/pico-sdk/lib/lwip/src/core/tcp_out.c.obj
                0x1000c5fc                tcp_output
 .text.tcp_rexmit_rto_commit
                0x1000cacc       0x24 CMakeFiles/pwm_control.dir/home/andrey-shefa/pico/pico-sdk/lib/lwip/src/core/tcp_out.c.obj
                0x1000cacc                tcp_rexmit_rto_commit
 .text.tcp_rexmit_rto
                0x1000caf0       0xa4 CMakeFiles/pwm_control.dir/home/andrey-shefa/pico/pico-sdk/lib/lwip/src/core/tcp_out.c.obj
                0x1000caf0                tcp_rexmit_rto
 .text.tcp_keepalive
                0x1000cb94       0xdc CMakeFiles/pwm_control.dir/home/andrey-shefa/pico/pico-sdk/lib/lwip/src/core/tcp_out.c.obj
                0x1000cb94                tcp_keepalive
 .text.tcp_zero_window_probe
                0x1000cc70      0x110 CMakeFiles/pwm_control.dir/home/andrey-shefa/pico/pico-sdk/lib/lwip/src/core/tcp_out.c.obj
                0x1000cc70                tcp_zero_window_probe
 .text.tcpip_tcp_timer
                0x1000cd80       0x78 CMakeFiles/pwm_control.dir/home/andrey-shefa/pico/pico-sdk/lib/lwip/src/core/timeouts.c.obj
 .text.lwip_cyclic_timer
                0x1000cdf8       0x98 CMakeFiles/pwm_control.dir/home/andrey-shefa/pico/pico-sdk/lib/lwip/src/core/timeouts.c.obj
 .text.tcp_timer_needed
                0x1000ce90       0x7c CMakeFiles/pwm_control.dir/home/andrey-shefa/pico/pico-sdk/lib/lwip/src/core/timeouts.c.obj
                0x1000ce90                tcp_timer_needed
 .text.sys_timeouts_init
                0x1000cf0c       0x8c CMakeFiles/pwm_control.dir/home/andrey-shefa/pico/pico-sdk/lib/lwip/src/core/timeouts.c.obj
                0x1000cf0c                sys_timeouts_init
 .text.sys_check_timeouts
                0x1000cf98       0x68 CMakeFiles/pwm_control.dir/home/andrey-shefa/pico/pico-sdk/lib/lwip/src/core/timeouts.c.obj
                0x1000cf98                sys_check_timeouts
 .text.sys_timeouts_sleeptime
                0x1000d000       0x28 CMakeFiles/pwm_control.dir/home/andrey-shefa/pico/pico-sdk/lib/lwip/src/core/timeouts.c.obj
                0x1000d000                sys_timeouts_sleeptime
 .text.udp_init
                0x1000d028       0x20 CMakeFiles/pwm_control.dir/home/andrey-shefa/pico/pico-sdk/lib/lwip/src/core/udp.c.obj
                0x1000d028                udp_init
 .text.udp_input
                0x1000d048      0x270 CMakeFiles/pwm_control.dir/home/andrey-shefa/pico/pico-sdk/lib/lwip/src/core/udp.c.obj
                0x1000d048                udp_input
 .text.udp_bind
                0x1000d2b8      0x108 CMakeFiles/pwm_control.dir/home/andrey-shefa/pico/pico-sdk/lib/lwip/src/core/udp.c.obj
                0x1000d2b8                udp_bind
 .text.udp_sendto_if_src_chksum
                0x1000d3c0      0x178 CMakeFiles/pwm_control.dir/home/andrey-shefa/pico/pico-sdk/lib/lwip/src/core/udp.c.obj
                0x1000d3c0                udp_sendto_if_src_chksum
 .text.udp_sendto
                0x1000d538       0x7c CMakeFiles/pwm_control.dir/home/andrey-shefa/pico/pico-sdk/lib/lwip/src/core/udp.c.obj
                0x1000d538                udp_sendto
 .text.udp_sendto_if_src
                0x1000d5b4      0x130 CMakeFiles/pwm_control.dir/home/andrey-shefa/pico/pico-sdk/lib/lwip/src/core/udp.c.obj
                0x1000d5b4                udp_sendto_if_src
 .text.udp_sendto_if
                0x1000d6e4      0x15c CMakeFiles/pwm_control.dir/home/andrey-shefa/pico/pico-sdk/lib/lwip/src/core/udp.c.obj
                0x1000d6e4                udp_sendto_if
 .text.udp_connect
                0x1000d840       0x60 CMakeFiles/pwm_control.dir/home/andrey-shefa/pico/pico-sdk/lib/lwip/src/core/udp.c.obj
                0x1000d840                udp_connect
 .text.udp_recv
                0x1000d8a0        0xc CMakeFiles/pwm_control.dir/home/andrey-shefa/pico/pico-sdk/lib/lwip/src/core/udp.c.obj
                0x1000d8a0                udp_recv
 .text.udp_remove
                0x1000d8ac       0x3c CMakeFiles/pwm_control.dir/home/andrey-shefa/pico/pico-sdk/lib/lwip/src/core/udp.c.obj
                0x1000d8ac                udp_remove
 .text.udp_new  0x1000d8e8       0x1c CMakeFiles/pwm_control.dir/home/andrey-shefa/pico/pico-sdk/lib/lwip/src/core/udp.c.obj
                0x1000d8e8                udp_new
 .text.udp_netif_ip_addr_changed
                0x1000d904       0x40 CMakeFiles/pwm_control.dir/home/andrey-shefa/pico/pico-sdk/lib/lwip/src/core/udp.c.obj
                0x1000d904                udp_netif_ip_addr_changed
 .text.dhcp_create_msg
                0x1000d944      0x164 CMakeFiles/pwm_control.dir/home/andrey-shefa/pico/pico-sdk/lib/lwip/src/core/ipv4/dhcp.c.obj
 .text.dhcp_inc_pcb_refcount
                0x1000daa8       0x6c CMakeFiles/pwm_control.dir/home/andrey-shefa/pico/pico-sdk/lib/lwip/src/core/ipv4/dhcp.c.obj
 .text.dhcp_bind
                0x1000db14      0x154 CMakeFiles/pwm_control.dir/home/andrey-shefa/pico/pico-sdk/lib/lwip/src/core/ipv4/dhcp.c.obj
 .text.dhcp_option_hostname.isra.0
                0x1000dc68       0x88 CMakeFiles/pwm_control.dir/home/andrey-shefa/pico/pico-sdk/lib/lwip/src/core/ipv4/dhcp.c.obj
 .text.dhcp_handle_ack.isra.0
                0x1000dcf0       0xcc CMakeFiles/pwm_control.dir/home/andrey-shefa/pico/pico-sdk/lib/lwip/src/core/ipv4/dhcp.c.obj
 .text.dhcp_reboot.isra.0
                0x1000ddbc      0x178 CMakeFiles/pwm_control.dir/home/andrey-shefa/pico/pico-sdk/lib/lwip/src/core/ipv4/dhcp.c.obj
 .text.dhcp_discover
                0x1000df34      0x140 CMakeFiles/pwm_control.dir/home/andrey-shefa/pico/pico-sdk/lib/lwip/src/core/ipv4/dhcp.c.obj
 .text.dhcp_select.isra.0
                0x1000e074      0x1e0 CMakeFiles/pwm_control.dir/home/andrey-shefa/pico/pico-sdk/lib/lwip/src/core/ipv4/dhcp.c.obj
 .text.dhcp_recv
                0x1000e254      0x480 CMakeFiles/pwm_control.dir/home/andrey-shefa/pico/pico-sdk/lib/lwip/src/core/ipv4/dhcp.c.obj
 .text.dhcp_set_struct
                0x1000e6d4       0x44 CMakeFiles/pwm_control.dir/home/andrey-shefa/pico/pico-sdk/lib/lwip/src/core/ipv4/dhcp.c.obj
                0x1000e6d4                dhcp_set_struct
 .text.dhcp_network_changed_link_up
                0x1000e718       0x40 CMakeFiles/pwm_control.dir/home/andrey-shefa/pico/pico-sdk/lib/lwip/src/core/ipv4/dhcp.c.obj
                0x1000e718                dhcp_network_changed_link_up
 .text.dhcp_renew
                0x1000e758      0x138 CMakeFiles/pwm_control.dir/home/andrey-shefa/pico/pico-sdk/lib/lwip/src/core/ipv4/dhcp.c.obj
                0x1000e758                dhcp_renew
 .text.dhcp_release_and_stop
                0x1000e890      0x158 CMakeFiles/pwm_control.dir/home/andrey-shefa/pico/pico-sdk/lib/lwip/src/core/ipv4/dhcp.c.obj
                0x1000e890                dhcp_release_and_stop
 .text.dhcp_start
                0x1000e9e8       0xb0 CMakeFiles/pwm_control.dir/home/andrey-shefa/pico/pico-sdk/lib/lwip/src/core/ipv4/dhcp.c.obj
                0x1000e9e8                dhcp_start
 .text.dhcp_coarse_tmr
                0x1000ea98      0x1d4 CMakeFiles/pwm_control.dir/home/andrey-shefa/pico/pico-sdk/lib/lwip/src/core/ipv4/dhcp.c.obj
                0x1000ea98                dhcp_coarse_tmr
 .text.dhcp_fine_tmr
                0x1000ec6c       0x78 CMakeFiles/pwm_control.dir/home/andrey-shefa/pico/pico-sdk/lib/lwip/src/core/ipv4/dhcp.c.obj
                0x1000ec6c                dhcp_fine_tmr
 .text.dhcp_stop
                0x1000ece4      0x158 CMakeFiles/pwm_control.dir/home/andrey-shefa/pico/pico-sdk/lib/lwip/src/core/ipv4/dhcp.c.obj
                0x1000ece4                dhcp_stop
 .text.etharp_find_entry
                0x1000ee3c      0x3f4 CMakeFiles/pwm_control.dir/home/andrey-shefa/pico/pico-sdk/lib/lwip/src/core/ipv4/etharp.c.obj
 .text.etharp_raw
                0x1000f230       0xec CMakeFiles/pwm_control.dir/home/andrey-shefa/pico/pico-sdk/lib/lwip/src/core/ipv4/etharp.c.obj
 .text.etharp_output_to_arp_index
                0x1000f31c       0xe4 CMakeFiles/pwm_control.dir/home/andrey-shefa/pico/pico-sdk/lib/lwip/src/core/ipv4/etharp.c.obj
 .text.etharp_tmr
                0x1000f400       0x94 CMakeFiles/pwm_control.dir/home/andrey-shefa/pico/pico-sdk/lib/lwip/src/core/ipv4/etharp.c.obj
                0x1000f400                etharp_tmr
 .text.etharp_cleanup_netif
                0x1000f494      0x188 CMakeFiles/pwm_control.dir/home/andrey-shefa/pico/pico-sdk/lib/lwip/src/core/ipv4/etharp.c.obj
                0x1000f494                etharp_cleanup_netif
 .text.etharp_input
                0x1000f61c      0x1b8 CMakeFiles/pwm_control.dir/home/andrey-shefa/pico/pico-sdk/lib/lwip/src/core/ipv4/etharp.c.obj
                0x1000f61c                etharp_input
 .text.etharp_query
                0x1000f7d4      0x1b8 CMakeFiles/pwm_control.dir/home/andrey-shefa/pico/pico-sdk/lib/lwip/src/core/ipv4/etharp.c.obj
                0x1000f7d4                etharp_query
 .text.etharp_output
                0x1000f98c      0x24c CMakeFiles/pwm_control.dir/home/andrey-shefa/pico/pico-sdk/lib/lwip/src/core/ipv4/etharp.c.obj
                0x1000f98c                etharp_output
 .text.etharp_request
                0x1000fbd8       0x2c CMakeFiles/pwm_control.dir/home/andrey-shefa/pico/pico-sdk/lib/lwip/src/core/ipv4/etharp.c.obj
                0x1000fbd8                etharp_request
 .text.icmp_input
                0x1000fc04      0x1ec CMakeFiles/pwm_control.dir/home/andrey-shefa/pico/pico-sdk/lib/lwip/src/core/ipv4/icmp.c.obj
                0x1000fc04                icmp_input
 .text.icmp_dest_unreach
                0x1000fdf0       0xcc CMakeFiles/pwm_control.dir/home/andrey-shefa/pico/pico-sdk/lib/lwip/src/core/ipv4/icmp.c.obj
                0x1000fdf0                icmp_dest_unreach
 .text.icmp_time_exceeded
                0x1000febc       0xcc CMakeFiles/pwm_control.dir/home/andrey-shefa/pico/pico-sdk/lib/lwip/src/core/ipv4/icmp.c.obj
                0x1000febc                icmp_time_exceeded
 .text.ip_reass_free_complete_datagram
                0x1000ff88      0x11c CMakeFiles/pwm_control.dir/home/andrey-shefa/pico/pico-sdk/lib/lwip/src/core/ipv4/ip4_frag.c.obj
 .text.ip_reass_remove_oldest_datagram
                0x100100a4       0xd8 CMakeFiles/pwm_control.dir/home/andrey-shefa/pico/pico-sdk/lib/lwip/src/core/ipv4/ip4_frag.c.obj
 .text.ip_reass_tmr
                0x1001017c       0x38 CMakeFiles/pwm_control.dir/home/andrey-shefa/pico/pico-sdk/lib/lwip/src/core/ipv4/ip4_frag.c.obj
                0x1001017c                ip_reass_tmr
 .text.ip4_reass
                0x100101b4      0x538 CMakeFiles/pwm_control.dir/home/andrey-shefa/pico/pico-sdk/lib/lwip/src/core/ipv4/ip4_frag.c.obj
                0x100101b4                ip4_reass
 .text.ip4_frag
                0x100106ec      0x184 CMakeFiles/pwm_control.dir/home/andrey-shefa/pico/pico-sdk/lib/lwip/src/core/ipv4/ip4_frag.c.obj
                0x100106ec                ip4_frag
 .text.ip4_route
                0x10010870       0x7c CMakeFiles/pwm_control.dir/home/andrey-shefa/pico/pico-sdk/lib/lwip/src/core/ipv4/ip4.c.obj
                0x10010870                ip4_route
 .text.ip4_input
                0x100108ec      0x300 CMakeFiles/pwm_control.dir/home/andrey-shefa/pico/pico-sdk/lib/lwip/src/core/ipv4/ip4.c.obj
                0x100108ec                ip4_input
 .text.ip4_output_if
                0x10010bec      0x188 CMakeFiles/pwm_control.dir/home/andrey-shefa/pico/pico-sdk/lib/lwip/src/core/ipv4/ip4.c.obj
                0x10010bec                ip4_output_if
 .text.ip4_output_if_src
                0x10010d74      0x180 CMakeFiles/pwm_control.dir/home/andrey-shefa/pico/pico-sdk/lib/lwip/src/core/ipv4/ip4.c.obj
                0x10010d74                ip4_output_if_src
 .text.ip4_addr_isbroadcast_u32
                0x10010ef4       0x3c CMakeFiles/pwm_control.dir/home/andrey-shefa/pico/pico-sdk/lib/lwip/src/core/ipv4/ip4_addr.c.obj
                0x10010ef4                ip4_addr_isbroadcast_u32
 .text.ethernet_input
                0x10010f30       0xd0 CMakeFiles/pwm_control.dir/home/andrey-shefa/pico/pico-sdk/lib/lwip/src/netif/ethernet.c.obj
                0x10010f30                ethernet_input
 .text.ethernet_output
                0x10011000       0x6c CMakeFiles/pwm_control.dir/home/andrey-shefa/pico/pico-sdk/lib/lwip/src/netif/ethernet.c.obj
                0x10011000                ethernet_output
 .text.cyw43_arch_wifi_connect_bssid_until.part.0
                0x1001106c       0xd8 CMakeFiles/pwm_control.dir/home/andrey-shefa/pico/pico-sdk/src/rp2_common/pico_cyw43_arch/cyw43_arch.c.obj
 .text.cyw43_arch_set_async_context
                0x10011144        0xc CMakeFiles/pwm_control.dir/home/andrey-shefa/pico/pico-sdk/src/rp2_common/pico_cyw43_arch/cyw43_arch.c.obj
                0x10011144                cyw43_arch_set_async_context
 .text.cyw43_arch_enable_sta_mode
                0x10011150       0x1c CMakeFiles/pwm_control.dir/home/andrey-shefa/pico/pico-sdk/src/rp2_common/pico_cyw43_arch/cyw43_arch.c.obj
                0x10011150                cyw43_arch_enable_sta_mode
 .text.cyw43_arch_wifi_connect_timeout_ms
                0x1001116c       0xa0 CMakeFiles/pwm_control.dir/home/andrey-shefa/pico/pico-sdk/src/rp2_common/pico_cyw43_arch/cyw43_arch.c.obj
                0x1001116c                cyw43_arch_wifi_connect_timeout_ms
 .text.cyw43_arch_gpio_put
                0x1001120c       0x14 CMakeFiles/pwm_control.dir/home/andrey-shefa/pico/pico-sdk/src/rp2_common/pico_cyw43_arch/cyw43_arch.c.obj
                0x1001120c                cyw43_arch_gpio_put
 .text.cyw43_arch_async_context
                0x10011220        0xc CMakeFiles/pwm_control.dir/home/andrey-shefa/pico/pico-sdk/src/rp2_common/pico_cyw43_arch/cyw43_arch.c.obj
                0x10011220                cyw43_arch_async_context
 .text.cyw43_arch_poll
                0x1001122c       0x18 CMakeFiles/pwm_control.dir/home/andrey-shefa/pico/pico-sdk/src/rp2_common/pico_cyw43_arch/cyw43_arch.c.obj
                0x1001122c                cyw43_arch_poll
 .text.cyw43_arch_init
                0x10011244       0x68 CMakeFiles/pwm_control.dir/home/andrey-shefa/pico/pico-sdk/src/rp2_common/pico_cyw43_arch/cyw43_arch_poll.c.obj
                0x10011244                cyw43_arch_init
 .text.ns_delay.constprop.0
                0x100112ac       0x20 CMakeFiles/pwm_control.dir/home/andrey-shefa/pico/pico-sdk/src/rp2_common/pico_cyw43_driver/cyw43_bus_pio_spi.c.obj
 .text.cyw43_spi_deinit
                0x100112cc       0x7c CMakeFiles/pwm_control.dir/home/andrey-shefa/pico/pico-sdk/src/rp2_common/pico_cyw43_driver/cyw43_bus_pio_spi.c.obj
                0x100112cc                cyw43_spi_deinit
 .text.cyw43_spi_init
                0x10011348      0x14c CMakeFiles/pwm_control.dir/home/andrey-shefa/pico/pico-sdk/src/rp2_common/pico_cyw43_driver/cyw43_bus_pio_spi.c.obj
                0x10011348                cyw43_spi_init
 .text.cyw43_spi_transfer
                0x10011494      0x3fc CMakeFiles/pwm_control.dir/home/andrey-shefa/pico/pico-sdk/src/rp2_common/pico_cyw43_driver/cyw43_bus_pio_spi.c.obj
                0x10011494                cyw43_spi_transfer
 .text.cyw43_spi_gpio_setup
                0x10011890       0x3c CMakeFiles/pwm_control.dir/home/andrey-shefa/pico/pico-sdk/src/rp2_common/pico_cyw43_driver/cyw43_bus_pio_spi.c.obj
                0x10011890                cyw43_spi_gpio_setup
 .text.cyw43_spi_reset
                0x100118cc       0x28 CMakeFiles/pwm_control.dir/home/andrey-shefa/pico/pico-sdk/src/rp2_common/pico_cyw43_driver/cyw43_bus_pio_spi.c.obj
                0x100118cc                cyw43_spi_reset
 .text.read_reg_u32_swap
                0x100118f4       0x3c CMakeFiles/pwm_control.dir/home/andrey-shefa/pico/pico-sdk/src/rp2_common/pico_cyw43_driver/cyw43_bus_pio_spi.c.obj
                0x100118f4                read_reg_u32_swap
 .text.cyw43_read_reg_u32
                0x10011930       0x54 CMakeFiles/pwm_control.dir/home/andrey-shefa/pico/pico-sdk/src/rp2_common/pico_cyw43_driver/cyw43_bus_pio_spi.c.obj
                0x10011930                cyw43_read_reg_u32
 .text.cyw43_read_reg_u16
                0x10011984       0x54 CMakeFiles/pwm_control.dir/home/andrey-shefa/pico/pico-sdk/src/rp2_common/pico_cyw43_driver/cyw43_bus_pio_spi.c.obj
                0x10011984                cyw43_read_reg_u16
 .text.cyw43_read_reg_u8
                0x100119d8       0x54 CMakeFiles/pwm_control.dir/home/andrey-shefa/pico/pico-sdk/src/rp2_common/pico_cyw43_driver/cyw43_bus_pio_spi.c.obj
                0x100119d8                cyw43_read_reg_u8
 .text.write_reg_u32_swap
                0x10011a2c      0x1e8 CMakeFiles/pwm_control.dir/home/andrey-shefa/pico/pico-sdk/src/rp2_common/pico_cyw43_driver/cyw43_bus_pio_spi.c.obj
                0x10011a2c                write_reg_u32_swap
 .text.cyw43_write_reg_u32
                0x10011c14      0x208 CMakeFiles/pwm_control.dir/home/andrey-shefa/pico/pico-sdk/src/rp2_common/pico_cyw43_driver/cyw43_bus_pio_spi.c.obj
                0x10011c14                cyw43_write_reg_u32
 .text.cyw43_write_reg_u16
                0x10011e1c      0x208 CMakeFiles/pwm_control.dir/home/andrey-shefa/pico/pico-sdk/src/rp2_common/pico_cyw43_driver/cyw43_bus_pio_spi.c.obj
                0x10011e1c                cyw43_write_reg_u16
 .text.cyw43_write_reg_u8
                0x10012024      0x208 CMakeFiles/pwm_control.dir/home/andrey-shefa/pico/pico-sdk/src/rp2_common/pico_cyw43_driver/cyw43_bus_pio_spi.c.obj
                0x10012024                cyw43_write_reg_u8
 .text.cyw43_read_bytes
                0x1001222c       0x78 CMakeFiles/pwm_control.dir/home/andrey-shefa/pico/pico-sdk/src/rp2_common/pico_cyw43_driver/cyw43_bus_pio_spi.c.obj
                0x1001222c                cyw43_read_bytes
 .text.cyw43_write_bytes
                0x100122a4       0xdc CMakeFiles/pwm_control.dir/home/andrey-shefa/pico/pico-sdk/src/rp2_common/pico_cyw43_driver/cyw43_bus_pio_spi.c.obj
                0x100122a4                cyw43_write_bytes
 .text.cyw43_set_backplane_window
                0x10012380       0x68 CMakeFiles/pwm_control.dir/home/andrey-shefa/pico/pico-sdk/lib/cyw43-driver/src/cyw43_ll.c.obj
 .text.cyw43_ll_parse_async_event
                0x100123e8      0x134 CMakeFiles/pwm_control.dir/home/andrey-shefa/pico/pico-sdk/lib/cyw43-driver/src/cyw43_ll.c.obj
 .text.cyw43_kso_set
                0x1001251c       0x80 CMakeFiles/pwm_control.dir/home/andrey-shefa/pico/pico-sdk/lib/cyw43-driver/src/cyw43_ll.c.obj
 .text.cyw43_ll_sdpcm_poll_device
                0x1001259c      0x234 CMakeFiles/pwm_control.dir/home/andrey-shefa/pico/pico-sdk/lib/cyw43-driver/src/cyw43_ll.c.obj
 .text.cyw43_sdpcm_send_common
                0x100127d0       0xf4 CMakeFiles/pwm_control.dir/home/andrey-shefa/pico/pico-sdk/lib/cyw43-driver/src/cyw43_ll.c.obj
 .text.cyw43_do_ioctl
                0x100128c4      0x110 CMakeFiles/pwm_control.dir/home/andrey-shefa/pico/pico-sdk/lib/cyw43-driver/src/cyw43_ll.c.obj
 .text.cyw43_do_ioctl.constprop.0
                0x100129d4      0x108 CMakeFiles/pwm_control.dir/home/andrey-shefa/pico/pico-sdk/lib/cyw43-driver/src/cyw43_ll.c.obj
 .text.cyw43_read_backplane.constprop.0
                0x10012adc       0xe4 CMakeFiles/pwm_control.dir/home/andrey-shefa/pico/pico-sdk/lib/cyw43-driver/src/cyw43_ll.c.obj
 .text.reset_device_core.constprop.0
                0x10012bc0      0x410 CMakeFiles/pwm_control.dir/home/andrey-shefa/pico/pico-sdk/lib/cyw43-driver/src/cyw43_ll.c.obj
 .text.cyw43_ll_init
                0x10012fd0       0x1c CMakeFiles/pwm_control.dir/home/andrey-shefa/pico/pico-sdk/lib/cyw43-driver/src/cyw43_ll.c.obj
                0x10012fd0                cyw43_ll_init
 .text.cyw43_ll_deinit
                0x10012fec        0x8 CMakeFiles/pwm_control.dir/home/andrey-shefa/pico/pico-sdk/lib/cyw43-driver/src/cyw43_ll.c.obj
                0x10012fec                cyw43_ll_deinit
 .text.cyw43_ll_send_ethernet
                0x10012ff4       0x60 CMakeFiles/pwm_control.dir/home/andrey-shefa/pico/pico-sdk/lib/cyw43-driver/src/cyw43_ll.c.obj
                0x10012ff4                cyw43_ll_send_ethernet
 .text.cyw43_ll_process_packets
                0x10013054       0x54 CMakeFiles/pwm_control.dir/home/andrey-shefa/pico/pico-sdk/lib/cyw43-driver/src/cyw43_ll.c.obj
                0x10013054                cyw43_ll_process_packets
 .text.cyw43_ll_ioctl
                0x100130a8       0x20 CMakeFiles/pwm_control.dir/home/andrey-shefa/pico/pico-sdk/lib/cyw43-driver/src/cyw43_ll.c.obj
                0x100130a8                cyw43_ll_ioctl
 .text.cyw43_ll_bus_sleep
                0x100130c8       0x34 CMakeFiles/pwm_control.dir/home/andrey-shefa/pico/pico-sdk/lib/cyw43-driver/src/cyw43_ll.c.obj
                0x100130c8                cyw43_ll_bus_sleep
 .text.cyw43_ll_bus_init
                0x100130fc      0xbd0 CMakeFiles/pwm_control.dir/home/andrey-shefa/pico/pico-sdk/lib/cyw43-driver/src/cyw43_ll.c.obj
                0x100130fc                cyw43_ll_bus_init
 .text.cyw43_ll_wifi_on
                0x10013ccc      0x238 CMakeFiles/pwm_control.dir/home/andrey-shefa/pico/pico-sdk/lib/cyw43-driver/src/cyw43_ll.c.obj
                0x10013ccc                cyw43_ll_wifi_on
 .text.cyw43_ll_wifi_get_mac
                0x10013f04       0x40 CMakeFiles/pwm_control.dir/home/andrey-shefa/pico/pico-sdk/lib/cyw43-driver/src/cyw43_ll.c.obj
                0x10013f04                cyw43_ll_wifi_get_mac
 .text.cyw43_ll_wifi_pm
                0x10013f44      0x19c CMakeFiles/pwm_control.dir/home/andrey-shefa/pico/pico-sdk/lib/cyw43-driver/src/cyw43_ll.c.obj
                0x10013f44                cyw43_ll_wifi_pm
 .text.cyw43_ll_wifi_join
                0x100140e0      0x2ec CMakeFiles/pwm_control.dir/home/andrey-shefa/pico/pico-sdk/lib/cyw43-driver/src/cyw43_ll.c.obj