Archive member included to satisfy reference by file (symbol)

/usr/lib/gcc/arm-none-eabi/12.2.1/thumb/v6-m/nofp/libgcc.a(_dvmd_tls.o)
                              CMakeFiles/pwm_control.dir/home/andrey-shefa/pico/pico-sdk/src/rp2_common/pico_divider/divider.S.obj (__aeabi_idiv0)
/usr/lib/gcc/arm-none-eabi/12.2.1/../../../arm-none-eabi/lib/thumb/v6-m/nofp/libc.a(lib_a-atexit.o)
                              /usr/lib/gcc/arm-none-eabi/12.2.1/../../../arm-none-eabi/lib/thumb/v6-m/nofp/crt0.o (atexit)
/usr/lib/gcc/arm-none-eabi/12.2.1/../../../arm-none-eabi/lib/thumb/v6-m/nofp/libc.a(lib_a-atoi.o)
                              CMakeFiles/pwm_control.dir/home/andrey-shefa/pico/pico-sdk/lib/lwip/src/core/netif.c.obj (atoi)
/usr/lib/gcc/arm-none-eabi/12.2.1/../../../arm-none-eabi/lib/thumb/v6-m/nofp/libc.a(lib_a-calloc.o)
                              CMakeFiles/pwm_control.dir/home/andrey-shefa/pico/pico-sdk/src/rp2_common/pico_malloc/pico_malloc.c.obj (calloc)
/usr/lib/gcc/arm-none-eabi/12.2.1/../../../arm-none-eabi/lib/thumb/v6-m/nofp/libc.a(lib_a-callocr.o)
                              /usr/lib/gcc/arm-none-eabi/12.2.1/../../../arm-none-eabi/lib/thumb/v6-m/nofp/libc.a(lib_a-calloc.o) (_calloc_r)
/usr/lib/gcc/arm-none-eabi/12.2.1/../../../arm-none-eabi/lib/thumb/v6-m/nofp/libc.a(lib_a-ctype_.o)
                              CMakeFiles/pwm_control.dir/home/andrey-shefa/pico/pico-sdk/lib/lwip/src/core/dns.c.obj (_ctype_)
/usr/lib/gcc/arm-none-eabi/12.2.1/../../../arm-none-eabi/lib/thumb/v6-m/nofp/libc.a(lib_a-fini.o)
                              /usr/lib/gcc/arm-none-eabi/12.2.1/../../../arm-none-eabi/lib/thumb/v6-m/nofp/crt0.o (__libc_fini_array)
/usr/lib/gcc/arm-none-eabi/12.2.1/../../../arm-none-eabi/lib/thumb/v6-m/nofp/libc.a(lib_a-impure.o)
                              /usr/lib/gcc/arm-none-eabi/12.2.1/../../../arm-none-eabi/lib/thumb/v6-m/nofp/libc.a(lib_a-calloc.o) (_impure_ptr)
/usr/lib/gcc/arm-none-eabi/12.2.1/../../../arm-none-eabi/lib/thumb/v6-m/nofp/libc.a(lib_a-init.o)
                              /usr/lib/gcc/arm-none-eabi/12.2.1/../../../arm-none-eabi/lib/thumb/v6-m/nofp/crt0.o (__libc_init_array)
/usr/lib/gcc/arm-none-eabi/12.2.1/../../../arm-none-eabi/lib/thumb/v6-m/nofp/libc.a(lib_a-malloc.o)
                              CMakeFiles/pwm_control.dir/home/andrey-shefa/pico/pico-sdk/src/rp2_common/pico_malloc/pico_malloc.c.obj (malloc)
/usr/lib/gcc/arm-none-eabi/12.2.1/../../../arm-none-eabi/lib/thumb/v6-m/nofp/libc.a(lib_a-mallocr.o)
                              /usr/lib/gcc/arm-none-eabi/12.2.1/../../../arm-none-eabi/lib/thumb/v6-m/nofp/libc.a(lib_a-callocr.o) (_malloc_r)
/usr/lib/gcc/arm-none-eabi/12.2.1/../../../arm-none-eabi/lib/thumb/v6-m/nofp/libc.a(lib_a-memcmp.o)
                              CMakeFiles/pwm_control.dir/home/andrey-shefa/pico/pico-sdk/lib/cyw43-driver/src/cyw43_ll.c.obj (memcmp)
/usr/lib/gcc/arm-none-eabi/12.2.1/../../../arm-none-eabi/lib/thumb/v6-m/nofp/libc.a(lib_a-memmove.o)
                              CMakeFiles/pwm_control.dir/home/andrey-shefa/pico/pico-sdk/lib/cyw43-driver/src/cyw43_ll.c.obj (memmove)
/usr/lib/gcc/arm-none-eabi/12.2.1/../../../arm-none-eabi/lib/thumb/v6-m/nofp/libc.a(lib_a-mlock.o)
                              /usr/lib/gcc/arm-none-eabi/12.2.1/../../../arm-none-eabi/lib/thumb/v6-m/nofp/libc.a(lib_a-mallocr.o) (__malloc_lock)
/usr/lib/gcc/arm-none-eabi/12.2.1/../../../arm-none-eabi/lib/thumb/v6-m/nofp/libc.a(lib_a-realloc.o)
                              CMakeFiles/pwm_control.dir/home/andrey-shefa/pico/pico-sdk/src/rp2_common/pico_malloc/pico_malloc.c.obj (realloc)
/usr/lib/gcc/arm-none-eabi/12.2.1/../../../arm-none-eabi/lib/thumb/v6-m/nofp/libc.a(lib_a-reallocr.o)
                              /usr/lib/gcc/arm-none-eabi/12.2.1/../../../arm-none-eabi/lib/thumb/v6-m/nofp/libc.a(lib_a-realloc.o) (_realloc_r)
/usr/lib/gcc/arm-none-eabi/12.2.1/../../../arm-none-eabi/lib/thumb/v6-m/nofp/libc.a(lib_a-sbrkr.o)
                              /usr/lib/gcc/arm-none-eabi/12.2.1/../../../arm-none-eabi/lib/thumb/v6-m/nofp/libc.a(lib_a-mallocr.o) (_sbrk_r)
/usr/lib/gcc/arm-none-eabi/12.2.1/../../../arm-none-eabi/lib/thumb/v6-m/nofp/libc.a(lib_a-strlen-stub.o)
                              CMakeFiles/pwm_control.dir/main.c.obj (strlen)
/usr/lib/gcc/arm-none-eabi/12.2.1/../../../arm-none-eabi/lib/thumb/v6-m/nofp/libc.a(lib_a-strncmp.o)
                              CMakeFiles/pwm_control.dir/home/andrey-shefa/pico/pico-sdk/lib/cyw43-driver/src/cyw43_ll.c.obj (strncmp)
/usr/lib/gcc/arm-none-eabi/12.2.1/../../../arm-none-eabi/lib/thumb/v6-m/nofp/libc.a(lib_a-strtol.o)
                              /usr/lib/gcc/arm-none-eabi/12.2.1/../../../arm-none-eabi/lib/thumb/v6-m/nofp/libc.a(lib_a-atoi.o) (_strtol_r)
/usr/lib/gcc/arm-none-eabi/12.2.1/../../../arm-none-eabi/lib/thumb/v6-m/nofp/libc.a(lib_a-__atexit.o)
                              /usr/lib/gcc/arm-none-eabi/12.2.1/../../../arm-none-eabi/lib/thumb/v6-m/nofp/libc.a(lib_a-atexit.o) (__register_exitproc)
[...]
Memory Configuration

Name             Origin             Length             Attributes
FLASH            0x10000000         0x00200000         xr
RAM              0x20000000         0x00040000         xrw
SCRATCH_X        0x20040000         0x00001000         xrw
SCRATCH_Y        0x20041000         0x00001000         xrw
*default*        0x00000000         0xffffffff

Linker script and memory map

LOAD /usr/lib/gcc/arm-none-eabi/12.2.1/thumb/v6-m/nofp/crti.o
LOAD /usr/lib/gcc/arm-none-eabi/12.2.1/thumb/v6-m/nofp/crtbegin.o
LOAD /usr/lib/gcc/arm-none-eabi/12.2.1/../../../arm-none-eabi/lib/thumb/v6-m/nofp/crt0.o

.flash_begin    0x10000000        0x0
                0x10000000                        __flash_binary_start = .

.boot2          0x10000000      0x100
                0x10000000                        __boot2_start__ = .
 *(.boot2)
 .boot2         0x10000000      0x100 /tmp/cc67UL4U.o
                0x10000100                        __boot2_end__ = .
                0x00000001                        ASSERT (((__boot2_end__ - __boot2_start__) == 0x100), ERROR: Pico second stage bootloader must be 256 bytes in size)

.text           0x10000100    0x16988
                0x10000100                        __logical_binary_start = .
 *(.vectors)
 .vectors       0x10000100       0xd4 CMakeFiles/pwm_control.dir/home/andrey-shefa/pico/pico-sdk/src/rp2_common/pico_standard_link/crt0.S.obj
                0x10000100                __vectors
                0x10000100                __VECTOR_TABLE
                0x100001c0                isr_invalid
                0x100001c0                __default_isrs_start
                0x100001c2                isr_nmi
                0x100001c4                isr_hardfault
                0x100001c6                isr_svcall
                0x100001c8                isr_pendsv
                0x100001ca                isr_systick
                0x100001cc                isr_irq30
                0x100001cc                __unhandled_user_irq
                0x100001cc                isr_irq13
                0x100001cc                isr_irq27
                0x100001cc                isr_irq31
                0x100001cc                isr_irq5
                0x100001cc                isr_irq11
                0x100001cc                isr_irq23
                0x100001cc                isr_irq18
                0x100001cc                isr_irq28
                0x100001cc                isr_irq19
                0x100001cc                isr_irq0
                0x100001cc                isr_irq6
                0x100001cc                isr_irq22
                0x100001cc                isr_irq17
                0x100001cc                isr_irq14
                0x100001cc                isr_irq2
                0x100001cc                isr_irq10
                0x100001cc                isr_irq8
                0x100001cc                isr_irq24
                0x100001cc                isr_irq1
                0x100001cc                isr_irq7
                0x100001cc                isr_irq21
                0x100001cc                isr_irq20
                0x100001cc                isr_irq15
                0x100001cc                isr_irq25
                0x100001cc                isr_irq4
                0x100001cc                isr_irq16
                0x100001cc                isr_irq29
                0x100001cc                isr_irq26
                0x100001cc                __default_isrs_end
                0x100001cc                isr_irq3
                0x100001cc                isr_irq12
                0x100001cc                isr_irq9
                0x100001d2                unhandled_user_irq_num_in_r0
 *(.binary_info_header)
 .binary_info_header
                0x100001d4       0x14 CMakeFiles/pwm_control.dir/home/andrey-shefa/pico/pico-sdk/src/rp2_common/pico_standard_link/crt0.S.obj
                0x100001e8                        __binary_info_header_end = .
 *(.reset)
 .reset         0x100001e8       0xa0 CMakeFiles/pwm_control.dir/home/andrey-shefa/pico/pico-sdk/src/rp2_common/pico_standard_link/crt0.S.obj
                0x100001e8                _entry_point
 .reset         0x10000288       0x30 CMakeFiles/pwm_control.dir/home/andrey-shefa/pico/pico-sdk/src/rp2_common/pico_standard_link/binary_info.c.obj
 *(.init)
 .init          0x100002b8        0x4 /usr/lib/gcc/arm-none-eabi/12.2.1/thumb/v6-m/nofp/crti.o
                0x100002b8                _init
 *(EXCLUDE_FILE(*libm.a: *libc.a:*lib_a-mem*.o *libgcc.a:) .text*)
 .text          0x100002bc       0x98 /usr/lib/gcc/arm-none-eabi/12.2.1/thumb/v6-m/nofp/crtbegin.o
 .text.process_data
                0x10000354       0x74 CMakeFiles/pwm_control.dir/main.c.obj
                0x10000354                process_data
 .text.udp_receive_callback
                0x100003c8       0xa8 CMakeFiles/pwm_control.dir/main.c.obj
                0x100003c8                udp_receive_callback
 .text.startup.main
                0x10000470       0xc8 CMakeFiles/pwm_control.dir/main.c.obj
                0x10000470                main
 .text.gpio_set_function
                0x10000538       0x30 CMakeFiles/pwm_control.dir/home/andrey-shefa/pico/pico-sdk/src/rp2_common/hardware_gpio/gpio.c.obj
                0x10000538                gpio_set_function
 .text.gpio_set_pulls
                0x10000568       0x24 CMakeFiles/pwm_control.dir/home/andrey-shefa/pico/pico-sdk/src/rp2_common/hardware_gpio/gpio.c.obj
                0x10000568                gpio_set_pulls
 .text.gpio_set_input_hysteresis_enabled
                0x1000058c       0x28 CMakeFiles/pwm_control.dir/home/andrey-shefa/pico/pico-sdk/src/rp2_common/hardware_gpio/gpio.c.obj
                0x1000058c                gpio_set_input_hysteresis_enabled
 .text.gpio_set_irq_enabled
                0x100005b4       0x54 CMakeFiles/pwm_control.dir/home/andrey-shefa/pico/pico-sdk/src/rp2_common/hardware_gpio/gpio.c.obj
                0x100005b4                gpio_set_irq_enabled
 .text.gpio_add_raw_irq_handler_with_order_priority_masked
                0x10000608       0x44 CMakeFiles/pwm_control.dir/home/andrey-shefa/pico/pico-sdk/src/rp2_common/hardware_gpio/gpio.c.obj
                0x10000608                gpio_add_raw_irq_handler_with_order_priority_masked
 .text.gpio_remove_raw_irq_handler_masked
                0x1000064c       0x20 CMakeFiles/pwm_control.dir/home/andrey-shefa/pico/pico-sdk/src/rp2_common/hardware_gpio/gpio.c.obj
                0x1000064c                gpio_remove_raw_irq_handler_masked
 .text.gpio_init
                0x1000066c       0x3c CMakeFiles/pwm_control.dir/home/andrey-shefa/pico/pico-sdk/src/rp2_common/hardware_gpio/gpio.c.obj
                0x1000066c                gpio_init
 .text.running_on_fpga
                0x100006a8       0x10 CMakeFiles/pwm_control.dir/home/andrey-shefa/pico/pico-sdk/src/rp2_common/pico_platform/platform.c.obj
                0x100006a8                running_on_fpga
 .text.hw_claim_lock
                0x100006b8       0x18 CMakeFiles/pwm_control.dir/home/andrey-shefa/pico/pico-sdk/src/rp2_common/hardware_claim/claim.c.obj
                0x100006b8                hw_claim_lock
 .text.hw_claim_unlock
                0x100006d0       0x14 CMakeFiles/pwm_control.dir/home/andrey-shefa/pico/pico-sdk/src/rp2_common/hardware_claim/claim.c.obj
                0x100006d0                hw_claim_unlock
 .text.hw_claim_or_assert
                0x100006e4       0x44 CMakeFiles/pwm_control.dir/home/andrey-shefa/pico/pico-sdk/src/rp2_common/hardware_claim/claim.c.obj
                0x100006e4                hw_claim_or_assert
 .text.hw_claim_unused_from_range
                0x10000728       0x9c CMakeFiles/pwm_control.dir/home/andrey-shefa/pico/pico-sdk/src/rp2_common/hardware_claim/claim.c.obj
                0x10000728                hw_claim_unused_from_range
 .text.hw_claim_clear
                0x100007c4       0x38 CMakeFiles/pwm_control.dir/home/andrey-shefa/pico/pico-sdk/src/rp2_common/hardware_claim/claim.c.obj
                0x100007c4                hw_claim_clear
 .text.spin_locks_reset
                0x100007fc       0x1c CMakeFiles/pwm_control.dir/home/andrey-shefa/pico/pico-sdk/src/rp2_common/hardware_sync/sync.c.obj
                0x100007fc                spin_locks_reset
 .text.next_striped_spin_lock_num
                0x10000818       0x18 CMakeFiles/pwm_control.dir/home/andrey-shefa/pico/pico-sdk/src/rp2_common/hardware_sync/sync.c.obj
                0x10000818                next_striped_spin_lock_num
 .text.spin_lock_claim_unused
                0x10000830       0x24 CMakeFiles/pwm_control.dir/home/andrey-shefa/pico/pico-sdk/src/rp2_common/hardware_sync/sync.c.obj
                0x10000830                spin_lock_claim_unused
 .text.irq_set_enabled
                0x10000854       0x24 CMakeFiles/pwm_control.dir/home/andrey-shefa/pico/pico-sdk/src/rp2_common/hardware_irq/irq.c.obj
                0x10000854                irq_set_enabled
 .text.irq_set_pending
                0x10000878       0x10 CMakeFiles/pwm_control.dir/home/andrey-shefa/pico/pico-sdk/src/rp2_common/hardware_irq/irq.c.obj
                0x10000878                irq_set_pending
 .text.irq_has_shared_handler
                0x10000888       0x2c CMakeFiles/pwm_control.dir/home/andrey-shefa/pico/pico-sdk/src/rp2_common/hardware_irq/irq.c.obj
                0x10000888                irq_has_shared_handler
 .text.irq_get_vtable_handler
                0x100008b4       0x10 CMakeFiles/pwm_control.dir/home/andrey-shefa/pico/pico-sdk/src/rp2_common/hardware_irq/irq.c.obj
                0x100008b4                irq_get_vtable_handler
 .text.irq_set_exclusive_handler
                0x100008c4       0x54 CMakeFiles/pwm_control.dir/home/andrey-shefa/pico/pico-sdk/src/rp2_common/hardware_irq/irq.c.obj
                0x100008c4                irq_set_exclusive_handler
 .text.irq_add_shared_handler
                0x10000918      0x1f4 CMakeFiles/pwm_control.dir/home/andrey-shefa/pico/pico-sdk/src/rp2_common/hardware_irq/irq.c.obj
                0x10000918                irq_add_shared_handler
 .text.irq_remove_handler
                0x10000b0c      0x1c4 CMakeFiles/pwm_control.dir/home/andrey-shefa/pico/pico-sdk/src/rp2_common/hardware_irq/irq.c.obj
                0x10000b0c                irq_remove_handler
 .text.irq_set_priority
                0x10000cd0       0x28 CMakeFiles/pwm_control.dir/home/andrey-shefa/pico/pico-sdk/src/rp2_common/hardware_irq/irq.c.obj
                0x10000cd0                irq_set_priority
 .text.irq_add_tail_to_free_list
                0x10000cf8       0xb4 CMakeFiles/pwm_control.dir/home/andrey-shefa/pico/pico-sdk/src/rp2_common/hardware_irq/irq.c.obj
                0x10000cf8                irq_add_tail_to_free_list
 .text.irq_init_priorities
                0x10000dac       0x24 CMakeFiles/pwm_control.dir/home/andrey-shefa/pico/pico-sdk/src/rp2_common/hardware_irq/irq.c.obj
                0x10000dac                irq_init_priorities
 .text.user_irq_unclaim
                0x10000dd0       0x14 CMakeFiles/pwm_control.dir/home/andrey-shefa/pico/pico-sdk/src/rp2_common/hardware_irq/irq.c.obj
                0x10000dd0                user_irq_unclaim
 .text.user_irq_claim_unused
                0x10000de4       0x2c CMakeFiles/pwm_control.dir/home/andrey-shefa/pico/pico-sdk/src/rp2_common/hardware_irq/irq.c.obj
                0x10000de4                user_irq_claim_unused
 .text.sem_init
                0x10000e10       0x20 CMakeFiles/pwm_control.dir/home/andrey-shefa/pico/pico-sdk/src/common/pico_sync/sem.c.obj
                0x10000e10                sem_init
 .text.lock_init
                0x10000e30       0x10 CMakeFiles/pwm_control.dir/home/andrey-shefa/pico/pico-sdk/src/common/pico_sync/lock_core.c.obj
                0x10000e30                lock_init
 .text.mutex_init
                0x10000e40       0x1c CMakeFiles/pwm_control.dir/home/andrey-shefa/pico/pico-sdk/src/common/pico_sync/mutex.c.obj
                0x10000e40                mutex_init
 .text.recursive_mutex_init
                0x10000e5c       0x1c CMakeFiles/pwm_control.dir/home/andrey-shefa/pico/pico-sdk/src/common/pico_sync/mutex.c.obj
                0x10000e5c                recursive_mutex_init
 .text.critical_section_init
                0x10000e78       0x1c CMakeFiles/pwm_control.dir/home/andrey-shefa/pico/pico-sdk/src/common/pico_sync/critical_section.c.obj
                0x10000e78                critical_section_init
 .text.critical_section_init_with_lock_num
                0x10000e94       0x14 CMakeFiles/pwm_control.dir/home/andrey-shefa/pico/pico-sdk/src/common/pico_sync/critical_section.c.obj
                0x10000e94                critical_section_init_with_lock_num
 .text.timer_pool_entry_comparator
                0x10000ea8       0x34 CMakeFiles/pwm_control.dir/home/andrey-shefa/pico/pico-sdk/src/common/pico_time/time.c.obj
                0x10000ea8                timer_pool_entry_comparator
 .text.sleep_until_callback
                0x10000edc       0x30 CMakeFiles/pwm_control.dir/home/andrey-shefa/pico/pico-sdk/src/common/pico_time/time.c.obj
 .text.add_alarm_under_lock.isra.0
                0x10000f0c      0x100 CMakeFiles/pwm_control.dir/home/andrey-shefa/pico/pico-sdk/src/common/pico_time/time.c.obj
 .text.alarm_pool_alarm_callback
                0x1000100c      0x1c0 CMakeFiles/pwm_control.dir/home/andrey-shefa/pico/pico-sdk/src/common/pico_time/time.c.obj
 .text.alarm_pool_init_default
                0x100011cc       0x6c CMakeFiles/pwm_control.dir/home/andrey-shefa/pico/pico-sdk/src/common/pico_time/time.c.obj
                0x100011cc                alarm_pool_init_default
 .text.alarm_pool_get_default
                0x10001238        0x8 CMakeFiles/pwm_control.dir/home/andrey-shefa/pico/pico-sdk/src/common/pico_time/time.c.obj
                0x10001238                alarm_pool_get_default
 .text.alarm_pool_create_with_unused_hardware_alarm
                0x10001240       0x74 CMakeFiles/pwm_control.dir/home/andrey-shefa/pico/pico-sdk/src/common/pico_time/time.c.obj
                0x10001240                alarm_pool_create_with_unused_hardware_alarm
 .text.alarm_pool_destroy
                0x100012b4       0x44 CMakeFiles/pwm_control.dir/home/andrey-shefa/pico/pico-sdk/src/common/pico_time/time.c.obj
                0x100012b4                alarm_pool_destroy
 .text.alarm_pool_add_alarm_at
                0x100012f8      0x188 CMakeFiles/pwm_control.dir/home/andrey-shefa/pico/pico-sdk/src/common/pico_time/time.c.obj
                0x100012f8                alarm_pool_add_alarm_at
 .text.alarm_pool_add_alarm_at_force_in_context
                0x10001480      0x11c CMakeFiles/pwm_control.dir/home/andrey-shefa/pico/pico-sdk/src/common/pico_time/time.c.obj
                0x10001480                alarm_pool_add_alarm_at_force_in_context
 .text.alarm_pool_cancel_alarm
                0x1000159c       0x74 CMakeFiles/pwm_control.dir/home/andrey-shefa/pico/pico-sdk/src/common/pico_time/time.c.obj
                0x1000159c                alarm_pool_cancel_alarm
 .text.alarm_pool_core_num
                0x10001610        0x4 CMakeFiles/pwm_control.dir/home/andrey-shefa/pico/pico-sdk/src/common/pico_time/time.c.obj
                0x10001610                alarm_pool_core_num
 .text.sleep_until
                0x10001614       0xc4 CMakeFiles/pwm_control.dir/home/andrey-shefa/pico/pico-sdk/src/common/pico_time/time.c.obj
                0x10001614                sleep_until
 .text.sleep_ms
                0x100016d8       0x38 CMakeFiles/pwm_control.dir/home/andrey-shefa/pico/pico-sdk/src/common/pico_time/time.c.obj
                0x100016d8                sleep_ms
 .text.best_effort_wfe_or_timeout
                0x10001710       0xec CMakeFiles/pwm_control.dir/home/andrey-shefa/pico/pico-sdk/src/common/pico_time/time.c.obj
                0x10001710                best_effort_wfe_or_timeout
 .text.hardware_alarm_irq_handler
                0x100017fc       0xbc CMakeFiles/pwm_control.dir/home/andrey-shefa/pico/pico-sdk/src/rp2_common/hardware_timer/timer.c.obj
 .text.hardware_alarm_claim
                0x100018b8       0x18 CMakeFiles/pwm_control.dir/home/andrey-shefa/pico/pico-sdk/src/rp2_common/hardware_timer/timer.c.obj
                0x100018b8                hardware_alarm_claim
 .text.hardware_alarm_unclaim
                0x100018d0       0x14 CMakeFiles/pwm_control.dir/home/andrey-shefa/pico/pico-sdk/src/rp2_common/hardware_timer/timer.c.obj
                0x100018d0                hardware_alarm_unclaim
 .text.hardware_alarm_claim_unused
                0x100018e4       0x24 CMakeFiles/pwm_control.dir/home/andrey-shefa/pico/pico-sdk/src/rp2_common/hardware_timer/timer.c.obj
                0x100018e4                hardware_alarm_claim_unused
 .text.time_us_64
                0x10001908       0x14 CMakeFiles/pwm_control.dir/home/andrey-shefa/pico/pico-sdk/src/rp2_common/hardware_timer/timer.c.obj
                0x10001908                time_us_64
 .text.busy_wait_until
                0x1000191c       0x20 CMakeFiles/pwm_control.dir/home/andrey-shefa/pico/pico-sdk/src/rp2_common/hardware_timer/timer.c.obj
                0x1000191c                busy_wait_until
 .text.hardware_alarm_set_callback
                0x1000193c       0x8c CMakeFiles/pwm_control.dir/home/andrey-shefa/pico/pico-sdk/src/rp2_common/hardware_timer/timer.c.obj
                0x1000193c                hardware_alarm_set_callback
 .text.hardware_alarm_set_target
                0x100019c8       0xd0 CMakeFiles/pwm_control.dir/home/andrey-shefa/pico/pico-sdk/src/rp2_common/hardware_timer/timer.c.obj
                0x100019c8                hardware_alarm_set_target
 .text.hardware_alarm_cancel
                0x10001a98       0x3c CMakeFiles/pwm_control.dir/home/andrey-shefa/pico/pico-sdk/src/rp2_common/hardware_timer/timer.c.obj
                0x10001a98                hardware_alarm_cancel
 .text.hardware_alarm_force_irq
                0x10001ad4       0x3c CMakeFiles/pwm_control.dir/home/andrey-shefa/pico/pico-sdk/src/rp2_common/hardware_timer/timer.c.obj
                0x10001ad4                hardware_alarm_force_irq
 .text.ph_merge_nodes
                0x10001b10       0x64 CMakeFiles/pwm_control.dir/home/andrey-shefa/pico/pico-sdk/src/common/pico_util/pheap.c.obj
 .text.ph_create
                0x10001b74       0x60 CMakeFiles/pwm_control.dir/home/andrey-shefa/pico/pico-sdk/src/common/pico_util/pheap.c.obj
                0x10001b74                ph_create
 .text.ph_post_alloc_init
                0x10001bd4       0x3c CMakeFiles/pwm_control.dir/home/andrey-shefa/pico/pico-sdk/src/common/pico_util/pheap.c.obj
                0x10001bd4                ph_post_alloc_init
 .text.ph_destroy
                0x10001c10       0x14 CMakeFiles/pwm_control.dir/home/andrey-shefa/pico/pico-sdk/src/common/pico_util/pheap.c.obj
                0x10001c10                ph_destroy
 .text.ph_merge_two_pass
                0x10001c24       0x98 CMakeFiles/pwm_control.dir/home/andrey-shefa/pico/pico-sdk/src/common/pico_util/pheap.c.obj
                0x10001c24                ph_merge_two_pass
 .text.ph_remove_any_head
                0x10001cbc      0x100 CMakeFiles/pwm_control.dir/home/andrey-shefa/pico/pico-sdk/src/common/pico_util/pheap.c.obj
 .text.ph_remove_head
                0x10001dbc      0x104 CMakeFiles/pwm_control.dir/home/andrey-shefa/pico/pico-sdk/src/common/pico_util/pheap.c.obj
                0x10001dbc                ph_remove_head
 .text.ph_remove_and_free_node
                0x10001ec0       0x78 CMakeFiles/pwm_control.dir/home/andrey-shefa/pico/pico-sdk/src/common/pico_util/pheap.c.obj
                0x10001ec0                ph_remove_and_free_node
 .text.clocks_init
                0x10001f38      0x2c8 CMakeFiles/pwm_control.dir/home/andrey-shefa/pico/pico-sdk/src/rp2_common/hardware_clocks/clocks.c.obj
                0x10001f38                clocks_init
 .text.clock_get_hz
                0x10002200        0xc CMakeFiles/pwm_control.dir/home/andrey-shefa/pico/pico-sdk/src/rp2_common/hardware_clocks/clocks.c.obj
                0x10002200                clock_get_hz
 .text.pll_init
                0x1000220c       0xa0 CMakeFiles/pwm_control.dir/home/andrey-shefa/pico/pico-sdk/src/rp2_common/hardware_pll/pll.c.obj
                0x1000220c                pll_init
 .text.watchdog_start_tick
                0x100022ac       0x10 CMakeFiles/pwm_control.dir/home/andrey-shefa/pico/pico-sdk/src/rp2_common/hardware_watchdog/watchdog.c.obj
                0x100022ac                watchdog_start_tick
 .text.watchdog_reboot
                0x100022bc       0x9c CMakeFiles/pwm_control.dir/home/andrey-shefa/pico/pico-sdk/src/rp2_common/hardware_watchdog/watchdog.c.obj
                0x100022bc                watchdog_reboot
 .text.xosc_init
                0x10002358       0x28 CMakeFiles/pwm_control.dir/home/andrey-shefa/pico/pico-sdk/src/rp2_common/hardware_xosc/xosc.c.obj
                0x10002358                xosc_init
 .text.runtime_init
                0x10002380       0xf0 CMakeFiles/pwm_control.dir/home/andrey-shefa/pico/pico-sdk/src/rp2_common/pico_runtime/runtime.c.obj
                0x10002380                runtime_init
 .text._exit    0x10002470        0x4 CMakeFiles/pwm_control.dir/home/andrey-shefa/pico/pico-sdk/src/rp2_common/pico_runtime/runtime.c.obj
                0x10002470                _exit
 .text._sbrk    0x10002474       0x34 CMakeFiles/pwm_control.dir/home/andrey-shefa/pico/pico-sdk/src/rp2_common/pico_runtime/runtime.c.obj
                0x10002474                _sbrk
 .text.exit     0x100024a8        0x8 CMakeFiles/pwm_control.dir/home/andrey-shefa/pico/pico-sdk/src/rp2_common/pico_runtime/runtime.c.obj
                0x100024a8                exit
 .text.panic    0x100024b0       0x30 CMakeFiles/pwm_control.dir/home/andrey-shefa/pico/pico-sdk/src/rp2_common/pico_runtime/runtime.c.obj
                0x100024b0                panic
 .text.hard_assertion_failure
                0x100024e0        0xc CMakeFiles/pwm_control.dir/home/andrey-shefa/pico/pico-sdk/src/rp2_common/pico_runtime/runtime.c.obj
                0x100024e0                hard_assertion_failure
 .text._out_null
                0x100024ec        0x4 CMakeFiles/pwm_control.dir/home/andrey-shefa/pico/pico-sdk/src/rp2_common/pico_printf/printf.c.obj
 .text._out_rev
                0x100024f0       0x90 CMakeFiles/pwm_control.dir/home/andrey-shefa/pico/pico-sdk/src/rp2_common/pico_printf/printf.c.obj
 .text._ntoa_format
                0x10002580      0x1f4 CMakeFiles/pwm_control.dir/home/andrey-shefa/pico/pico-sdk/src/rp2_common/pico_printf/printf.c.obj
 .text._out_char
                0x10002774       0x10 CMakeFiles/pwm_control.dir/home/andrey-shefa/pico/pico-sdk/src/rp2_common/pico_printf/printf.c.obj
 .text._out_fct
                0x10002784       0x10 CMakeFiles/pwm_control.dir/home/andrey-shefa/pico/pico-sdk/src/rp2_common/pico_printf/printf.c.obj
 .text._etoa    0x10002794      0x454 CMakeFiles/pwm_control.dir/home/andrey-shefa/pico/pico-sdk/src/rp2_common/pico_printf/printf.c.obj
 .text._ftoa    0x10002be8      0x3c4 CMakeFiles/pwm_control.dir/home/andrey-shefa/pico/pico-sdk/src/rp2_common/pico_printf/printf.c.obj
 .text._vsnprintf
                0x10002fac      0xb24 CMakeFiles/pwm_control.dir/home/andrey-shefa/pico/pico-sdk/src/rp2_common/pico_printf/printf.c.obj
 .text.vfctprintf
                0x10003ad0       0x20 CMakeFiles/pwm_control.dir/home/andrey-shefa/pico/pico-sdk/src/rp2_common/pico_printf/printf.c.obj
                0x10003ad0                vfctprintf
 .text.weak_raw_vprintf
                0x10003af0       0x30 CMakeFiles/pwm_control.dir/home/andrey-shefa/pico/pico-sdk/src/rp2_common/pico_printf/printf.c.obj
                0x10003af0                weak_raw_vprintf
 .text          0x10003b20       0x10 CMakeFiles/pwm_control.dir/home/andrey-shefa/pico/pico-sdk/src/rp2_common/pico_bit_ops/bit_ops_aeabi.S.obj
 .text.ctzsi    0x10003b30        0xc CMakeFiles/pwm_control.dir/home/andrey-shefa/pico/pico-sdk/src/rp2_common/pico_bit_ops/bit_ops_aeabi.S.obj
                0x10003b30                __wrap___ctzsi2
 .text.rom_func_lookup
                0x10003b3c       0x10 CMakeFiles/pwm_control.dir/home/andrey-shefa/pico/pico-sdk/src/rp2_common/pico_bootrom/bootrom.c.obj
                0x10003b3c                rom_func_lookup
 .text.rom_data_lookup
                0x10003b4c       0x10 CMakeFiles/pwm_control.dir/home/andrey-shefa/pico/pico-sdk/src/rp2_common/pico_bootrom/bootrom.c.obj
                0x10003b4c                rom_data_lookup
 .text.rom_funcs_lookup
                0x10003b5c       0x44 CMakeFiles/pwm_control.dir/home/andrey-shefa/pico/pico-sdk/src/rp2_common/pico_bootrom/bootrom.c.obj
                0x10003b5c                rom_funcs_lookup
 .text.__wrap___aeabi_idiv
                0x10003ba0       0x50 CMakeFiles/pwm_control.dir/home/andrey-shefa/pico/pico-sdk/src/rp2_common/pico_divider/divider.S.obj
                0x10003ba0                __wrap___aeabi_idivmod
                0x10003ba0                divmod_s32s32
                0x10003ba0                div_s32s32
                0x10003ba0                __wrap___aeabi_idiv
                0x10003ba8                divmod_s32s32_unsafe
                0x10003bd4                divmod_s32s32_savestate
 .text.__wrap___aeabi_uidiv
                0x10003bf0       0x4c CMakeFiles/pwm_control.dir/home/andrey-shefa/pico/pico-sdk/src/rp2_common/pico_divider/divider.S.obj
                0x10003bf0                __wrap___aeabi_uidiv
                0x10003bf0                __wrap___aeabi_uidivmod
                0x10003bf0                div_u32u32
                0x10003bf0                divmod_u32u32
                0x10003bf8                divmod_u32u32_unsafe
                0x10003c20                divmod_u32u32_savestate
 .text.__wrap___aeabi_ldiv
                0x10003c3c      0x424 CMakeFiles/pwm_control.dir/home/andrey-shefa/pico/pico-sdk/src/rp2_common/pico_divider/divider.S.obj
                0x10003c3c                div_s64s64
                0x10003c3c                divmod_s64s64
                0x10003c3c                __wrap___aeabi_ldivmod
                0x10003c6c                div_u64u64
                0x10003c6c                divmod_u64u64
                0x10003c6c                __wrap___aeabi_uldivmod
                0x10003c7c                divmod_u64u64_savestate
                0x10003c9c                divmod_s64s64_unsafe
                0x10003d24                divmod_u64u64_unsafe
 .text.__wrap___aeabi_darithmetic
                0x10004060       0x60 CMakeFiles/pwm_control.dir/home/andrey-shefa/pico/pico-sdk/src/rp2_common/pico_double/double_aeabi.S.obj
                0x10004060                __wrap___aeabi_drsub
                0x10004066                __wrap___aeabi_dsub
                0x10004070                __wrap___aeabi_dadd
                0x1000407a                __wrap___aeabi_ddiv
                0x100040ae                __wrap___aeabi_dmul
 .text.__wrap___aeabi_cdcmple
                0x100040c0       0x6c CMakeFiles/pwm_control.dir/home/andrey-shefa/pico/pico-sdk/src/rp2_common/pico_double/double_aeabi.S.obj
                0x100040c0                __wrap___aeabi_cdrcmple
                0x100040d0                __wrap___aeabi_cdcmple
                0x100040d0                __wrap___aeabi_cdcmpeq
 .text.__wrap___aeabi_dcmplt
                0x1000412c        0xc CMakeFiles/pwm_control.dir/home/andrey-shefa/pico/pico-sdk/src/rp2_common/pico_double/double_aeabi.S.obj
                0x1000412c                __wrap___aeabi_dcmplt
 .text.__wrap___aeabi_dcmpge
                0x10004138       0x10 CMakeFiles/pwm_control.dir/home/andrey-shefa/pico/pico-sdk/src/rp2_common/pico_double/double_aeabi.S.obj
                0x10004138                __wrap___aeabi_dcmpge
 .text.__wrap___aeabi_dcmpgt
                0x10004148        0xa CMakeFiles/pwm_control.dir/home/andrey-shefa/pico/pico-sdk/src/rp2_common/pico_double/double_aeabi.S.obj
                0x10004148                __wrap___aeabi_dcmpgt
 .text.__wrap___aeabi_dcmpun
                0x10004152       0x1c CMakeFiles/pwm_control.dir/home/andrey-shefa/pico/pico-sdk/src/rp2_common/pico_double/double_aeabi.S.obj
                0x10004152                __wrap___aeabi_dcmpun
 *fill*         0x1000416e        0x2 
 .text.__wrap___aeabi_i2d
                0x10004170       0x38 CMakeFiles/pwm_control.dir/home/andrey-shefa/pico/pico-sdk/src/rp2_common/pico_double/double_aeabi.S.obj
                0x10004170                __wrap___aeabi_ui2d
                0x10004178                __wrap___aeabi_i2d
 .text.__wrap___aeabi_d2iz
                0x100041a8       0x48 CMakeFiles/pwm_control.dir/home/andrey-shefa/pico/pico-sdk/src/rp2_common/pico_double/double_aeabi.S.obj
                0x100041a8                __wrap___aeabi_d2iz
                0x100041a8                double2int_z
 .text.__wrap___aeabi_d2uiz
                0x100041f0       0x10 CMakeFiles/pwm_control.dir/home/andrey-shefa/pico/pico-sdk/src/rp2_common/pico_double/double_aeabi.S.obj
                0x100041f0                double2uint
                0x100041f0                __wrap___aeabi_d2uiz
 .text.missing_double_func_shim
                0x10004200        0xc CMakeFiles/pwm_control.dir/home/andrey-shefa/pico/pico-sdk/src/rp2_common/pico_double/double_init_rom.c.obj
 .text.__aeabi_double_init
                0x1000420c       0x94 CMakeFiles/pwm_control.dir/home/andrey-shefa/pico/pico-sdk/src/rp2_common/pico_double/double_init_rom.c.obj
                0x1000420c                __aeabi_double_init
 .text.double_table_shim_on_use_helper
                0x100042a0       0x2c CMakeFiles/pwm_control.dir/home/andrey-shefa/pico/pico-sdk/src/rp2_common/pico_double/double_v1_rom_shim.S.obj
                0x100042a0                double_table_shim_on_use_helper
 .text.__aeabi_lmul
                0x100042cc       0x32 CMakeFiles/pwm_control.dir/home/andrey-shefa/pico/pico-sdk/src/rp2_common/pico_int64_ops/pico_int64_ops_aeabi.S.obj
                0x100042cc                __wrap___aeabi_lmul
 *fill*         0x100042fe        0x2 
 .text.missing_float_func_shim
                0x10004300        0xc CMakeFiles/pwm_control.dir/home/andrey-shefa/pico/pico-sdk/src/rp2_common/pico_float/float_init_rom.c.obj
 .text.__aeabi_float_init
                0x1000430c       0x5c CMakeFiles/pwm_control.dir/home/andrey-shefa/pico/pico-sdk/src/rp2_common/pico_float/float_init_rom.c.obj
                0x1000430c                __aeabi_float_init
 .text.__wrap_malloc
                0x10004368       0x3c CMakeFiles/pwm_control.dir/home/andrey-shefa/pico/pico-sdk/src/rp2_common/pico_malloc/pico_malloc.c.obj
                0x10004368                __wrap_malloc
 .text.__wrap_calloc
                0x100043a4       0x40 CMakeFiles/pwm_control.dir/home/andrey-shefa/pico/pico-sdk/src/rp2_common/pico_malloc/pico_malloc.c.obj
                0x100043a4                __wrap_calloc
 .text.__wrap_free
                0x100043e4       0x20 CMakeFiles/pwm_control.dir/home/andrey-shefa/pico/pico-sdk/src/rp2_common/pico_malloc/pico_malloc.c.obj
                0x100043e4                __wrap_free
 .text          0x10004404       0x10 CMakeFiles/pwm_control.dir/home/andrey-shefa/pico/pico-sdk/src/rp2_common/pico_mem_ops/mem_ops_aeabi.S.obj
                0x10004404                __aeabi_mem_init
 .text.memset   0x10004414        0xc CMakeFiles/pwm_control.dir/home/andrey-shefa/pico/pico-sdk/src/rp2_common/pico_mem_ops/mem_ops_aeabi.S.obj
                0x10004414                __wrap_memset
 .text.memcpy   0x10004420        0xc CMakeFiles/pwm_control.dir/home/andrey-shefa/pico/pico-sdk/src/rp2_common/pico_mem_ops/mem_ops_aeabi.S.obj
                0x10004420                __wrap___aeabi_memcpy
                0x10004420                __wrap_memcpy
 .text.stdio_out_chars_crlf
                0x1000442c       0xbc CMakeFiles/pwm_control.dir/home/andrey-shefa/pico/pico-sdk/src/rp2_common/pico_stdio/stdio.c.obj
 .text.stdio_buffered_printer
                0x100044e8       0x64 CMakeFiles/pwm_control.dir/home/andrey-shefa/pico/pico-sdk/src/rp2_common/pico_stdio/stdio.c.obj
 .text.__wrap_putchar
                0x1000454c       0x98 CMakeFiles/pwm_control.dir/home/andrey-shefa/pico/pico-sdk/src/rp2_common/pico_stdio/stdio.c.obj
                0x1000454c                __wrap_putchar
 .text.__wrap_puts
                0x100045e4       0xe0 CMakeFiles/pwm_control.dir/home/andrey-shefa/pico/pico-sdk/src/rp2_common/pico_stdio/stdio.c.obj
                0x100045e4                __wrap_puts
 .text.stdio_set_driver_enabled
                0x100046c4       0x30 CMakeFiles/pwm_control.dir/home/andrey-shefa/pico/pico-sdk/src/rp2_common/pico_stdio/stdio.c.obj
                0x100046c4                stdio_set_driver_enabled
 .text.__wrap_vprintf
                0x100046f4       0xd4 CMakeFiles/pwm_control.dir/home/andrey-shefa/pico/pico-sdk/src/rp2_common/pico_stdio/stdio.c.obj
                0x100046f4                __wrap_vprintf
 .text.__wrap_printf
                0x100047c8       0x18 CMakeFiles/pwm_control.dir/home/andrey-shefa/pico/pico-sdk/src/rp2_common/pico_stdio/stdio.c.obj
                0x100047c8                __wrap_printf
 .text.stdio_init_all
                0x100047e0        0x8 CMakeFiles/pwm_control.dir/home/andrey-shefa/pico/pico-sdk/src/rp2_common/pico_stdio/stdio.c.obj
                0x100047e0                stdio_init_all
 .text.resetd_init
                0x100047e8        0x4 CMakeFiles/pwm_control.dir/home/andrey-shefa/pico/pico-sdk/src/rp2_common/pico_stdio_usb/reset_interface.c.obj
 .text.resetd_reset
                0x100047ec        0xc CMakeFiles/pwm_control.dir/home/andrey-shefa/pico/pico-sdk/src/rp2_common/pico_stdio_usb/reset_interface.c.obj
 .text.resetd_open
                0x100047f8       0x28 CMakeFiles/pwm_control.dir/home/andrey-shefa/pico/pico-sdk/src/rp2_common/pico_stdio_usb/reset_interface.c.obj
 .text.resetd_xfer_cb
                0x10004820        0x4 CMakeFiles/pwm_control.dir/home/andrey-shefa/pico/pico-sdk/src/rp2_common/pico_stdio_usb/reset_interface.c.obj
 .text.resetd_control_xfer_cb
                0x10004824       0x60 CMakeFiles/pwm_control.dir/home/andrey-shefa/pico/pico-sdk/src/rp2_common/pico_stdio_usb/reset_interface.c.obj
 .text.usbd_app_driver_get_cb
                0x10004884        0xc CMakeFiles/pwm_control.dir/home/andrey-shefa/pico/pico-sdk/src/rp2_common/pico_stdio_usb/reset_interface.c.obj
                0x10004884                usbd_app_driver_get_cb
 .text.tud_cdc_line_coding_cb
                0x10004890       0x34 CMakeFiles/pwm_control.dir/home/andrey-shefa/pico/pico-sdk/src/rp2_common/pico_stdio_usb/reset_interface.c.obj
                0x10004890                tud_cdc_line_coding_cb
 .text.stdio_usb_set_chars_available_callback
                0x100048c4       0x14 CMakeFiles/pwm_control.dir/home/andrey-shefa/pico/pico-sdk/src/rp2_common/pico_stdio_usb/stdio_usb.c.obj
                0x100048c4                stdio_usb_set_chars_available_callback
 .text.usb_irq  0x100048d8       0x10 CMakeFiles/pwm_control.dir/home/andrey-shefa/pico/pico-sdk/src/rp2_common/pico_stdio_usb/stdio_usb.c.obj
 .text.timer_task
                0x100048e8       0x54 CMakeFiles/pwm_control.dir/home/andrey-shefa/pico/pico-sdk/src/rp2_common/pico_stdio_usb/stdio_usb.c.obj
 .text.stdio_usb_in_chars
                0x1000493c       0x90 CMakeFiles/pwm_control.dir/home/andrey-shefa/pico/pico-sdk/src/rp2_common/pico_stdio_usb/stdio_usb.c.obj
                0x1000493c                stdio_usb_in_chars
 .text.stdio_usb_out_chars
                0x100049cc      0x104 CMakeFiles/pwm_control.dir/home/andrey-shefa/pico/pico-sdk/src/rp2_common/pico_stdio_usb/stdio_usb.c.obj
 .text.low_priority_worker_irq
                0x10004ad0       0xa8 CMakeFiles/pwm_control.dir/home/andrey-shefa/pico/pico-sdk/src/rp2_common/pico_stdio_usb/stdio_usb.c.obj
 .text.tud_cdc_rx_cb
                0x10004b78       0x20 CMakeFiles/pwm_control.dir/home/andrey-shefa/pico/pico-sdk/src/rp2_common/pico_stdio_usb/stdio_usb.c.obj
                0x10004b78                tud_cdc_rx_cb
 .text.stdio_usb_init
                0x10004b98       0xe0 CMakeFiles/pwm_control.dir/home/andrey-shefa/pico/pico-sdk/src/rp2_common/pico_stdio_usb/stdio_usb.c.obj
                0x10004b98                stdio_usb_init
 .text.tud_descriptor_device_cb
                0x10004c78        0x8 CMakeFiles/pwm_control.dir/home/andrey-shefa/pico/pico-sdk/src/rp2_common/pico_stdio_usb/stdio_usb_descriptors.c.obj
                0x10004c78                tud_descriptor_device_cb
 .text.tud_descriptor_configuration_cb
                0x10004c80        0x8 CMakeFiles/pwm_control.dir/home/andrey-shefa/pico/pico-sdk/src/rp2_common/pico_stdio_usb/stdio_usb_descriptors.c.obj
                0x10004c80                tud_descriptor_configuration_cb
 .text.tud_descriptor_string_cb
                0x10004c88       0x78 CMakeFiles/pwm_control.dir/home/andrey-shefa/pico/pico-sdk/src/rp2_common/pico_stdio_usb/stdio_usb_descriptors.c.obj
                0x10004c88                tud_descriptor_string_cb
 .text.startup._retrieve_unique_id_on_boot
                0x10004d00       0x10 CMakeFiles/pwm_control.dir/home/andrey-shefa/pico/pico-sdk/src/rp2_common/pico_unique_id/unique_id.c.obj
 .text.pico_get_unique_board_id
                0x10004d10       0x10 CMakeFiles/pwm_control.dir/home/andrey-shefa/pico/pico-sdk/src/rp2_common/pico_unique_id/unique_id.c.obj
                0x10004d10                pico_get_unique_board_id
 .text.pico_get_unique_board_id_string
                0x10004d20      0x1a8 CMakeFiles/pwm_control.dir/home/andrey-shefa/pico/pico-sdk/src/rp2_common/pico_unique_id/unique_id.c.obj
                0x10004d20                pico_get_unique_board_id_string
 .text.flash_get_unique_id
                0x10004ec8       0x40 CMakeFiles/pwm_control.dir/home/andrey-shefa/pico/pico-sdk/src/rp2_common/hardware_flash/flash.c.obj
                0x10004ec8                flash_get_unique_id
 .text.dcd_int_enable
                0x10004f08        0xc CMakeFiles/pwm_control.dir/home/andrey-shefa/pico/pico-sdk/lib/tinyusb/src/portable/raspberrypi/rp2040/dcd_rp2040.c.obj
                0x10004f08                dcd_int_enable
 .text.dcd_set_address
                0x10004f14       0x14 CMakeFiles/pwm_control.dir/home/andrey-shefa/pico/pico-sdk/lib/tinyusb/src/portable/raspberrypi/rp2040/dcd_rp2040.c.obj
                0x10004f14                dcd_set_address
 .text.dcd_connect
                0x10004f28       0x10 CMakeFiles/pwm_control.dir/home/andrey-shefa/pico/pico-sdk/lib/tinyusb/src/portable/raspberrypi/rp2040/dcd_rp2040.c.obj
                0x10004f28                dcd_connect
 .text.dcd_init
                0x10004f38       0x98 CMakeFiles/pwm_control.dir/home/andrey-shefa/pico/pico-sdk/lib/tinyusb/src/portable/raspberrypi/rp2040/dcd_rp2040.c.obj
                0x10004f38                dcd_init
 .text.dcd_edpt0_status_complete
                0x10004fd0       0x1c CMakeFiles/pwm_control.dir/home/andrey-shefa/pico/pico-sdk/lib/tinyusb/src/portable/raspberrypi/rp2040/dcd_rp2040.c.obj
                0x10004fd0                dcd_edpt0_status_complete
 .text.dcd_edpt_open
                0x10004fec      0x108 CMakeFiles/pwm_control.dir/home/andrey-shefa/pico/pico-sdk/lib/tinyusb/src/portable/raspberrypi/rp2040/dcd_rp2040.c.obj
                0x10004fec                dcd_edpt_open
 .text.dcd_edpt_close_all
                0x100050f4        0x8 CMakeFiles/pwm_control.dir/home/andrey-shefa/pico/pico-sdk/lib/tinyusb/src/portable/raspberrypi/rp2040/dcd_rp2040.c.obj
                0x100050f4                dcd_edpt_close_all
 .text.dcd_edpt_xfer
                0x100050fc       0x24 CMakeFiles/pwm_control.dir/home/andrey-shefa/pico/pico-sdk/lib/tinyusb/src/portable/raspberrypi/rp2040/dcd_rp2040.c.obj
                0x100050fc                dcd_edpt_xfer
 .text.dcd_edpt_stall
                0x10005120       0x38 CMakeFiles/pwm_control.dir/home/andrey-shefa/pico/pico-sdk/lib/tinyusb/src/portable/raspberrypi/rp2040/dcd_rp2040.c.obj
                0x10005120                dcd_edpt_stall
 .text.dcd_edpt_clear_stall
                0x10005158       0x30 CMakeFiles/pwm_control.dir/home/andrey-shefa/pico/pico-sdk/lib/tinyusb/src/portable/raspberrypi/rp2040/dcd_rp2040.c.obj
                0x10005158                dcd_edpt_clear_stall
 .text.rp2040_usb_init
                0x10005188       0x4c CMakeFiles/pwm_control.dir/home/andrey-shefa/pico/pico-sdk/lib/tinyusb/src/portable/raspberrypi/rp2040/rp2040_usb.c.obj
                0x10005188                rp2040_usb_init
 .text.hw_endpoint_xfer_start
                0x100051d4       0x40 CMakeFiles/pwm_control.dir/home/andrey-shefa/pico/pico-sdk/lib/tinyusb/src/portable/raspberrypi/rp2040/rp2040_usb.c.obj
                0x100051d4                hw_endpoint_xfer_start
 .text.tud_mounted
                0x10005214       0x10 CMakeFiles/pwm_control.dir/home/andrey-shefa/pico/pico-sdk/lib/tinyusb/src/device/usbd.c.obj
                0x10005214                tud_mounted
 .text.tud_suspended
                0x10005224       0x10 CMakeFiles/pwm_control.dir/home/andrey-shefa/pico/pico-sdk/lib/tinyusb/src/device/usbd.c.obj
                0x10005224                tud_suspended
 .text.tud_inited
                0x10005234       0x14 CMakeFiles/pwm_control.dir/home/andrey-shefa/pico/pico-sdk/lib/tinyusb/src/device/usbd.c.obj
                0x10005234                tud_inited
 .text.tud_init
                0x10005248       0xd8 CMakeFiles/pwm_control.dir/home/andrey-shefa/pico/pico-sdk/lib/tinyusb/src/device/usbd.c.obj
                0x10005248                tud_init
 .text.tud_task_ext
                0x10005320      0x8a8 CMakeFiles/pwm_control.dir/home/andrey-shefa/pico/pico-sdk/lib/tinyusb/src/device/usbd.c.obj
                0x10005320                tud_task_ext
 .text.usbd_open_edpt_pair
                0x10005bc8       0x9c CMakeFiles/pwm_control.dir/home/andrey-shefa/pico/pico-sdk/lib/tinyusb/src/device/usbd.c.obj
                0x10005bc8                usbd_open_edpt_pair
 .text.usbd_defer_func
                0x10005c64       0x48 CMakeFiles/pwm_control.dir/home/andrey-shefa/pico/pico-sdk/lib/tinyusb/src/device/usbd.c.obj
                0x10005c64                usbd_defer_func
 .text.usbd_edpt_open
                0x10005cac       0x34 CMakeFiles/pwm_control.dir/home/andrey-shefa/pico/pico-sdk/lib/tinyusb/src/device/usbd.c.obj
                0x10005cac                usbd_edpt_open
 .text.usbd_edpt_claim
                0x10005ce0       0x28 CMakeFiles/pwm_control.dir/home/andrey-shefa/pico/pico-sdk/lib/tinyusb/src/device/usbd.c.obj
                0x10005ce0                usbd_edpt_claim
 .text.usbd_edpt_release
                0x10005d08       0x28 CMakeFiles/pwm_control.dir/home/andrey-shefa/pico/pico-sdk/lib/tinyusb/src/device/usbd.c.obj
                0x10005d08                usbd_edpt_release
 .text.usbd_edpt_xfer
                0x10005d30       0x4c CMakeFiles/pwm_control.dir/home/andrey-shefa/pico/pico-sdk/lib/tinyusb/src/device/usbd.c.obj
                0x10005d30                usbd_edpt_xfer
 .text.tud_control_status
                0x10005d7c       0x2c CMakeFiles/pwm_control.dir/home/andrey-shefa/pico/pico-sdk/lib/tinyusb/src/device/usbd_control.c.obj
                0x10005d7c                tud_control_status
 .text.tud_control_xfer
                0x10005da8       0xac CMakeFiles/pwm_control.dir/home/andrey-shefa/pico/pico-sdk/lib/tinyusb/src/device/usbd_control.c.obj
                0x10005da8                tud_control_xfer
 .text.usbd_control_reset
                0x10005e54       0x14 CMakeFiles/pwm_control.dir/home/andrey-shefa/pico/pico-sdk/lib/tinyusb/src/device/usbd_control.c.obj
                0x10005e54                usbd_control_reset
 .text.usbd_control_set_complete_callback
                0x10005e68        0xc CMakeFiles/pwm_control.dir/home/andrey-shefa/pico/pico-sdk/lib/tinyusb/src/device/usbd_control.c.obj
                0x10005e68                usbd_control_set_complete_callback
 .text.usbd_control_set_request
                0x10005e74       0x1c CMakeFiles/pwm_control.dir/home/andrey-shefa/pico/pico-sdk/lib/tinyusb/src/device/usbd_control.c.obj
                0x10005e74                usbd_control_set_request
 .text.usbd_control_xfer_cb
                0x10005e90       0xf4 CMakeFiles/pwm_control.dir/home/andrey-shefa/pico/pico-sdk/lib/tinyusb/src/device/usbd_control.c.obj
                0x10005e90                usbd_control_xfer_cb
 .text.tud_cdc_n_connected
                0x10005f84       0x30 CMakeFiles/pwm_control.dir/home/andrey-shefa/pico/pico-sdk/lib/tinyusb/src/class/cdc/cdc_device.c.obj
                0x10005f84                tud_cdc_n_connected
 .text.tud_cdc_n_available
                0x10005fb4       0x18 CMakeFiles/pwm_control.dir/home/andrey-shefa/pico/pico-sdk/lib/tinyusb/src/class/cdc/cdc_device.c.obj
                0x10005fb4                tud_cdc_n_available
 .text.tud_cdc_n_read
                0x10005fcc       0x70 CMakeFiles/pwm_control.dir/home/andrey-shefa/pico/pico-sdk/lib/tinyusb/src/class/cdc/cdc_device.c.obj
                0x10005fcc                tud_cdc_n_read
 .text.tud_cdc_n_write_flush
                0x1000603c       0x78 CMakeFiles/pwm_control.dir/home/andrey-shefa/pico/pico-sdk/lib/tinyusb/src/class/cdc/cdc_device.c.obj
                0x1000603c                tud_cdc_n_write_flush
 .text.tud_cdc_n_write
                0x100060b4       0x34 CMakeFiles/pwm_control.dir/home/andrey-shefa/pico/pico-sdk/lib/tinyusb/src/class/cdc/cdc_device.c.obj
                0x100060b4                tud_cdc_n_write
 .text.tud_cdc_n_write_available
                0x100060e8       0x18 CMakeFiles/pwm_control.dir/home/andrey-shefa/pico/pico-sdk/lib/tinyusb/src/class/cdc/cdc_device.c.obj
                0x100060e8                tud_cdc_n_write_available
 .text.cdcd_init
                0x10006100       0x7c CMakeFiles/pwm_control.dir/home/andrey-shefa/pico/pico-sdk/lib/tinyusb/src/class/cdc/cdc_device.c.obj
                0x10006100                cdcd_init
 .text.cdcd_reset
                0x1000617c       0x2c CMakeFiles/pwm_control.dir/home/andrey-shefa/pico/pico-sdk/lib/tinyusb/src/class/cdc/cdc_device.c.obj
                0x1000617c                cdcd_reset
 .text.cdcd_open
                0x100061a8       0xe4 CMakeFiles/pwm_control.dir/home/andrey-shefa/pico/pico-sdk/lib/tinyusb/src/class/cdc/cdc_device.c.obj
                0x100061a8                cdcd_open
 .text.cdcd_control_xfer_cb
                0x1000628c       0xe4 CMakeFiles/pwm_control.dir/home/andrey-shefa/pico/pico-sdk/lib/tinyusb/src/class/cdc/cdc_device.c.obj
                0x1000628c                cdcd_control_xfer_cb
 .text.cdcd_xfer_cb
                0x10006370      0x13c CMakeFiles/pwm_control.dir/home/andrey-shefa/pico/pico-sdk/lib/tinyusb/src/class/cdc/cdc_device.c.obj
                0x10006370                cdcd_xfer_cb
 .text.tusb_init
                0x100064ac        0xc CMakeFiles/pwm_control.dir/home/andrey-shefa/pico/pico-sdk/lib/tinyusb/src/tusb.c.obj
                0x100064ac                tusb_init
 .text.tusb_inited
                0x100064b8        0x8 CMakeFiles/pwm_control.dir/home/andrey-shefa/pico/pico-sdk/lib/tinyusb/src/tusb.c.obj
                0x100064b8                tusb_inited
 .text.tu_edpt_claim
                0x100064c0       0x50 CMakeFiles/pwm_control.dir/home/andrey-shefa/pico/pico-sdk/lib/tinyusb/src/tusb.c.obj
                0x100064c0                tu_edpt_claim
 .text.tu_edpt_release
                0x10006510       0x38 CMakeFiles/pwm_control.dir/home/andrey-shefa/pico/pico-sdk/lib/tinyusb/src/tusb.c.obj
                0x10006510                tu_edpt_release
 .text.tu_edpt_validate
                0x10006548       0x7c CMakeFiles/pwm_control.dir/home/andrey-shefa/pico/pico-sdk/lib/tinyusb/src/tusb.c.obj
                0x10006548                tu_edpt_validate
 .text.tu_edpt_bind_driver
                0x100065c4       0x34 CMakeFiles/pwm_control.dir/home/andrey-shefa/pico/pico-sdk/lib/tinyusb/src/tusb.c.obj
                0x100065c4                tu_edpt_bind_driver
 .text.tu_fifo_config
                0x100065f8       0x6c CMakeFiles/pwm_control.dir/home/andrey-shefa/pico/pico-sdk/lib/tinyusb/src/common/tusb_fifo.c.obj
                0x100065f8                tu_fifo_config
 .text.tu_fifo_count
                0x10006664       0x2c CMakeFiles/pwm_control.dir/home/andrey-shefa/pico/pico-sdk/lib/tinyusb/src/common/tusb_fifo.c.obj
                0x10006664                tu_fifo_count
 .text.tu_fifo_empty
                0x10006690       0x10 CMakeFiles/pwm_control.dir/home/andrey-shefa/pico/pico-sdk/lib/tinyusb/src/common/tusb_fifo.c.obj
                0x10006690                tu_fifo_empty
 .text.tu_fifo_remaining
                0x100066a0       0x2c CMakeFiles/pwm_control.dir/home/andrey-shefa/pico/pico-sdk/lib/tinyusb/src/common/tusb_fifo.c.obj
                0x100066a0                tu_fifo_remaining
 .text.tu_fifo_read
                0x100066cc       0x9c CMakeFiles/pwm_control.dir/home/andrey-shefa/pico/pico-sdk/lib/tinyusb/src/common/tusb_fifo.c.obj
                0x100066cc                tu_fifo_read
 .text.tu_fifo_read_n
                0x10006768       0xe8 CMakeFiles/pwm_control.dir/home/andrey-shefa/pico/pico-sdk/lib/tinyusb/src/common/tusb_fifo.c.obj
                0x10006768                tu_fifo_read_n
 .text.tu_fifo_write
                0x10006850       0x88 CMakeFiles/pwm_control.dir/home/andrey-shefa/pico/pico-sdk/lib/tinyusb/src/common/tusb_fifo.c.obj
                0x10006850                tu_fifo_write
 .text.tu_fifo_write_n
                0x100068d8      0x170 CMakeFiles/pwm_control.dir/home/andrey-shefa/pico/pico-sdk/lib/tinyusb/src/common/tusb_fifo.c.obj
                0x100068d8                tu_fifo_write_n
 .text.tu_fifo_clear
                0x10006a48       0x40 CMakeFiles/pwm_control.dir/home/andrey-shefa/pico/pico-sdk/lib/tinyusb/src/common/tusb_fifo.c.obj
                0x10006a48                tu_fifo_clear
 .text.tu_fifo_set_overwritable
                0x10006a88       0x48 CMakeFiles/pwm_control.dir/home/andrey-shefa/pico/pico-sdk/lib/tinyusb/src/common/tusb_fifo.c.obj
                0x10006a88                tu_fifo_set_overwritable
 .text.pio_sm_unclaim
                0x10006ad0       0x20 CMakeFiles/pwm_control.dir/home/andrey-shefa/pico/pico-sdk/src/rp2_common/hardware_pio/pio.c.obj
                0x10006ad0                pio_sm_unclaim
 .text.pio_claim_unused_sm
                0x10006af0       0x3c CMakeFiles/pwm_control.dir/home/andrey-shefa/pico/pico-sdk/src/rp2_common/hardware_pio/pio.c.obj
                0x10006af0                pio_claim_unused_sm
 .text.pio_can_add_program
                0x10006b2c       0x68 CMakeFiles/pwm_control.dir/home/andrey-shefa/pico/pico-sdk/src/rp2_common/hardware_pio/pio.c.obj
                0x10006b2c                pio_can_add_program
 .text.pio_add_program
                0x10006b94       0xf0 CMakeFiles/pwm_control.dir/home/andrey-shefa/pico/pico-sdk/src/rp2_common/hardware_pio/pio.c.obj
                0x10006b94                pio_add_program
 .text.pio_remove_program
                0x10006c84       0x34 CMakeFiles/pwm_control.dir/home/andrey-shefa/pico/pico-sdk/src/rp2_common/hardware_pio/pio.c.obj
                0x10006c84                pio_remove_program
 .text.pio_sm_set_pindirs_with_mask
                0x10006cb8       0xa8 CMakeFiles/pwm_control.dir/home/andrey-shefa/pico/pico-sdk/src/rp2_common/hardware_pio/pio.c.obj
                0x10006cb8                pio_sm_set_pindirs_with_mask
 .text.pio_sm_set_consecutive_pindirs
                0x10006d60       0xa8 CMakeFiles/pwm_control.dir/home/andrey-shefa/pico/pico-sdk/src/rp2_common/hardware_pio/pio.c.obj
                0x10006d60                pio_sm_set_consecutive_pindirs
 .text.cyw43_arch_wifi_connect_bssid_until.part.0
                0x10006e08       0xd8 CMakeFiles/pwm_control.dir/home/andrey-shefa/pico/pico-sdk/src/rp2_common/pico_cyw43_arch/cyw43_arch.c.obj
 .text.cyw43_arch_set_async_context
                0x10006ee0        0xc CMakeFiles/pwm_control.dir/home/andrey-shefa/pico/pico-sdk/src/rp2_common/pico_cyw43_arch/cyw43_arch.c.obj
                0x10006ee0                cyw43_arch_set_async_context
 .text.cyw43_arch_enable_sta_mode
                0x10006eec       0x1c CMakeFiles/pwm_control.dir/home/andrey-shefa/pico/pico-sdk/src/rp2_common/pico_cyw43_arch/cyw43_arch.c.obj
                0x10006eec                cyw43_arch_enable_sta_mode
 .text.cyw43_arch_wifi_connect_timeout_ms
                0x10006f08       0xa0 CMakeFiles/pwm_control.dir/home/andrey-shefa/pico/pico-sdk/src/rp2_common/pico_cyw43_arch/cyw43_arch.c.obj
                0x10006f08                cyw43_arch_wifi_connect_timeout_ms
 .text.cyw43_arch_gpio_put
                0x10006fa8       0x14 CMakeFiles/pwm_control.dir/home/andrey-shefa/pico/pico-sdk/src/rp2_common/pico_cyw43_arch/cyw43_arch.c.obj
                0x10006fa8                cyw43_arch_gpio_put
 .text.cyw43_arch_async_context
                0x10006fbc        0xc CMakeFiles/pwm_control.dir/home/andrey-shefa/pico/pico-sdk/src/rp2_common/pico_cyw43_arch/cyw43_arch.c.obj
                0x10006fbc                cyw43_arch_async_context
 .text.cyw43_arch_init
                0x10006fc8       0x74 CMakeFiles/pwm_control.dir/home/andrey-shefa/pico/pico-sdk/src/rp2_common/pico_cyw43_arch/cyw43_arch_threadsafe_background.c.obj
                0x10006fc8                cyw43_arch_init
 .text.ns_delay.constprop.0
                0x1000703c       0x20 CMakeFiles/pwm_control.dir/home/andrey-shefa/pico/pico-sdk/src/rp2_common/pico_cyw43_driver/cyw43_bus_pio_spi.c.obj
 .text.cyw43_spi_deinit
                0x1000705c       0x7c CMakeFiles/pwm_control.dir/home/andrey-shefa/pico/pico-sdk/src/rp2_common/pico_cyw43_driver/cyw43_bus_pio_spi.c.obj
                0x1000705c                cyw43_spi_deinit
 .text.cyw43_spi_init
                0x100070d8      0x14c CMakeFiles/pwm_control.dir/home/andrey-shefa/pico/pico-sdk/src/rp2_common/pico_cyw43_driver/cyw43_bus_pio_spi.c.obj
                0x100070d8                cyw43_spi_init
 .text.cyw43_spi_transfer
                0x10007224      0x3fc CMakeFiles/pwm_control.dir/home/andrey-shefa/pico/pico-sdk/src/rp2_common/pico_cyw43_driver/cyw43_bus_pio_spi.c.obj
                0x10007224                cyw43_spi_transfer
 .text.cyw43_spi_gpio_setup
                0x10007620       0x3c CMakeFiles/pwm_control.dir/home/andrey-shefa/pico/pico-sdk/src/rp2_common/pico_cyw43_driver/cyw43_bus_pio_spi.c.obj
                0x10007620                cyw43_spi_gpio_setup
 .text.cyw43_spi_reset
                0x1000765c       0x28 CMakeFiles/pwm_control.dir/home/andrey-shefa/pico/pico-sdk/src/rp2_common/pico_cyw43_driver/cyw43_bus_pio_spi.c.obj
                0x1000765c                cyw43_spi_reset
 .text.read_reg_u32_swap
                0x10007684       0x3c CMakeFiles/pwm_control.dir/home/andrey-shefa/pico/pico-sdk/src/rp2_common/pico_cyw43_driver/cyw43_bus_pio_spi.c.obj
                0x10007684                read_reg_u32_swap
 .text.cyw43_read_reg_u32
                0x100076c0       0x54 CMakeFiles/pwm_control.dir/home/andrey-shefa/pico/pico-sdk/src/rp2_common/pico_cyw43_driver/cyw43_bus_pio_spi.c.obj
                0x100076c0                cyw43_read_reg_u32
 .text.cyw43_read_reg_u16
                0x10007714       0x54 CMakeFiles/pwm_control.dir/home/andrey-shefa/pico/pico-sdk/src/rp2_common/pico_cyw43_driver/cyw43_bus_pio_spi.c.obj
                0x10007714                cyw43_read_reg_u16
 .text.cyw43_read_reg_u8
                0x10007768       0x54 CMakeFiles/pwm_control.dir/home/andrey-shefa/pico/pico-sdk/src/rp2_common/pico_cyw43_driver/cyw43_bus_pio_spi.c.obj
                0x10007768                cyw43_read_reg_u8
 .text.write_reg_u32_swap
                0x100077bc      0x1e8 CMakeFiles/pwm_control.dir/home/andrey-shefa/pico/pico-sdk/src/rp2_common/pico_cyw43_driver/cyw43_bus_pio_spi.c.obj
                0x100077bc                write_reg_u32_swap
 .text.cyw43_write_reg_u32
                0x100079a4      0x208 CMakeFiles/pwm_control.dir/home/andrey-shefa/pico/pico-sdk/src/rp2_common/pico_cyw43_driver/cyw43_bus_pio_spi.c.obj
                0x100079a4                cyw43_write_reg_u32
 .text.cyw43_write_reg_u16
                0x10007bac      0x208 CMakeFiles/pwm_control.dir/home/andrey-shefa/pico/pico-sdk/src/rp2_common/pico_cyw43_driver/cyw43_bus_pio_spi.c.obj
                0x10007bac                cyw43_write_reg_u16
 .text.cyw43_write_reg_u8
                0x10007db4      0x208 CMakeFiles/pwm_control.dir/home/andrey-shefa/pico/pico-sdk/src/rp2_common/pico_cyw43_driver/cyw43_bus_pio_spi.c.obj
                0x10007db4                cyw43_write_reg_u8
 .text.cyw43_read_bytes
                0x10007fbc       0x78 CMakeFiles/pwm_control.dir/home/andrey-shefa/pico/pico-sdk/src/rp2_common/pico_cyw43_driver/cyw43_bus_pio_spi.c.obj
                0x10007fbc                cyw43_read_bytes
 .text.cyw43_write_bytes
                0x10008034       0xdc CMakeFiles/pwm_control.dir/home/andrey-shefa/pico/pico-sdk/src/rp2_common/pico_cyw43_driver/cyw43_bus_pio_spi.c.obj
                0x10008034                cyw43_write_bytes
 .text.cyw43_set_backplane_window
                0x10008110       0x68 CMakeFiles/pwm_control.dir/home/andrey-shefa/pico/pico-sdk/lib/cyw43-driver/src/cyw43_ll.c.obj
 .text.cyw43_ll_parse_async_event
                0x10008178      0x134 CMakeFiles/pwm_control.dir/home/andrey-shefa/pico/pico-sdk/lib/cyw43-driver/src/cyw43_ll.c.obj
 .text.cyw43_kso_set
                0x100082ac       0x80 CMakeFiles/pwm_control.dir/home/andrey-shefa/pico/pico-sdk/lib/cyw43-driver/src/cyw43_ll.c.obj
 .text.cyw43_ll_sdpcm_poll_device
                0x1000832c      0x234 CMakeFiles/pwm_control.dir/home/andrey-shefa/pico/pico-sdk/lib/cyw43-driver/src/cyw43_ll.c.obj
 .text.cyw43_sdpcm_send_common
                0x10008560       0xf4 CMakeFiles/pwm_control.dir/home/andrey-shefa/pico/pico-sdk/lib/cyw43-driver/src/cyw43_ll.c.obj
 .text.cyw43_do_ioctl
                0x10008654      0x110 CMakeFiles/pwm_control.dir/home/andrey-shefa/pico/pico-sdk/lib/cyw43-driver/src/cyw43_ll.c.obj
 .text.cyw43_do_ioctl.constprop.0
                0x10008764      0x108 CMakeFiles/pwm_control.dir/home/andrey-shefa/pico/pico-sdk/lib/cyw43-driver/src/cyw43_ll.c.obj
 .text.cyw43_read_backplane.constprop.0
                0x1000886c       0xe4 CMakeFiles/pwm_control.dir/home/andrey-shefa/pico/pico-sdk/lib/cyw43-driver/src/cyw43_ll.c.obj
 .text.reset_device_core.constprop.0
                0x10008950      0x410 CMakeFiles/pwm_control.dir/home/andrey-shefa/pico/pico-sdk/lib/cyw43-driver/src/cyw43_ll.c.obj
 .text.cyw43_ll_init
                0x10008d60       0x1c CMakeFiles/pwm_control.dir/home/andrey-shefa/pico/pico-sdk/lib/cyw43-driver/src/cyw43_ll.c.obj
                0x10008d60                cyw43_ll_init
 .text.cyw43_ll_deinit
                0x10008d7c        0x8 CMakeFiles/pwm_control.dir/home/andrey-shefa/pico/pico-sdk/lib/cyw43-driver/src/cyw43_ll.c.obj
                0x10008d7c                cyw43_ll_deinit
 .text.cyw43_ll_send_ethernet
                0x10008d84       0x60 CMakeFiles/pwm_control.dir/home/andrey-shefa/pico/pico-sdk/lib/cyw43-driver/src/cyw43_ll.c.obj
                0x10008d84                cyw43_ll_send_ethernet
 .text.cyw43_ll_process_packets
                0x10008de4       0x54 CMakeFiles/pwm_control.dir/home/andrey-shefa/pico/pico-sdk/lib/cyw43-driver/src/cyw43_ll.c.obj
                0x10008de4                cyw43_ll_process_packets
 .text.cyw43_ll_ioctl
                0x10008e38       0x20 CMakeFiles/pwm_control.dir/home/andrey-shefa/pico/pico-sdk/lib/cyw43-driver/src/cyw43_ll.c.obj
                0x10008e38                cyw43_ll_ioctl
 .text.cyw43_ll_bus_sleep
                0x10008e58       0x34 CMakeFiles/pwm_control.dir/home/andrey-shefa/pico/pico-sdk/lib/cyw43-driver/src/cyw43_ll.c.obj
                0x10008e58                cyw43_ll_bus_sleep
 .text.cyw43_ll_bus_init
                0x10008e8c      0xbd0 CMakeFiles/pwm_control.dir/home/andrey-shefa/pico/pico-sdk/lib/cyw43-driver/src/cyw43_ll.c.obj
                0x10008e8c                cyw43_ll_bus_init
 .text.cyw43_ll_wifi_on
                0x10009a5c      0x238 CMakeFiles/pwm_control.dir/home/andrey-shefa/pico/pico-sdk/lib/cyw43-driver/src/cyw43_ll.c.obj
                0x10009a5c                cyw43_ll_wifi_on
 .text.cyw43_ll_wifi_get_mac
                0x10009c94       0x40 CMakeFiles/pwm_control.dir/home/andrey-shefa/pico/pico-sdk/lib/cyw43-driver/src/cyw43_ll.c.obj
                0x10009c94                cyw43_ll_wifi_get_mac
 .text.cyw43_ll_wifi_pm
                0x10009cd4      0x19c CMakeFiles/pwm_control.dir/home/andrey-shefa/pico/pico-sdk/lib/cyw43-driver/src/cyw43_ll.c.obj
                0x10009cd4                cyw43_ll_wifi_pm
 .text.cyw43_ll_wifi_join
                0x10009e70      0x2ec CMakeFiles/pwm_control.dir/home/andrey-shefa/pico/pico-sdk/lib/cyw43-driver/src/cyw43_ll.c.obj
                0x10009e70                cyw43_ll_wifi_join
 .text.cyw43_ll_wifi_set_wpa_auth
                0x1000a15c       0x2c CMakeFiles/pwm_control.dir/home/andrey-shefa/pico/pico-sdk/lib/cyw43-driver/src/cyw43_ll.c.obj
                0x1000a15c                cyw43_ll_wifi_set_wpa_auth
 .text.cyw43_ll_wifi_rejoin
                0x1000a188       0x1c CMakeFiles/pwm_control.dir/home/andrey-shefa/pico/pico-sdk/lib/cyw43-driver/src/cyw43_ll.c.obj
                0x1000a188                cyw43_ll_wifi_rejoin
 .text.cyw43_ll_wifi_ap_init
                0x1000a1a4      0x2c0 CMakeFiles/pwm_control.dir/home/andrey-shefa/pico/pico-sdk/lib/cyw43-driver/src/cyw43_ll.c.obj
                0x1000a1a4                cyw43_ll_wifi_ap_init
 .text.cyw43_ll_wifi_ap_set_up
                0x1000a464       0x54 CMakeFiles/pwm_control.dir/home/andrey-shefa/pico/pico-sdk/lib/cyw43-driver/src/cyw43_ll.c.obj
                0x1000a464                cyw43_ll_wifi_ap_set_up
 .text.cyw43_ll_gpio_set
                0x1000a4b8       0x6c CMakeFiles/pwm_control.dir/home/andrey-shefa/pico/pico-sdk/lib/cyw43-driver/src/cyw43_ll.c.obj
                0x1000a4b8                cyw43_ll_gpio_set
 .text.cyw43_ll_has_work
                0x1000a524       0x14 CMakeFiles/pwm_control.dir/home/andrey-shefa/pico/pico-sdk/lib/cyw43-driver/src/cyw43_ll.c.obj
                0x1000a524                cyw43_ll_has_work
 .text.cyw43_netif_init
                0x1000a538       0x3c CMakeFiles/pwm_control.dir/home/andrey-shefa/pico/pico-sdk/lib/cyw43-driver/src/cyw43_lwip.c.obj
 .text.cyw43_netif_output
                0x1000a574       0x34 CMakeFiles/pwm_control.dir/home/andrey-shefa/pico/pico-sdk/lib/cyw43-driver/src/cyw43_lwip.c.obj
 .text.cyw43_cb_tcpip_init
                0x1000a5a8      0x104 CMakeFiles/pwm_control.dir/home/andrey-shefa/pico/pico-sdk/lib/cyw43-driver/src/cyw43_lwip.c.obj
                0x1000a5a8                cyw43_cb_tcpip_init
 .text.cyw43_cb_tcpip_deinit
                0x1000a6ac       0x4c CMakeFiles/pwm_control.dir/home/andrey-shefa/pico/pico-sdk/lib/cyw43-driver/src/cyw43_lwip.c.obj
                0x1000a6ac                cyw43_cb_tcpip_deinit
 .text.cyw43_cb_process_ethernet
                0x1000a6f8       0x6c CMakeFiles/pwm_control.dir/home/andrey-shefa/pico/pico-sdk/lib/cyw43-driver/src/cyw43_lwip.c.obj
                0x1000a6f8                cyw43_cb_process_ethernet
 .text.cyw43_cb_tcpip_set_link_up
                0x1000a764       0x18 CMakeFiles/pwm_control.dir/home/andrey-shefa/pico/pico-sdk/lib/cyw43-driver/src/cyw43_lwip.c.obj
                0x1000a764                cyw43_cb_tcpip_set_link_up
 .text.cyw43_cb_tcpip_set_link_down
                0x1000a77c       0x18 CMakeFiles/pwm_control.dir/home/andrey-shefa/pico/pico-sdk/lib/cyw43-driver/src/cyw43_lwip.c.obj
                0x1000a77c                cyw43_cb_tcpip_set_link_down
 .text.cyw43_tcpip_link_status
                0x1000a794       0x34 CMakeFiles/pwm_control.dir/home/andrey-shefa/pico/pico-sdk/lib/cyw43-driver/src/cyw43_lwip.c.obj
                0x1000a794                cyw43_tcpip_link_status
 .text.cyw43_poll_func
                0x1000a7c8       0xc0 CMakeFiles/pwm_control.dir/home/andrey-shefa/pico/pico-sdk/lib/cyw43-driver/src/cyw43_ctrl.c.obj
 .text.cyw43_init
                0x1000a888       0x6c CMakeFiles/pwm_control.dir/home/andrey-shefa/pico/pico-sdk/lib/cyw43-driver/src/cyw43_ctrl.c.obj
                0x1000a888                cyw43_init
 .text.cyw43_deinit
                0x1000a8f4       0x90 CMakeFiles/pwm_control.dir/home/andrey-shefa/pico/pico-sdk/lib/cyw43-driver/src/cyw43_ctrl.c.obj
                0x1000a8f4                cyw43_deinit
 .text.cyw43_cb_read_host_interrupt_pin
                0x1000a984        0xc CMakeFiles/pwm_control.dir/home/andrey-shefa/pico/pico-sdk/lib/cyw43-driver/src/cyw43_ctrl.c.obj
                0x1000a984                cyw43_cb_read_host_interrupt_pin
 .text.cyw43_cb_ensure_awake
                0x1000a990        0xc CMakeFiles/pwm_control.dir/home/andrey-shefa/pico/pico-sdk/lib/cyw43-driver/src/cyw43_ctrl.c.obj
                0x1000a990                cyw43_cb_ensure_awake
 .text.cyw43_cb_process_async_event
                0x1000a99c      0x214 CMakeFiles/pwm_control.dir/home/andrey-shefa/pico/pico-sdk/lib/cyw43-driver/src/cyw43_ctrl.c.obj
                0x1000a99c                cyw43_cb_process_async_event
 .text.cyw43_send_ethernet
                0x1000abb0       0xc0 CMakeFiles/pwm_control.dir/home/andrey-shefa/pico/pico-sdk/lib/cyw43-driver/src/cyw43_ctrl.c.obj
                0x1000abb0                cyw43_send_ethernet
 .text.cyw43_wifi_get_mac
                0x1000ac70       0x10 CMakeFiles/pwm_control.dir/home/andrey-shefa/pico/pico-sdk/lib/cyw43-driver/src/cyw43_ctrl.c.obj
                0x1000ac70                cyw43_wifi_get_mac
 .text.cyw43_wifi_set_up
                0x1000ac80      0x308 CMakeFiles/pwm_control.dir/home/andrey-shefa/pico/pico-sdk/lib/cyw43-driver/src/cyw43_ctrl.c.obj
                0x1000ac80                cyw43_wifi_set_up
 .text.cyw43_wifi_link_status
                0x1000af88       0x3c CMakeFiles/pwm_control.dir/home/andrey-shefa/pico/pico-sdk/lib/cyw43-driver/src/cyw43_ctrl.c.obj
                0x1000af88                cyw43_wifi_link_status
 .text.cyw43_wifi_join
                0x1000afc4       0xf4 CMakeFiles/pwm_control.dir/home/andrey-shefa/pico/pico-sdk/lib/cyw43-driver/src/cyw43_ctrl.c.obj
                0x1000afc4                cyw43_wifi_join
 .text.cyw43_gpio_set
                0x1000b0b8       0xa0 CMakeFiles/pwm_control.dir/home/andrey-shefa/pico/pico-sdk/lib/cyw43-driver/src/cyw43_ctrl.c.obj
                0x1000b0b8                cyw43_gpio_set
 .text.dma_channel_unclaim
                0x1000b158       0x14 CMakeFiles/pwm_control.dir/home/andrey-shefa/pico/pico-sdk/src/rp2_common/hardware_dma/dma.c.obj
                0x1000b158                dma_channel_unclaim
 .text.dma_claim_unused_channel
                0x1000b16c       0x24 CMakeFiles/pwm_control.dir/home/andrey-shefa/pico/pico-sdk/src/rp2_common/hardware_dma/dma.c.obj
                0x1000b16c                dma_claim_unused_channel
 .text.dma_channel_cleanup
                0x1000b190       0x60 CMakeFiles/pwm_control.dir/home/andrey-shefa/pico/pico-sdk/src/rp2_common/hardware_dma/dma.c.obj
                0x1000b190                dma_channel_cleanup
 .text.cyw43_sleep_timeout_reached
                0x1000b1f0       0x10 CMakeFiles/pwm_control.dir/home/andrey-shefa/pico/pico-sdk/src/rp2_common/pico_cyw43_driver/cyw43_driver.c.obj
 .text.cyw43_irq_init
                0x1000b200       0x28 CMakeFiles/pwm_control.dir/home/andrey-shefa/pico/pico-sdk/src/rp2_common/pico_cyw43_driver/cyw43_driver.c.obj
                0x1000b200                cyw43_irq_init
 .text.cyw43_irq_deinit
                0x1000b228       0x20 CMakeFiles/pwm_control.dir/home/andrey-shefa/pico/pico-sdk/src/rp2_common/pico_cyw43_driver/cyw43_driver.c.obj
                0x1000b228                cyw43_irq_deinit
 .text.cyw43_gpio_irq_handler
                0x1000b248       0x44 CMakeFiles/pwm_control.dir/home/andrey-shefa/pico/pico-sdk/src/rp2_common/pico_cyw43_driver/cyw43_driver.c.obj
 .text.cyw43_do_poll
                0x1000b28c       0x70 CMakeFiles/pwm_control.dir/home/andrey-shefa/pico/pico-sdk/src/rp2_common/pico_cyw43_driver/cyw43_driver.c.obj
 .text.cyw43_post_poll_hook
                0x1000b2fc       0x10 CMakeFiles/pwm_control.dir/home/andrey-shefa/pico/pico-sdk/src/rp2_common/pico_cyw43_driver/cyw43_driver.c.obj
                0x1000b2fc                cyw43_post_poll_hook
 .text.cyw43_schedule_internal_poll_dispatch
                0x1000b30c       0x18 CMakeFiles/pwm_control.dir/home/andrey-shefa/pico/pico-sdk/src/rp2_common/pico_cyw43_driver/cyw43_driver.c.obj
                0x1000b30c                cyw43_schedule_internal_poll_dispatch
 .text.cyw43_driver_init
                0x1000b324       0x38 CMakeFiles/pwm_control.dir/home/andrey-shefa/pico/pico-sdk/src/rp2_common/pico_cyw43_driver/cyw43_driver.c.obj
                0x1000b324                cyw43_driver_init
 .text.cyw43_driver_deinit
                0x1000b35c       0x44 CMakeFiles/pwm_control.dir/home/andrey-shefa/pico/pico-sdk/src/rp2_common/pico_cyw43_driver/cyw43_driver.c.obj
                0x1000b35c                cyw43_driver_deinit
 .text.cyw43_hal_generate_laa_mac
                0x1000b3a0       0x28 CMakeFiles/pwm_control.dir/home/andrey-shefa/pico/pico-sdk/src/rp2_common/pico_cyw43_driver/cyw43_driver.c.obj
                0x1000b3a0                cyw43_hal_generate_laa_mac
 .text.cyw43_hal_get_mac
                0x1000b3c8       0x14 CMakeFiles/pwm_control.dir/home/andrey-shefa/pico/pico-sdk/src/rp2_common/pico_cyw43_driver/cyw43_driver.c.obj
                0x1000b3c8                cyw43_hal_get_mac
 .text.cyw43_thread_enter
                0x1000b3dc       0x14 CMakeFiles/pwm_control.dir/home/andrey-shefa/pico/pico-sdk/src/rp2_common/pico_cyw43_driver/cyw43_driver.c.obj
                0x1000b3dc                cyw43_thread_enter
 .text.cyw43_thread_exit
                0x1000b3f0       0x14 CMakeFiles/pwm_control.dir/home/andrey-shefa/pico/pico-sdk/src/rp2_common/pico_cyw43_driver/cyw43_driver.c.obj
                0x1000b3f0                cyw43_thread_exit
 .text.cyw43_await_background_or_timeout_us
                0x1000b404       0x34 CMakeFiles/pwm_control.dir/home/andrey-shefa/pico/pico-sdk/src/rp2_common/pico_cyw43_driver/cyw43_driver.c.obj
                0x1000b404                cyw43_await_background_or_timeout_us
 .text.cyw43_delay_ms
                0x1000b438       0x48 CMakeFiles/pwm_control.dir/home/andrey-shefa/pico/pico-sdk/src/rp2_common/pico_cyw43_driver/cyw43_driver.c.obj
                0x1000b438                cyw43_delay_ms
 .text.cyw43_delay_us
                0x1000b480       0x34 CMakeFiles/pwm_control.dir/home/andrey-shefa/pico/pico-sdk/src/rp2_common/pico_cyw43_driver/cyw43_driver.c.obj
                0x1000b480                cyw43_delay_us
 .text.handle_sync_func_call
                0x1000b4b4       0x24 CMakeFiles/pwm_control.dir/home/andrey-shefa/pico/pico-sdk/src/rp2_common/pico_async_context/async_context_threadsafe_background.c.obj
 .text.async_context_threadsafe_background_acquire_lock_blocking
                0x1000b4d8        0xc CMakeFiles/pwm_control.dir/home/andrey-shefa/pico/pico-sdk/src/rp2_common/pico_async_context/async_context_threadsafe_background.c.obj
 .text.process_under_lock
                0x1000b4e4       0xcc CMakeFiles/pwm_control.dir/home/andrey-shefa/pico/pico-sdk/src/rp2_common/pico_async_context/async_context_threadsafe_background.c.obj
 .text.async_context_threadsafe_background_deinit
                0x1000b5b0       0x64 CMakeFiles/pwm_control.dir/home/andrey-shefa/pico/pico-sdk/src/rp2_common/pico_async_context/async_context_threadsafe_background.c.obj
 .text.low_priority_irq_handler
                0x1000b614       0x3c CMakeFiles/pwm_control.dir/home/andrey-shefa/pico/pico-sdk/src/rp2_common/pico_async_context/async_context_threadsafe_background.c.obj
 .text.async_context_threadsafe_background_wait_for_work_until
                0x1000b650        0xc CMakeFiles/pwm_control.dir/home/andrey-shefa/pico/pico-sdk/src/rp2_common/pico_async_context/async_context_threadsafe_background.c.obj
 .text.async_context_threadsafe_background_wait_until
                0x1000b65c       0x1c CMakeFiles/pwm_control.dir/home/andrey-shefa/pico/pico-sdk/src/rp2_common/pico_async_context/async_context_threadsafe_background.c.obj
 .text.async_context_threadsafe_background_execute_sync
                0x1000b678       0xe4 CMakeFiles/pwm_control.dir/home/andrey-shefa/pico/pico-sdk/src/rp2_common/pico_async_context/async_context_threadsafe_background.c.obj
                0x1000b678                async_context_threadsafe_background_execute_sync
 .text.async_context_threadsafe_background_lock_check
                0x1000b75c       0x28 CMakeFiles/pwm_control.dir/home/andrey-shefa/pico/pico-sdk/src/rp2_common/pico_async_context/async_context_threadsafe_background.c.obj
 .text.async_context_threadsafe_background_set_work_pending
                0x1000b784       0x50 CMakeFiles/pwm_control.dir/home/andrey-shefa/pico/pico-sdk/src/rp2_common/pico_async_context/async_context_threadsafe_background.c.obj
 .text.alarm_handler
                0x1000b7d4       0x58 CMakeFiles/pwm_control.dir/home/andrey-shefa/pico/pico-sdk/src/rp2_common/pico_async_context/async_context_threadsafe_background.c.obj
 .text.async_context_threadsafe_background_release_lock
                0x1000b82c       0x7c CMakeFiles/pwm_control.dir/home/andrey-shefa/pico/pico-sdk/src/rp2_common/pico_async_context/async_context_threadsafe_background.c.obj
 .text.async_context_threadsafe_background_when_pending_worker
                0x1000b8a8       0x90 CMakeFiles/pwm_control.dir/home/andrey-shefa/pico/pico-sdk/src/rp2_common/pico_async_context/async_context_threadsafe_background.c.obj
 .text.async_context_threadsafe_background_add_at_time_worker
                0x1000b938       0x90 CMakeFiles/pwm_control.dir/home/andrey-shefa/pico/pico-sdk/src/rp2_common/pico_async_context/async_context_threadsafe_background.c.obj
 .text.async_context_threadsafe_background_remove_at_time_worker
                0x1000b9c8       0x90 CMakeFiles/pwm_control.dir/home/andrey-shefa/pico/pico-sdk/src/rp2_common/pico_async_context/async_context_threadsafe_background.c.obj
 .text.async_context_threadsafe_background_add_when_pending_worker
                0x1000ba58       0x90 CMakeFiles/pwm_control.dir/home/andrey-shefa/pico/pico-sdk/src/rp2_common/pico_async_context/async_context_threadsafe_background.c.obj
 .text.async_context_threadsafe_background_default_config
                0x1000bae8        0xc CMakeFiles/pwm_control.dir/home/andrey-shefa/pico/pico-sdk/src/rp2_common/pico_async_context/async_context_threadsafe_background.c.obj
                0x1000bae8                async_context_threadsafe_background_default_config
 .text.async_context_threadsafe_background_init
                0x1000baf4       0xa4 CMakeFiles/pwm_control.dir/home/andrey-shefa/pico/pico-sdk/src/rp2_common/pico_async_context/async_context_threadsafe_background.c.obj
                0x1000baf4                async_context_threadsafe_background_init
 .text.async_context_base_add_at_time_worker
                0x1000bb98       0x24 CMakeFiles/pwm_control.dir/home/andrey-shefa/pico/pico-sdk/src/rp2_common/pico_async_context/async_context_base.c.obj
                0x1000bb98                async_context_base_add_at_time_worker
 .text.async_context_base_remove_at_time_worker
                0x1000bbbc       0x28 CMakeFiles/pwm_control.dir/home/andrey-shefa/pico/pico-sdk/src/rp2_common/pico_async_context/async_context_base.c.obj
                0x1000bbbc                async_context_base_remove_at_time_worker
 .text.async_context_base_add_when_pending_worker
                0x1000bbe4       0x24 CMakeFiles/pwm_control.dir/home/andrey-shefa/pico/pico-sdk/src/rp2_common/pico_async_context/async_context_base.c.obj
                0x1000bbe4                async_context_base_add_when_pending_worker
 .text.async_context_base_remove_when_pending_worker
                0x1000bc08       0x28 CMakeFiles/pwm_control.dir/home/andrey-shefa/pico/pico-sdk/src/rp2_common/pico_async_context/async_context_base.c.obj
                0x1000bc08                async_context_base_remove_when_pending_worker
 .text.async_context_base_execute_once
                0x1000bc30       0xfc CMakeFiles/pwm_control.dir/home/andrey-shefa/pico/pico-sdk/src/rp2_common/pico_async_context/async_context_base.c.obj
                0x1000bc30                async_context_base_execute_once
 .text.async_context_base_needs_servicing
                0x1000bd2c       0x54 CMakeFiles/pwm_control.dir/home/andrey-shefa/pico/pico-sdk/src/rp2_common/pico_async_context/async_context_base.c.obj
                0x1000bd2c                async_context_base_needs_servicing
 .text.lwip_timeout_reached
                0x1000bd80        0x8 CMakeFiles/pwm_control.dir/home/andrey-shefa/pico/pico-sdk/src/rp2_common/pico_lwip/lwip_nosys.c.obj
 .text.update_next_timeout
                0x1000bd88       0x60 CMakeFiles/pwm_control.dir/home/andrey-shefa/pico/pico-sdk/src/rp2_common/pico_lwip/lwip_nosys.c.obj
 .text.lwip_nosys_init
                0x1000bde8       0x30 CMakeFiles/pwm_control.dir/home/andrey-shefa/pico/pico-sdk/src/rp2_common/pico_lwip/lwip_nosys.c.obj
                0x1000bde8                lwip_nosys_init
 .text.lwip_nosys_deinit
                0x1000be18       0x20 CMakeFiles/pwm_control.dir/home/andrey-shefa/pico/pico-sdk/src/rp2_common/pico_lwip/lwip_nosys.c.obj
                0x1000be18                lwip_nosys_deinit
 .text.sys_arch_protect
                0x1000be38        0x4 CMakeFiles/pwm_control.dir/home/andrey-shefa/pico/pico-sdk/src/rp2_common/pico_lwip/lwip_nosys.c.obj
                0x1000be38                sys_arch_protect
 .text.sys_arch_unprotect
                0x1000be3c        0x4 CMakeFiles/pwm_control.dir/home/andrey-shefa/pico/pico-sdk/src/rp2_common/pico_lwip/lwip_nosys.c.obj
                0x1000be3c                sys_arch_unprotect
 .text.sys_now  0x1000be40       0x20 CMakeFiles/pwm_control.dir/home/andrey-shefa/pico/pico-sdk/src/rp2_common/pico_lwip/lwip_nosys.c.obj
                0x1000be40                sys_now
 .text.splitmix64
                0x1000be60       0x58 CMakeFiles/pwm_control.dir/home/andrey-shefa/pico/pico-sdk/src/rp2_common/pico_rand/rand.c.obj
 .text.xoroshiro128ss
                0x1000beb8       0x90 CMakeFiles/pwm_control.dir/home/andrey-shefa/pico/pico-sdk/src/rp2_common/pico_rand/rand.c.obj
 .text.get_rand_64
                0x1000bf48      0x4a4 CMakeFiles/pwm_control.dir/home/andrey-shefa/pico/pico-sdk/src/rp2_common/pico_rand/rand.c.obj
                0x1000bf48                get_rand_64
 .text.get_rand_32
                0x1000c3ec        0x8 CMakeFiles/pwm_control.dir/home/andrey-shefa/pico/pico-sdk/src/rp2_common/pico_rand/rand.c.obj
                0x1000c3ec                get_rand_32
 .text.lwip_init
                0x1000c3f4       0x24 CMakeFiles/pwm_control.dir/home/andrey-shefa/pico/pico-sdk/lib/lwip/src/core/init.c.obj
                0x1000c3f4                lwip_init
 .text.lwip_htons
                0x1000c418        0x8 CMakeFiles/pwm_control.dir/home/andrey-shefa/pico/pico-sdk/lib/lwip/src/core/def.c.obj
                0x1000c418                lwip_htons
 .text.lwip_htonl
                0x1000c420        0x4 CMakeFiles/pwm_control.dir/home/andrey-shefa/pico/pico-sdk/lib/lwip/src/core/def.c.obj
                0x1000c420                lwip_htonl
 .text.dns_call_found
                0x1000c424      0x184 CMakeFiles/pwm_control.dir/home/andrey-shefa/pico/pico-sdk/lib/lwip/src/core/dns.c.obj
 .text.dns_send.isra.0
                0x1000c5a8      0x174 CMakeFiles/pwm_control.dir/home/andrey-shefa/pico/pico-sdk/lib/lwip/src/core/dns.c.obj
 .text.dns_init
                0x1000c71c        0x4 CMakeFiles/pwm_control.dir/home/andrey-shefa/pico/pico-sdk/lib/lwip/src/core/dns.c.obj
                0x1000c71c                dns_init
 .text.dns_setserver
                0x1000c720       0x24 CMakeFiles/pwm_control.dir/home/andrey-shefa/pico/pico-sdk/lib/lwip/src/core/dns.c.obj
                0x1000c720                dns_setserver
 .text.dns_tmr  0x1000c744      0x140 CMakeFiles/pwm_control.dir/home/andrey-shefa/pico/pico-sdk/lib/lwip/src/core/dns.c.obj
                0x1000c744                dns_tmr
 .text.lwip_standard_chksum
                0x1000c884       0xdc CMakeFiles/pwm_control.dir/home/andrey-shefa/pico/pico-sdk/lib/lwip/src/core/inet_chksum.c.obj
                0x1000c884                lwip_standard_chksum
 .text.inet_chksum_pseudo
                0x1000c960       0xbc CMakeFiles/pwm_control.dir/home/andrey-shefa/pico/pico-sdk/lib/lwip/src/core/inet_chksum.c.obj
                0x1000c960                inet_chksum_pseudo
 .text.ip_chksum_pseudo
                0x1000ca1c       0x10 CMakeFiles/pwm_control.dir/home/andrey-shefa/pico/pico-sdk/lib/lwip/src/core/inet_chksum.c.obj
                0x1000ca1c                ip_chksum_pseudo
 .text.inet_chksum_pseudo_partial
                0x1000ca2c       0xfc CMakeFiles/pwm_control.dir/home/andrey-shefa/pico/pico-sdk/lib/lwip/src/core/inet_chksum.c.obj
                0x1000ca2c                inet_chksum_pseudo_partial
 .text.ip_chksum_pseudo_partial
                0x1000cb28       0x14 CMakeFiles/pwm_control.dir/home/andrey-shefa/pico/pico-sdk/lib/lwip/src/core/inet_chksum.c.obj
                0x1000cb28                ip_chksum_pseudo_partial
 .text.inet_chksum
                0x1000cb3c        0xc CMakeFiles/pwm_control.dir/home/andrey-shefa/pico/pico-sdk/lib/lwip/src/core/inet_chksum.c.obj
                0x1000cb3c                inet_chksum
 .text.inet_chksum_pbuf
                0x1000cb48       0x78 CMakeFiles/pwm_control.dir/home/andrey-shefa/pico/pico-sdk/lib/lwip/src/core/inet_chksum.c.obj
                0x1000cb48                inet_chksum_pbuf
 .text.mem_init
                0x1000cbc0       0x3c CMakeFiles/pwm_control.dir/home/andrey-shefa/pico/pico-sdk/lib/lwip/src/core/mem.c.obj
                0x1000cbc0                mem_init
 .text.mem_free
                0x1000cbfc      0x130 CMakeFiles/pwm_control.dir/home/andrey-shefa/pico/pico-sdk/lib/lwip/src/core/mem.c.obj
                0x1000cbfc                mem_free
 .text.mem_trim
                0x1000cd2c       0xfc CMakeFiles/pwm_control.dir/home/andrey-shefa/pico/pico-sdk/lib/lwip/src/core/mem.c.obj
                0x1000cd2c                mem_trim
 .text.mem_malloc
                0x1000ce28      0x114 CMakeFiles/pwm_control.dir/home/andrey-shefa/pico/pico-sdk/lib/lwip/src/core/mem.c.obj
                0x1000ce28                mem_malloc
 .text.memp_init
                0x1000cf3c       0x6c CMakeFiles/pwm_control.dir/home/andrey-shefa/pico/pico-sdk/lib/lwip/src/core/memp.c.obj
                0x1000cf3c                memp_init
 .text.memp_malloc
                0x1000cfa8       0x40 CMakeFiles/pwm_control.dir/home/andrey-shefa/pico/pico-sdk/lib/lwip/src/core/memp.c.obj
                0x1000cfa8                memp_malloc
 .text.memp_free
                0x1000cfe8       0x38 CMakeFiles/pwm_control.dir/home/andrey-shefa/pico/pico-sdk/lib/lwip/src/core/memp.c.obj
                0x1000cfe8                memp_free
 .text.netif_null_output_ip4
                0x1000d020        0x8 CMakeFiles/pwm_control.dir/home/andrey-shefa/pico/pico-sdk/lib/lwip/src/core/netif.c.obj
 .text.netif_do_set_ipaddr.isra.0
                0x1000d028       0x60 CMakeFiles/pwm_control.dir/home/andrey-shefa/pico/pico-sdk/lib/lwip/src/core/netif.c.obj
 .text.netif_init
                0x1000d088        0x4 CMakeFiles/pwm_control.dir/home/andrey-shefa/pico/pico-sdk/lib/lwip/src/core/netif.c.obj
                0x1000d088                netif_init
 .text.netif_add
                0x1000d08c      0x16c CMakeFiles/pwm_control.dir/home/andrey-shefa/pico/pico-sdk/lib/lwip/src/core/netif.c.obj
                0x1000d08c                netif_add
 .text.netif_set_addr
                0x1000d1f8       0xb4 CMakeFiles/pwm_control.dir/home/andrey-shefa/pico/pico-sdk/lib/lwip/src/core/netif.c.obj
                0x1000d1f8                netif_set_addr
 .text.netif_remove
                0x1000d2ac       0x94 CMakeFiles/pwm_control.dir/home/andrey-shefa/pico/pico-sdk/lib/lwip/src/core/netif.c.obj
                0x1000d2ac                netif_remove
 .text.netif_set_default
                0x1000d340        0xc CMakeFiles/pwm_control.dir/home/andrey-shefa/pico/pico-sdk/lib/lwip/src/core/netif.c.obj
                0x1000d340                netif_set_default
 .text.netif_set_up
                0x1000d34c       0x40 CMakeFiles/pwm_control.dir/home/andrey-shefa/pico/pico-sdk/lib/lwip/src/core/netif.c.obj
                0x1000d34c                netif_set_up
 .text.netif_set_link_up
                0x1000d38c       0x44 CMakeFiles/pwm_control.dir/home/andrey-shefa/pico/pico-sdk/lib/lwip/src/core/netif.c.obj
                0x1000d38c                netif_set_link_up
 .text.netif_set_link_down
                0x1000d3d0       0x20 CMakeFiles/pwm_control.dir/home/andrey-shefa/pico/pico-sdk/lib/lwip/src/core/netif.c.obj
                0x1000d3d0                netif_set_link_down
 .text.netif_get_by_index
                0x1000d3f0       0x2c CMakeFiles/pwm_control.dir/home/andrey-shefa/pico/pico-sdk/lib/lwip/src/core/netif.c.obj
                0x1000d3f0                netif_get_by_index
 .text.pbuf_free.part.0
                0x1000d41c       0x7c CMakeFiles/pwm_control.dir/home/andrey-shefa/pico/pico-sdk/lib/lwip/src/core/pbuf.c.obj
 .text.pbuf_free_ooseq
                0x1000d498       0x34 CMakeFiles/pwm_control.dir/home/andrey-shefa/pico/pico-sdk/lib/lwip/src/core/pbuf.c.obj
                0x1000d498                pbuf_free_ooseq
 .text.pbuf_alloc
                0x1000d4cc      0x13c CMakeFiles/pwm_control.dir/home/andrey-shefa/pico/pico-sdk/lib/lwip/src/core/pbuf.c.obj
                0x1000d4cc                pbuf_alloc
 .text.pbuf_realloc
                0x1000d608       0x84 CMakeFiles/pwm_control.dir/home/andrey-shefa/pico/pico-sdk/lib/lwip/src/core/pbuf.c.obj
                0x1000d608                pbuf_realloc
 .text.pbuf_add_header
                0x1000d68c       0x50 CMakeFiles/pwm_control.dir/home/andrey-shefa/pico/pico-sdk/lib/lwip/src/core/pbuf.c.obj
                0x1000d68c                pbuf_add_header
 .text.pbuf_remove_header
                0x1000d6dc       0x3c CMakeFiles/pwm_control.dir/home/andrey-shefa/pico/pico-sdk/lib/lwip/src/core/pbuf.c.obj
                0x1000d6dc                pbuf_remove_header
 .text.pbuf_header_force
                0x1000d718       0x6c CMakeFiles/pwm_control.dir/home/andrey-shefa/pico/pico-sdk/lib/lwip/src/core/pbuf.c.obj
                0x1000d718                pbuf_header_force
 .text.pbuf_free
                0x1000d784       0x18 CMakeFiles/pwm_control.dir/home/andrey-shefa/pico/pico-sdk/lib/lwip/src/core/pbuf.c.obj
                0x1000d784                pbuf_free
 .text.pbuf_clen
                0x1000d79c       0x14 CMakeFiles/pwm_control.dir/home/andrey-shefa/pico/pico-sdk/lib/lwip/src/core/pbuf.c.obj
                0x1000d79c                pbuf_clen
 .text.pbuf_ref
                0x1000d7b0       0x28 CMakeFiles/pwm_control.dir/home/andrey-shefa/pico/pico-sdk/lib/lwip/src/core/pbuf.c.obj
                0x1000d7b0                pbuf_ref
 .text.pbuf_cat
                0x1000d7d8       0x44 CMakeFiles/pwm_control.dir/home/andrey-shefa/pico/pico-sdk/lib/lwip/src/core/pbuf.c.obj
                0x1000d7d8                pbuf_cat
 .text.pbuf_chain
                0x1000d81c       0x64 CMakeFiles/pwm_control.dir/home/andrey-shefa/pico/pico-sdk/lib/lwip/src/core/pbuf.c.obj
                0x1000d81c                pbuf_chain
 .text.pbuf_copy_partial_pbuf
                0x1000d880      0x130 CMakeFiles/pwm_control.dir/home/andrey-shefa/pico/pico-sdk/lib/lwip/src/core/pbuf.c.obj
                0x1000d880                pbuf_copy_partial_pbuf
 .text.pbuf_copy
                0x1000d9b0       0x18 CMakeFiles/pwm_control.dir/home/andrey-shefa/pico/pico-sdk/lib/lwip/src/core/pbuf.c.obj
                0x1000d9b0                pbuf_copy
 .text.pbuf_copy_partial
                0x1000d9c8       0x68 CMakeFiles/pwm_control.dir/home/andrey-shefa/pico/pico-sdk/lib/lwip/src/core/pbuf.c.obj
                0x1000d9c8                pbuf_copy_partial
 .text.pbuf_take
                0x1000da30       0x78 CMakeFiles/pwm_control.dir/home/andrey-shefa/pico/pico-sdk/lib/lwip/src/core/pbuf.c.obj
                0x1000da30                pbuf_take
 .text.pbuf_take_at
                0x1000daa8       0xcc CMakeFiles/pwm_control.dir/home/andrey-shefa/pico/pico-sdk/lib/lwip/src/core/pbuf.c.obj
                0x1000daa8                pbuf_take_at
 .text.pbuf_clone
                0x1000db74       0x30 CMakeFiles/pwm_control.dir/home/andrey-shefa/pico/pico-sdk/lib/lwip/src/core/pbuf.c.obj
                0x1000db74                pbuf_clone
 .text.pbuf_put_at
                0x1000dba4       0x1c CMakeFiles/pwm_control.dir/home/andrey-shefa/pico/pico-sdk/lib/lwip/src/core/pbuf.c.obj
                0x1000dba4                pbuf_put_at
 .text.raw_input
                0x1000dbc0       0xfc CMakeFiles/pwm_control.dir/home/andrey-shefa/pico/pico-sdk/lib/lwip/src/core/raw.c.obj
                0x1000dbc0                raw_input
 .text.raw_netif_ip_addr_changed
                0x1000dcbc       0x40 CMakeFiles/pwm_control.dir/home/andrey-shefa/pico/pico-sdk/lib/lwip/src/core/raw.c.obj
                0x1000dcbc                raw_netif_ip_addr_changed
 .text.stats_init
                0x1000dcfc        0x4 CMakeFiles/pwm_control.dir/home/andrey-shefa/pico/pico-sdk/lib/lwip/src/core/stats.c.obj
                0x1000dcfc                stats_init
 .text.tcp_close_shutdown_fin
                0x1000dd00       0x58 CMakeFiles/pwm_control.dir/home/andrey-shefa/pico/pico-sdk/lib/lwip/src/core/tcp.c.obj
 .text.tcp_pcb_purge.part.0
                0x1000dd58       0xc4 CMakeFiles/pwm_control.dir/home/andrey-shefa/pico/pico-sdk/lib/lwip/src/core/tcp.c.obj
 .text.tcp_init
                0x1000de1c       0x20 CMakeFiles/pwm_control.dir/home/andrey-shefa/pico/pico-sdk/lib/lwip/src/core/tcp.c.obj
                0x1000de1c                tcp_init
 .text.tcp_free
                0x1000de3c       0x1c CMakeFiles/pwm_control.dir/home/andrey-shefa/pico/pico-sdk/lib/lwip/src/core/tcp.c.obj
                0x1000de3c                tcp_free
 .text.tcp_update_rcv_ann_wnd
                0x1000de58       0x58 CMakeFiles/pwm_control.dir/home/andrey-shefa/pico/pico-sdk/lib/lwip/src/core/tcp.c.obj
                0x1000de58                tcp_update_rcv_ann_wnd
 .text.tcp_recved
                0x1000deb0       0x98 CMakeFiles/pwm_control.dir/home/andrey-shefa/pico/pico-sdk/lib/lwip/src/core/tcp.c.obj
                0x1000deb0                tcp_recved
 .text.tcp_slowtmr
                0x1000df48      0x534 CMakeFiles/pwm_control.dir/home/andrey-shefa/pico/pico-sdk/lib/lwip/src/core/tcp.c.obj
                0x1000df48                tcp_slowtmr
 .text.tcp_segs_free
                0x1000e47c       0x38 CMakeFiles/pwm_control.dir/home/andrey-shefa/pico/pico-sdk/lib/lwip/src/core/tcp.c.obj
                0x1000e47c                tcp_segs_free
 .text.tcp_seg_free
                0x1000e4b4       0x1c CMakeFiles/pwm_control.dir/home/andrey-shefa/pico/pico-sdk/lib/lwip/src/core/tcp.c.obj
                0x1000e4b4                tcp_seg_free
 .text.tcp_seg_copy
                0x1000e4d0       0x2c CMakeFiles/pwm_control.dir/home/andrey-shefa/pico/pico-sdk/lib/lwip/src/core/tcp.c.obj
                0x1000e4d0                tcp_seg_copy
 .text.tcp_pcb_purge
                0x1000e4fc       0x18 CMakeFiles/pwm_control.dir/home/andrey-shefa/pico/pico-sdk/lib/lwip/src/core/tcp.c.obj
                0x1000e4fc                tcp_pcb_purge
 .text.tcp_pcb_remove
                0x1000e514       0xc8 CMakeFiles/pwm_control.dir/home/andrey-shefa/pico/pico-sdk/lib/lwip/src/core/tcp.c.obj
                0x1000e514                tcp_pcb_remove
 .text.tcp_abandon
                0x1000e5dc      0x1a4 CMakeFiles/pwm_control.dir/home/andrey-shefa/pico/pico-sdk/lib/lwip/src/core/tcp.c.obj
                0x1000e5dc                tcp_abandon
 .text.tcp_abort
                0x1000e780        0xc CMakeFiles/pwm_control.dir/home/andrey-shefa/pico/pico-sdk/lib/lwip/src/core/tcp.c.obj
                0x1000e780                tcp_abort
 .text.tcp_alloc
                0x1000e78c      0x1d4 CMakeFiles/pwm_control.dir/home/andrey-shefa/pico/pico-sdk/lib/lwip/src/core/tcp.c.obj
                0x1000e78c                tcp_alloc
 .text.tcp_close_shutdown
                0x1000e960      0x18c CMakeFiles/pwm_control.dir/home/andrey-shefa/pico/pico-sdk/lib/lwip/src/core/tcp.c.obj
 .text.tcp_recv_null
                0x1000eaec       0xcc CMakeFiles/pwm_control.dir/home/andrey-shefa/pico/pico-sdk/lib/lwip/src/core/tcp.c.obj
                0x1000eaec                tcp_recv_null
 .text.tcp_process_refused_data
                0x1000ebb8       0x78 CMakeFiles/pwm_control.dir/home/andrey-shefa/pico/pico-sdk/lib/lwip/src/core/tcp.c.obj
                0x1000ebb8                tcp_process_refused_data
 .text.tcp_fasttmr
                0x1000ec30       0x98 CMakeFiles/pwm_control.dir/home/andrey-shefa/pico/pico-sdk/lib/lwip/src/core/tcp.c.obj
                0x1000ec30                tcp_fasttmr
 .text.tcp_tmr  0x1000ecc8       0x20 CMakeFiles/pwm_control.dir/home/andrey-shefa/pico/pico-sdk/lib/lwip/src/core/tcp.c.obj
                0x1000ecc8                tcp_tmr
 .text.tcp_next_iss
                0x1000ece8       0x28 CMakeFiles/pwm_control.dir/home/andrey-shefa/pico/pico-sdk/lib/lwip/src/core/tcp.c.obj
                0x1000ece8                tcp_next_iss